[timer] -- ate readparameter          0.006 s
[dedup] 1 presenca (tabela)            3.272 s
[dedup] 2 escolha do nsymm             0.771 s
[dedup] 3 indice de cada trio          1.425 s
[timer] C indexa natoms^3             5.586 s
[timer] D estatisticas                0.027 s
[timer] symtrivert TOTAL              5.613 s
[timer] symdblvert                    0.041 s
[timer]   precut vibracionais         0.001 s
[timer]   precut rotacionais          0.012 s
[timer]   precut esfericas+cortes     1.348 s
[timer]   precut alltrievent          1.861 s
[timer]   precut maximo do pemeven    0.167 s
[timer]   precut   (pathcut: subida)    0.883 s
[timer]   precut   (pathcut: passos)    1.424 s
[timer]   precut pathcut msorder x natoms^3    0.596 s
[timer]   precut   (estatisticas: laco)    0.049 s
[timer]   precut   (estatisticas: resto e saida)    0.025 s
[timer]   precut estatisticas+alocacoes    0.063 s
[timer] precutable                    6.429 s
[timer] sendjobs/receivejobs          0.000 s
[timer]   (antes de maketripar)       0.058 s
[timer]   maketripar                  0.114 s
[timer]   makedblpar                  0.001 s
[timer]   allrotation natoms^3        0.000 s
[timer]   alltrievent(0) do laco      0.300 s
[timer]   gpu: preparo do host        0.000 s
[timer]   gpu: mscdgpu_setup (contexto + tabelas)    0.005 s
GPU summation: 1743 pares, 7767 trios, 34422 slots, 3 emissores, 3.9 MB de produtos
[timer]   gpu: setup_summation (trios, slots, itens)    0.012 s
GPU: pronta (515782 pares, radim=15, alnum=20, rlnum=20, lamdum=25, betanum=361, halnum=20, handata=101, cmnum=5, nkind=2)
[hist] visitas potenciais (m,ia,ib,ic) 5355553086
[hist]   podados por tevencut (par ia,ib) 5353874577  99.97%
[hist]   podados por evedim<1 ou ic==ib   1670742   0.03%
[hist]   evedim= 1          2343 trios   0.00% das visitas          2343 MACs
[hist]   evedim= 3          3860 trios   0.00% das visitas         34740 MACs
[hist]   evedim= 6           279 trios   0.00% das visitas         10044 MACs
[hist]   evedim=10            90 trios   0.00% das visitas          9000 MACs
[hist]   evedim=15          1195 trios   0.00% das visitas        268875 MACs
[acc rank 0] dentro do laco dos pontos  soma dos trechos   14.095 s
[acc rank 0]   thetainside                       0.003 s    0.02%       3895 chamadas
[acc rank 0]   alldblevent                       1.833 s   13.01%       3895 chamadas
[acc rank 0]   allevendetec                      3.232 s   22.93%       3895 chamadas
[acc rank 0]   summation: laco de m (gpu)        0.205 s    1.45%       3895 chamadas
[acc rank 0]   summation: bloco final (onevenemit)    6.660 s   47.25%       3895 chamadas
[acc rank 0]   summation: espera da placa        0.279 s    1.98%       3895 chamadas
[acc rank 0]   summation: somas finais           1.883 s   13.36%       3895 chamadas
[timer] laco dos 779 pontos          14.627 s
