[timer] -- ate readparameter          0.006 s
[dedup] 1a assinaturas (local)         8.017 s
[dedup] 1b uniao das fatias            0.578 s
[dedup] 2 escolha do nsymm             0.489 s
[dedup] 3 indice de cada trio          8.799 s
[timer] C indexa natoms^3            17.985 s
[timer] D estatisticas                0.025 s
[timer] symtrivert TOTAL             18.011 s
[timer] symdblvert                    0.037 s
[timer]   precut vibracionais         0.001 s
[timer]   precut rotacionais          0.012 s
[timer]   precut esfericas+cortes     1.245 s
[timer]   precut alltrievent          1.713 s
[timer]   precut maximo do pemeven    0.140 s
[timer]   precut pathcut msorder x natoms^3    5.756 s
[timer]   precut estatisticas+alocacoes   10.135 s
[timer] precutable                   19.002 s
[timer] sendjobs/receivejobs          0.000 s
[timer]   (antes de maketripar)       0.054 s
[timer]   maketripar                  0.116 s
[timer]   makedblpar                  0.001 s
[timer]   allrotation natoms^3        0.000 s
[timer]   alltrievent(0) do laco      0.307 s
[timer]   gpu: preparo do host        0.000 s
[timer]   gpu: mscdgpu_setup (contexto + tabelas)    0.005 s
GPU summation: 1743 pares, 7767 trios, 34422 slots, 3 emissores, 3.9 MB de produtos
[timer]   gpu: setup_summation (trios, slots, itens)    0.012 s
GPU: pronta (515782 pares, radim=15, alnum=20, rlnum=20, lamdum=25, betanum=361, halnum=20, handata=101, cmnum=5, nkind=2)
[hist] visitas potenciais (m,ia,ib,ic) 5355553086
[hist]   podados por tevencut (par ia,ib) 5353874577  99.97%
[hist]   podados por evedim<1 ou ic==ib   1670742   0.03%
[hist]   evedim= 1          2343 trios   0.00% das visitas          2343 MACs
[hist]   evedim= 3          3860 trios   0.00% das visitas         34740 MACs
[hist]   evedim= 6           279 trios   0.00% das visitas         10044 MACs
[hist]   evedim=10            90 trios   0.00% das visitas          9000 MACs
[hist]   evedim=15          1195 trios   0.00% das visitas        268875 MACs
[acc rank 0] dentro do laco dos pontos  soma dos trechos   11.861 s
[acc rank 0]   thetainside                       0.002 s    0.02%       3895 chamadas
[acc rank 0]   alldblevent                       1.923 s   16.22%       3895 chamadas
[acc rank 0]   allevendetec                      3.242 s   27.33%       3895 chamadas
[acc rank 0]   summation: laco de m (gpu)        0.145 s    1.22%       3895 chamadas
[acc rank 0]   summation: bloco final (onevenemit)    4.819 s   40.63%       3895 chamadas
[acc rank 0]   summation: espera da placa        0.248 s    2.09%       3895 chamadas
[acc rank 0]   summation: somas finais           1.482 s   12.49%       3895 chamadas
[timer] laco dos 779 pontos          12.382 s
