GPU summation: 1743 pares, 7767 trios, 34422 slots, 3 emissores, 3.9 MB de produtos
GPU: pronta (515782 pares, radim=15, alnum=20, rlnum=20, lamdum=25, betanum=361, halnum=20, handata=101, cmnum=5, nkind=2)
	Command being timed: "mpirun --use-hwthread-cpus --bind-to none -np 1 ./randmscd_gpu gw/c963_mem.in"
	User time (seconds): 441.26
	System time (seconds): 6.07
	Percent of CPU this job got: 807%
	Elapsed (wall clock) time (h:mm:ss or m:ss): 0:55.37
	Average shared text size (kbytes): 0
	Average unshared data size (kbytes): 0
	Average stack size (kbytes): 0
	Average total size (kbytes): 0
	Maximum resident set size (kbytes): 8231764
	Average resident set size (kbytes): 0
	Major (requiring I/O) page faults: 1
	Minor (reclaiming a frame) page faults: 2633514
	Voluntary context switches: 213411
	Involuntary context switches: 46980
	Swaps: 0
	File system inputs: 144
	File system outputs: 896
	Socket messages sent: 0
	Socket messages received: 0
	Signals delivered: 0
	Page size (bytes): 4096
	Exit status: 0
