[timer] -- ate readparameter          0.006 s
[dedup] 1 presenca (tabela)            2.230 s
[dedup] 2 escolha do nsymm             0.605 s
[dedup] 3 indice de cada trio          1.295 s
[timer] C indexa natoms^3             4.246 s
[timer] D estatisticas                0.028 s
[timer] symtrivert TOTAL              4.275 s
[timer] symdblvert                    0.037 s
[timer]   precut vibracionais         0.001 s
[timer]   precut rotacionais          0.012 s
[timer]   precut esfericas+cortes     0.205 s
[alltri] 15821 cabecas de 7805826 trios
[timer]   precut   (alltrievent: cabecas em serie)    0.354 s
[timer]   precut   (alltrievent: cadeias em paralelo)    1.258 s
[timer]   precut alltrievent          1.612 s
[timer]   precut maximo do pemeven    0.131 s
[timer]   precut   (pathcut: subida)    0.881 s
[timer]   precut   (pathcut: passos)    1.414 s
[timer]   precut pathcut msorder x natoms^3    0.020 s
[timer]   precut   (estatisticas: laco)    0.048 s
[timer]   precut   (estatisticas: resto e saida)    0.023 s
[timer]   precut estatisticas+alocacoes    0.069 s
[timer] precutable                    4.416 s
[timer] sendjobs/receivejobs          0.000 s
[timer]   (antes de maketripar)       0.067 s
[timer]   maketripar                  0.113 s
[timer]   makedblpar                  0.001 s
[timer]   allrotation natoms^3        0.000 s
[timer]   alltrievent(0) do laco      0.293 s
[timer]   gpu: preparo do host        0.000 s
[timer]   gpu: mscdgpu_setup (contexto + tabelas)    0.005 s
GPU: U com 7941 de 926406 posicoes, 5205 de 515782 pares distintos
GPU summation: 1743 pares, 7767 trios, 34422 slots, 3 emissores, 3.9 MB de produtos
[timer]   gpu: setup_summation (trios, slots, itens)    0.013 s
GPU: pronta (515782 pares, radim=15, alnum=20, rlnum=20, lamdum=25, betanum=361, halnum=20, handata=101, cmnum=5, nkind=2)
[hist] visitas potenciais (m,ia,ib,ic) 5355553086
[hist]   podados por tevencut (par ia,ib) 5353874577  99.97%
[hist]   podados por evedim<1 ou ic==ib   1670742   0.03%
[hist]   evedim= 1          2343 trios   0.00% das visitas          2343 MACs
[hist]   evedim= 3          3860 trios   0.00% das visitas         34740 MACs
[hist]   evedim= 6           279 trios   0.00% das visitas         10044 MACs
[hist]   evedim=10            90 trios   0.00% das visitas          9000 MACs
[hist]   evedim=15          1195 trios   0.00% das visitas        268875 MACs
[acc rank 0] dentro do laco dos pontos  soma dos trechos    5.010 s
[acc rank 0]   thetainside                       0.002 s    0.03%       3895 chamadas
[acc rank 0]   alldblevent                       0.125 s    2.50%       3895 chamadas
[acc rank 0]   allevendetec                      0.278 s    5.54%       3895 chamadas
[acc rank 0]   summation: laco de m (gpu)        0.134 s    2.67%       3895 chamadas
[acc rank 0]   summation: bloco final (onevenemit)    3.773 s   75.32%       3895 chamadas
[acc rank 0]   summation: espera da placa        0.091 s    1.82%       3895 chamadas
[acc rank 0]   summation: somas finais           0.607 s   12.11%       3895 chamadas
[timer] laco dos 779 pontos           5.523 s
