   223    26     0     datakind beginning-row multi-curves
-----------------------------------------------------------------
Calculation of photoelectron diffraction and dichroism
MSCD Parallel  Version 1.37 Yufeng Chen and Michel A Van Hove
Lawrence Berkeley National Laboratory (LBNL), Berkeley, CA 94720
Copyright (c) Van Hove Group 1997-1998. All rights reserved
-----------------------------------------------------------------
 angle-resolved photoemission extended fine structure (ARPEFS)
 multiple scattering calculation of Ag(111)-3d
 calculated by Guilherme (IFGW) on Oct  9, 2026

   initial angular momentum (li) = 1   msorder=  8   raorder= 4
   photon polarization angle (polar,azimuth) =(  30.0   0.0 ) (deg)

   radius, depth and lattice constant=  15.0,  30.0 and   4.09 angstrom
   cluster size= 963 atoms and spacings=  0.00  2.17  2.17  1.76 angs
   inner potential=  0.1 V  debye and sample temperature= 174, 300 K
   number of valence electrons=   9     bandgap energy=   0.00 eV
   density of bulk=   8.90 g/cm3     molecular weight=  58.93 amu
   effective weight for kind 1-2 =  107.9   58.9 amu
   half aperture angle=    1.5 deg            pathcut=     0.0050

   photoemission azimuthal scan curves
     parameters: curve point theta phi weightc weighte
     columns: phi intensity background chical chiexp
    19   779    1   19   41  779  ncurve npoint nk ntheta nphi nangle
   1    41  13.63   18.0    1.0    0.0   ----------------------------
  111.0    6.3477e-03    5.8409e-03    8.6765e-02   -1.3333e-02
  114.0    6.4021e-03    5.8409e-03    9.6074e-02   -2.6705e-02
  117.0    6.4551e-03    5.8409e-03    1.0515e-01   -1.1138e-02
  120.0    6.4638e-03    5.8409e-03    1.0663e-01    1.0988e-02
  123.0    6.4538e-03    5.8409e-03    1.0493e-01    1.5717e-02
  126.0    6.3993e-03    5.8409e-03    9.5603e-02    2.5430e-02
  129.0    6.3443e-03    5.8409e-03    8.6184e-02    5.2995e-02
  132.0    6.2634e-03    5.8409e-03    7.2333e-02    5.4504e-02
  135.0    6.1110e-03    5.8409e-03    4.6229e-02    1.1787e-02
  138.0    5.9736e-03    5.8409e-03    2.2707e-02   -2.4085e-02
  141.0    5.8187e-03    5.8409e-03   -3.8132e-03   -4.8855e-02
  144.0    5.5789e-03    5.8409e-03   -4.4858e-02   -1.4787e-02
  147.0    5.3847e-03    5.8409e-03   -7.8108e-02   -2.0491e-02
  150.0    5.3307e-03    5.8409e-03   -8.7363e-02    1.1745e-02
  153.0    5.2231e-03    5.8409e-03   -1.0578e-01   -1.5968e-02
  156.0    5.2253e-03    5.8409e-03   -1.0540e-01   -1.2477e-02
  159.0    5.3732e-03    5.8409e-03   -8.0086e-02   -4.5813e-02
  162.0    5.4439e-03    5.8409e-03   -6.7976e-02   -6.3418e-02
  165.0    5.5864e-03    5.8409e-03   -4.3579e-02   -3.7200e-02
  168.0    5.8082e-03    5.8409e-03   -5.6049e-03   -8.1792e-03
  171.0    5.9169e-03    5.8409e-03    1.3011e-02    2.6642e-02
  174.0    5.9968e-03    5.8409e-03    2.6680e-02    2.0564e-02
  177.0    6.0704e-03    5.8409e-03    3.9281e-02    3.0183e-02
  180.0    6.0596e-03    5.8409e-03    3.7432e-02    7.7510e-02
  183.0    6.0703e-03    5.8409e-03    3.9277e-02    4.6800e-02
  186.0    5.9967e-03    5.8409e-03    2.6665e-02    4.7168e-02
  189.0    5.9168e-03    5.8409e-03    1.2982e-02    1.9678e-02
  192.0    5.8082e-03    5.8409e-03   -5.6036e-03    1.9096e-02
  195.0    5.5864e-03    5.8409e-03   -4.3585e-02   -6.0049e-03
  198.0    5.4440e-03    5.8409e-03   -6.7961e-02   -3.3532e-02
  201.0    5.3734e-03    5.8409e-03   -8.0050e-02   -2.7964e-03
  204.0    5.2256e-03    5.8409e-03   -1.0535e-01   -3.5458e-02
  207.0    5.2233e-03    5.8409e-03   -1.0574e-01   -3.7249e-02
  210.0    5.3308e-03    5.8409e-03   -8.7336e-02   -6.7729e-02
  213.0    5.3847e-03    5.8409e-03   -7.8111e-02   -1.5264e-02
  216.0    5.5787e-03    5.8409e-03   -4.4891e-02   -1.5289e-02
  219.0    5.8183e-03    5.8409e-03   -3.8798e-03    3.4591e-02
  222.0    5.9731e-03    5.8409e-03    2.2628e-02    2.5457e-02
  225.0    6.1105e-03    5.8409e-03    4.6150e-02    3.3885e-02
  228.0    6.2630e-03    5.8409e-03    7.2252e-02    4.5536e-03
  231.0    6.3439e-03    5.8409e-03    8.6111e-02   -1.3528e-02
   2    41  13.63   21.0    1.0    0.0   ----------------------------
  111.0    6.3091e-03    5.9360e-03    6.2854e-02   -7.3413e-02
  114.0    6.2446e-03    5.9360e-03    5.1993e-02    1.8364e-02
  117.0    6.1940e-03    5.9360e-03    4.3463e-02    5.1760e-02
  120.0    6.1621e-03    5.9360e-03    3.8088e-02    6.3395e-02
  123.0    6.1932e-03    5.9360e-03    4.3333e-02    2.5307e-02
  126.0    6.2427e-03    5.9360e-03    5.1662e-02    2.2145e-02
  129.0    6.3058e-03    5.9360e-03    6.2288e-02    1.1997e-02
  132.0    6.3193e-03    5.9360e-03    6.4565e-02    1.2015e-02
  135.0    6.2747e-03    5.9360e-03    5.7056e-02   -7.5110e-03
  138.0    6.1313e-03    5.9360e-03    3.2897e-02   -5.9268e-02
  141.0    5.9066e-03    5.9360e-03   -4.9602e-03   -7.6990e-02
  144.0    5.6800e-03    5.9360e-03   -4.3127e-02   -6.9689e-02
  147.0    5.5139e-03    5.9360e-03   -7.1104e-02   -3.2383e-02
  150.0    5.4275e-03    5.9360e-03   -8.5674e-02   -3.9124e-02
  153.0    5.4162e-03    5.9360e-03   -8.7575e-02   -3.1160e-02
  156.0    5.4639e-03    5.9360e-03   -7.9541e-02   -1.3027e-02
  159.0    5.5736e-03    5.9360e-03   -6.1060e-02    1.0815e-02
  162.0    5.7467e-03    5.9360e-03   -3.1886e-02    2.2556e-02
  165.0    5.8816e-03    5.9360e-03   -9.1743e-03    4.8580e-02
  168.0    5.9292e-03    5.9360e-03   -1.1502e-03    7.8555e-02
  171.0    6.0501e-03    5.9360e-03    1.9221e-02    6.9755e-02
  174.0    6.1189e-03    5.9360e-03    3.0815e-02    1.4306e-02
  177.0    6.1801e-03    5.9360e-03    4.1121e-02   -2.7015e-02
  180.0    6.1924e-03    5.9360e-03    4.3187e-02    2.9564e-04
  183.0    6.1801e-03    5.9360e-03    4.1112e-02   -1.2900e-02
  186.0    6.1188e-03    5.9360e-03    3.0791e-02    3.8259e-02
  189.0    6.0499e-03    5.9360e-03    1.9190e-02    3.4685e-02
  192.0    5.9292e-03    5.9360e-03   -1.1452e-03    5.2255e-02
  195.0    5.8819e-03    5.9360e-03   -9.1221e-03    1.3629e-02
  198.0    5.7472e-03    5.9360e-03   -3.1811e-02    6.6550e-04
  201.0    5.5738e-03    5.9360e-03   -6.1028e-02    1.3659e-02
  204.0    5.4634e-03    5.9360e-03   -7.9611e-02   -9.9448e-03
  207.0    5.4157e-03    5.9360e-03   -8.7657e-02   -6.9394e-02
  210.0    5.4269e-03    5.9360e-03   -8.5771e-02   -9.4282e-02
  213.0    5.5135e-03    5.9360e-03   -7.1177e-02   -6.0676e-02
  216.0    5.6798e-03    5.9360e-03   -4.3158e-02   -3.0548e-02
  219.0    5.9066e-03    5.9360e-03   -4.9530e-03    1.4995e-02
  222.0    6.1315e-03    5.9360e-03    3.2939e-02   -1.6832e-03
  225.0    6.2751e-03    5.9360e-03    5.7121e-02    2.1609e-02
  228.0    6.3197e-03    5.9360e-03    6.4640e-02    1.8540e-02
  231.0    6.3062e-03    5.9360e-03    6.2361e-02    5.1096e-02
   3    41  13.63   24.0    1.0    0.0   ----------------------------
  111.0    7.1229e-03    6.3830e-03    1.1591e-01   -1.2490e-02
  114.0    6.9365e-03    6.3830e-03    8.6719e-02   -3.7491e-03
  117.0    6.7374e-03    6.3830e-03    5.5514e-02    8.2344e-03
  120.0    6.6674e-03    6.3830e-03    4.4560e-02    2.8238e-02
  123.0    6.7381e-03    6.3830e-03    5.5637e-02    1.0912e-02
  126.0    6.9349e-03    6.3830e-03    8.6454e-02    1.0955e-03
  129.0    7.1194e-03    6.3830e-03    1.1537e-01    6.1878e-03
  132.0    7.1566e-03    6.3830e-03    1.2120e-01    3.4016e-02
  135.0    7.1081e-03    6.3830e-03    1.1360e-01    4.1323e-02
  138.0    6.8727e-03    6.3830e-03    7.6710e-02   -1.7176e-03
  141.0    6.4881e-03    6.3830e-03    1.6462e-02   -5.2437e-02
  144.0    6.0916e-03    6.3830e-03   -4.5648e-02   -7.5042e-02
  147.0    5.7723e-03    6.3830e-03   -9.5679e-02   -5.9561e-02
  150.0    5.5760e-03    6.3830e-03   -1.2642e-01   -3.3071e-02
  153.0    5.5835e-03    6.3830e-03   -1.2526e-01   -3.7705e-02
  156.0    5.6259e-03    6.3830e-03   -1.1861e-01   -1.3808e-02
  159.0    5.8053e-03    6.3830e-03   -9.0513e-02   -3.6766e-03
  162.0    6.0279e-03    6.3830e-03   -5.5641e-02    2.5569e-02
  165.0    6.2767e-03    6.3830e-03   -1.6649e-02    1.2107e-02
  168.0    6.3778e-03    6.3830e-03   -8.1170e-04    1.1047e-02
  171.0    6.4570e-03    6.3830e-03    1.1590e-02    2.0907e-02
  174.0    6.4244e-03    6.3830e-03    6.4886e-03    4.0032e-02
  177.0    6.3582e-03    6.3830e-03   -3.8903e-03    5.1903e-02
  180.0    6.3217e-03    6.3830e-03   -9.6039e-03    6.6655e-02
  183.0    6.3579e-03    6.3830e-03   -3.9271e-03    4.9621e-02
  186.0    6.4242e-03    6.3830e-03    6.4548e-03    4.4424e-02
  189.0    6.4570e-03    6.3830e-03    1.1598e-02    3.1874e-03
  192.0    6.3782e-03    6.3830e-03   -7.4756e-04    5.5329e-03
  195.0    6.2771e-03    6.3830e-03   -1.6598e-02   -1.3050e-02
  198.0    6.0277e-03    6.3830e-03   -5.5672e-02   -3.5530e-03
  201.0    5.8048e-03    6.3830e-03   -9.0587e-02   -3.3395e-02
  204.0    5.6254e-03    6.3830e-03   -1.1870e-01   -5.9305e-02
  207.0    5.5830e-03    6.3830e-03   -1.2534e-01   -8.9953e-02
  210.0    5.5764e-03    6.3830e-03   -1.2637e-01   -5.4632e-02
  213.0    5.7726e-03    6.3830e-03   -9.5624e-02   -4.5909e-02
  216.0    6.0925e-03    6.3830e-03   -4.5520e-02   -1.0786e-02
  219.0    6.4888e-03    6.3830e-03    1.6569e-02   -5.8877e-03
  222.0    6.8728e-03    6.3830e-03    7.6740e-02    7.6230e-02
  225.0    7.1082e-03    6.3830e-03    1.1361e-01    8.7268e-02
  228.0    7.1567e-03    6.3830e-03    1.2121e-01    4.8655e-02
  231.0    7.1198e-03    6.3830e-03    1.1543e-01   -6.3132e-02
   4    41  13.63   27.0    1.0    0.0   ----------------------------
  111.0    7.8235e-03    7.0963e-03    1.0248e-01    2.4692e-02
  114.0    7.6257e-03    7.0963e-03    7.4611e-02   -1.9055e-03
  117.0    7.4660e-03    7.0963e-03    5.2103e-02    2.6585e-03
  120.0    7.4223e-03    7.0963e-03    4.5948e-02   -2.3271e-03
  123.0    7.4657e-03    7.0963e-03    5.2055e-02    1.8172e-02
  126.0    7.6258e-03    7.0963e-03    7.4619e-02   -1.2133e-02
  129.0    7.8215e-03    7.0963e-03    1.0220e-01   -1.4493e-03
  132.0    7.9233e-03    7.0963e-03    1.1655e-01   -4.7537e-03
  135.0    8.0303e-03    7.0963e-03    1.3162e-01    1.7658e-02
  138.0    7.8661e-03    7.0963e-03    1.0849e-01    1.9383e-03
  141.0    7.4697e-03    7.0963e-03    5.2622e-02   -2.0774e-02
  144.0    6.8537e-03    7.0963e-03   -3.4182e-02   -1.8127e-02
  147.0    6.1995e-03    7.0963e-03   -1.2637e-01   -3.3409e-02
  150.0    5.7658e-03    7.0963e-03   -1.8749e-01   -3.8623e-02
  153.0    5.7178e-03    7.0963e-03   -1.9425e-01   -8.6046e-02
  156.0    5.8977e-03    7.0963e-03   -1.6890e-01   -6.4417e-02
  159.0    6.2526e-03    7.0963e-03   -1.1889e-01   -2.8085e-03
  162.0    6.6282e-03    7.0963e-03   -6.5959e-02    5.7834e-02
  165.0    6.9299e-03    7.0963e-03   -2.3447e-02    7.5508e-02
  168.0    7.1433e-03    7.0963e-03    6.6279e-03    7.6232e-02
  171.0    7.3434e-03    7.0963e-03    3.4834e-02    4.3822e-02
  174.0    7.4769e-03    7.0963e-03    5.3634e-02    3.0243e-02
  177.0    7.6168e-03    7.0963e-03    7.3361e-02   -2.2376e-02
  180.0    7.6417e-03    7.0963e-03    7.6862e-02   -2.2643e-02
  183.0    7.6165e-03    7.0963e-03    7.3315e-02    5.3222e-03
  186.0    7.4767e-03    7.0963e-03    5.3617e-02    6.6250e-03
  189.0    7.3455e-03    7.0963e-03    3.5119e-02    4.4753e-02
  192.0    7.1435e-03    7.0963e-03    6.6617e-03    2.9540e-02
  195.0    6.9299e-03    7.0963e-03   -2.3448e-02    3.9787e-02
  198.0    6.6278e-03    7.0963e-03   -6.6011e-02    2.5561e-02
  201.0    6.2522e-03    7.0963e-03   -1.1895e-01   -1.4008e-02
  204.0    5.8975e-03    7.0963e-03   -1.6893e-01   -4.4771e-03
  207.0    5.7180e-03    7.0963e-03   -1.9422e-01   -5.3857e-02
  210.0    5.7663e-03    7.0963e-03   -1.8742e-01   -7.3017e-02
  213.0    6.2000e-03    7.0963e-03   -1.2630e-01   -8.9817e-02
  216.0    6.8541e-03    7.0963e-03   -3.4128e-02   -5.8950e-02
  219.0    7.4699e-03    7.0963e-03    5.2658e-02    4.3706e-03
  222.0    7.8661e-03    7.0963e-03    1.0849e-01    1.5420e-02
  225.0    8.0302e-03    7.0963e-03    1.3162e-01    2.7836e-02
  228.0    7.9234e-03    7.0963e-03    1.1656e-01    2.4525e-02
  231.0    7.8218e-03    7.0963e-03    1.0224e-01    5.3769e-02
   5    41  13.63   30.0    1.0    0.0   ----------------------------
  111.0    8.1722e-03    7.7196e-03    5.8620e-02   -2.5039e-02
  114.0    7.6926e-03    7.7196e-03   -3.4996e-03   -3.7031e-03
  117.0    7.4294e-03    7.7196e-03   -3.7602e-02    7.7065e-03
  120.0    7.3527e-03    7.7196e-03   -4.7536e-02    4.2303e-03
  123.0    7.4290e-03    7.7196e-03   -3.7652e-02    1.2450e-02
  126.0    7.7294e-03    7.7196e-03    1.2630e-03    1.0414e-02
  129.0    8.1701e-03    7.7196e-03    5.8358e-02    1.7261e-02
  132.0    8.5069e-03    7.7196e-03    1.0198e-01    2.8846e-02
  135.0    8.7582e-03    7.7196e-03    1.3453e-01    4.3241e-02
  138.0    8.7063e-03    7.7196e-03    1.2782e-01    4.2917e-02
  141.0    8.2407e-03    7.7196e-03    6.7501e-02    7.0368e-03
  144.0    7.4237e-03    7.7196e-03   -3.8335e-02   -3.7225e-02
  147.0    6.5491e-03    7.7196e-03   -1.5163e-01   -8.0628e-02
  150.0    6.1315e-03    7.7196e-03   -2.0573e-01   -7.3895e-02
  153.0    5.9726e-03    7.7196e-03   -2.2631e-01   -6.6122e-02
  156.0    6.4991e-03    7.7196e-03   -1.5811e-01   -3.3449e-02
  159.0    7.1315e-03    7.7196e-03   -7.6194e-02   -9.4586e-03
  162.0    7.7215e-03    7.7196e-03    2.3520e-04    2.7946e-02
  165.0    7.9764e-03    7.7196e-03    3.3259e-02    2.0426e-02
  168.0    8.1009e-03    7.7196e-03    4.9392e-02    1.6024e-02
  171.0    8.1730e-03    7.7196e-03    5.8725e-02    1.2007e-02
  174.0    8.3881e-03    7.7196e-03    8.6591e-02    2.7507e-02
  177.0    8.5559e-03    7.7196e-03    1.0833e-01    2.6511e-02
  180.0    8.6873e-03    7.7196e-03    1.2535e-01    1.3554e-02
  183.0    8.5557e-03    7.7196e-03    1.0830e-01    1.0916e-02
  186.0    8.3880e-03    7.7196e-03    8.6581e-02    1.5062e-02
  189.0    8.1732e-03    7.7196e-03    5.8758e-02    2.5573e-02
  192.0    8.1013e-03    7.7196e-03    4.9442e-02    3.8724e-02
  195.0    7.9764e-03    7.7196e-03    3.3262e-02    4.7334e-02
  198.0    7.7208e-03    7.7196e-03    1.5283e-04    3.4943e-02
  201.0    7.1307e-03    7.7196e-03   -7.6293e-02    1.6305e-02
  204.0    6.4991e-03    7.7196e-03   -1.5810e-01   -2.7231e-02
  207.0    5.9735e-03    7.7196e-03   -2.2619e-01   -6.2070e-02
  210.0    6.1324e-03    7.7196e-03   -2.0561e-01   -8.4085e-02
  213.0    6.5495e-03    7.7196e-03   -1.5158e-01   -6.7745e-02
  216.0    7.4236e-03    7.7196e-03   -3.8354e-02   -3.5937e-02
  219.0    8.2403e-03    7.7196e-03    6.7443e-02    3.7936e-03
  222.0    8.7060e-03    7.7196e-03    1.2777e-01    1.3640e-02
  225.0    8.7582e-03    7.7196e-03    1.3454e-01    3.8415e-02
  228.0    8.5075e-03    7.7196e-03    1.0206e-01    2.7588e-02
  231.0    8.1711e-03    7.7196e-03    5.8483e-02    1.6307e-02
   6    41  13.63   33.0    1.0    0.0   ----------------------------
  111.0    8.0098e-03    7.5100e-03    6.6550e-02    9.4909e-03
  114.0    7.6041e-03    7.5100e-03    1.2523e-02   -2.1051e-02
  117.0    7.1938e-03    7.5100e-03   -4.2103e-02   -7.7975e-03
  120.0    6.9435e-03    7.5100e-03   -7.5433e-02    1.4761e-02
  123.0    7.1939e-03    7.5100e-03   -4.2098e-02    4.2367e-02
  126.0    7.6421e-03    7.5100e-03    1.7583e-02    3.3946e-02
  129.0    8.0127e-03    7.5100e-03    6.6927e-02    3.4094e-02
  132.0    8.3612e-03    7.5100e-03    1.1334e-01   -1.3862e-03
  135.0    8.3214e-03    7.5100e-03    1.0803e-01   -1.1130e-02
  138.0    8.1172e-03    7.5100e-03    8.0844e-02   -3.2220e-02
  141.0    7.5097e-03    7.5100e-03   -3.8326e-05   -1.5164e-02
  144.0    6.7752e-03    7.5100e-03   -9.7850e-02   -5.1957e-02
  147.0    6.2650e-03    7.5100e-03   -1.6578e-01   -5.9681e-02
  150.0    5.8627e-03    7.5100e-03   -2.1936e-01   -6.8588e-02
  153.0    5.8188e-03    7.5100e-03   -2.2520e-01   -3.8589e-02
  156.0    6.1775e-03    7.5100e-03   -1.7743e-01   -6.3267e-03
  159.0    6.9499e-03    7.5100e-03   -7.4581e-02    4.8693e-03
  162.0    7.6174e-03    7.5100e-03    1.4299e-02    9.8899e-03
  165.0    7.9345e-03    7.5100e-03    5.6517e-02    2.0725e-02
  168.0    8.1596e-03    7.5100e-03    8.6500e-02    1.4746e-02
  171.0    8.2323e-03    7.5100e-03    9.6178e-02    3.7918e-02
  174.0    8.4504e-03    7.5100e-03    1.2521e-01    2.8539e-02
  177.0    8.6988e-03    7.5100e-03    1.5828e-01    4.7724e-02
  180.0    8.7950e-03    7.5100e-03    1.7110e-01    4.3469e-02
  183.0    8.6988e-03    7.5100e-03    1.5828e-01    5.1377e-02
  186.0    8.4502e-03    7.5100e-03    1.2519e-01    4.3641e-02
  189.0    8.2325e-03    7.5100e-03    9.6206e-02    2.8613e-02
  192.0    8.1602e-03    7.5100e-03    8.6577e-02    2.4612e-02
  195.0    7.9344e-03    7.5100e-03    5.6509e-02    1.4749e-02
  198.0    7.6163e-03    7.5100e-03    1.4153e-02   -3.5443e-03
  201.0    6.9494e-03    7.5100e-03   -7.4651e-02   -2.6282e-02
  204.0    6.1784e-03    7.5100e-03   -1.7731e-01   -4.6665e-02
  207.0    5.8199e-03    7.5100e-03   -2.2506e-01   -5.0691e-02
  210.0    5.8628e-03    7.5100e-03   -2.1934e-01   -6.4202e-02
  213.0    6.2643e-03    7.5100e-03   -1.6587e-01   -6.1280e-02
  216.0    6.7743e-03    7.5100e-03   -9.7971e-02   -4.6884e-02
  219.0    7.5093e-03    7.5100e-03   -9.5725e-05   -2.3413e-02
  222.0    8.1177e-03    7.5100e-03    8.0911e-02    3.3600e-03
  225.0    8.3224e-03    7.5100e-03    1.0816e-01    3.1216e-02
  228.0    8.3618e-03    7.5100e-03    1.1341e-01    4.9272e-02
  231.0    8.0123e-03    7.5100e-03    6.6875e-02    4.7860e-02
   7    41  13.63   36.0    1.0    0.0   ----------------------------
  111.0    7.6465e-03    6.8191e-03    1.2133e-01    2.5849e-02
  114.0    7.3076e-03    6.8191e-03    7.1637e-02    4.0106e-03
  117.0    6.7770e-03    6.8191e-03   -6.1713e-03   -1.0516e-02
  120.0    6.5084e-03    6.8191e-03   -4.5572e-02   -8.2474e-03
  123.0    6.7799e-03    6.8191e-03   -5.7487e-03   -7.2891e-03
  126.0    7.3118e-03    6.8191e-03    7.2249e-02    1.5227e-02
  129.0    7.6501e-03    6.8191e-03    1.2186e-01    3.3361e-02
  132.0    7.4674e-03    6.8191e-03    9.5074e-02    2.9180e-02
  135.0    7.2384e-03    6.8191e-03    6.1486e-02   -5.0403e-04
  138.0    6.8211e-03    6.8191e-03    2.8610e-04   -2.2137e-02
  141.0    6.4533e-03    6.8191e-03   -5.3654e-02   -2.8610e-02
  144.0    6.0816e-03    6.8191e-03   -1.0816e-01   -2.9272e-02
  147.0    5.7483e-03    6.8191e-03   -1.5703e-01   -2.4359e-02
  150.0    5.6960e-03    6.8191e-03   -1.6471e-01   -4.1173e-02
  153.0    5.4479e-03    6.8191e-03   -2.0108e-01   -6.5249e-02
  156.0    5.5984e-03    6.8191e-03   -1.7901e-01   -7.1382e-02
  159.0    6.0315e-03    6.8191e-03   -1.1550e-01   -5.7281e-02
  162.0    6.5552e-03    6.8191e-03   -3.8702e-02   -1.4044e-02
  165.0    7.1642e-03    6.8191e-03    5.0604e-02    2.0593e-02
  168.0    7.4225e-03    6.8191e-03    8.8485e-02    6.5874e-02
  171.0    7.7448e-03    6.8191e-03    1.3574e-01    8.3510e-02
  174.0    7.8054e-03    6.8191e-03    1.4463e-01    9.7499e-02
  177.0    7.8303e-03    6.8191e-03    1.4828e-01    6.7722e-02
  180.0    7.7433e-03    6.8191e-03    1.3552e-01    6.3434e-02
  183.0    7.8303e-03    6.8191e-03    1.4829e-01    4.0195e-02
  186.0    7.8051e-03    6.8191e-03    1.4459e-01    2.5301e-02
  189.0    7.7450e-03    6.8191e-03    1.3577e-01    9.2320e-03
  192.0    7.4229e-03    6.8191e-03    8.8537e-02    1.4814e-03
  195.0    7.1640e-03    6.8191e-03    5.0580e-02   -2.0484e-02
  198.0    6.5547e-03    6.8191e-03   -3.8781e-02   -3.5781e-02
  201.0    6.0316e-03    6.8191e-03   -1.1549e-01   -4.3690e-02
  204.0    5.5993e-03    6.8191e-03   -1.7889e-01   -3.6224e-02
  207.0    5.4483e-03    6.8191e-03   -2.0103e-01   -3.3061e-02
  210.0    5.6957e-03    6.8191e-03   -1.6474e-01   -5.2335e-02
  213.0    5.7479e-03    6.8191e-03   -1.5709e-01   -3.4788e-02
  216.0    6.0815e-03    6.8191e-03   -1.0817e-01   -3.1433e-02
  219.0    6.4540e-03    6.8191e-03   -5.3547e-02   -2.6089e-02
  222.0    6.8216e-03    6.8191e-03    3.6776e-04   -1.1739e-02
  225.0    7.2381e-03    6.8191e-03    6.1436e-02    1.5708e-02
  228.0    7.4658e-03    6.8191e-03    9.4831e-02    5.0599e-02
  231.0    7.6477e-03    6.8191e-03    1.2151e-01    5.7604e-02
   8    41  13.63   39.0    1.0    0.0   ----------------------------
  111.0    6.9447e-03    6.4580e-03    7.5353e-02    1.7847e-02
  114.0    7.4748e-03    6.4580e-03    1.5744e-01   -9.3399e-03
  117.0    7.7880e-03    6.4580e-03    2.0594e-01   -1.6765e-02
  120.0    7.9720e-03    6.4580e-03    2.3443e-01    1.8341e-02
  123.0    7.7912e-03    6.4580e-03    2.0643e-01    3.0571e-02
  126.0    7.4786e-03    6.4580e-03    1.5804e-01    2.4047e-02
  129.0    6.9476e-03    6.4580e-03    7.5804e-02    2.1677e-02
  132.0    6.2664e-03    6.4580e-03   -2.9678e-02    2.9775e-03
  135.0    5.7343e-03    6.4580e-03   -1.1206e-01   -1.3795e-02
  138.0    5.7022e-03    6.4580e-03   -1.1703e-01   -3.6654e-02
  141.0    5.7951e-03    6.4580e-03   -1.0265e-01   -4.3589e-02
  144.0    6.0144e-03    6.4580e-03   -6.8694e-02   -9.9646e-03
  147.0    6.1123e-03    6.4580e-03   -5.3539e-02   -1.3753e-02
  150.0    5.8170e-03    6.4580e-03   -9.9267e-02   -1.0269e-02
  153.0    5.5076e-03    6.4580e-03   -1.4716e-01   -5.6565e-02
  156.0    5.2582e-03    6.4580e-03   -1.8579e-01   -5.7653e-02
  159.0    5.2060e-03    6.4580e-03   -1.9388e-01   -7.1992e-02
  162.0    5.5754e-03    6.4580e-03   -1.3667e-01   -3.5269e-02
  165.0    6.0712e-03    6.4580e-03   -5.9905e-02   -1.0877e-02
  168.0    6.6121e-03    6.4580e-03    2.3862e-02    1.1352e-02
  171.0    7.1341e-03    6.4580e-03    1.0469e-01    5.1463e-02
  174.0    7.7045e-03    6.4580e-03    1.9301e-01    9.3086e-02
  177.0    8.0965e-03    6.4580e-03    2.5371e-01    1.2506e-01
  180.0    8.2261e-03    6.4580e-03    2.7378e-01    1.0631e-01
  183.0    8.0964e-03    6.4580e-03    2.5369e-01    7.5735e-02
  186.0    7.7042e-03    6.4580e-03    1.9297e-01    3.6145e-02
  189.0    7.1342e-03    6.4580e-03    1.0470e-01    2.6449e-02
  192.0    6.6122e-03    6.4580e-03    2.3875e-02    1.5969e-02
  195.0    6.0711e-03    6.4580e-03   -5.9911e-02   -1.1287e-02
  198.0    5.5752e-03    6.4580e-03   -1.3670e-01   -4.4351e-02
  201.0    5.2059e-03    6.4580e-03   -1.9389e-01   -6.9664e-02
  204.0    5.2585e-03    6.4580e-03   -1.8574e-01   -6.2000e-02
  207.0    5.5081e-03    6.4580e-03   -1.4710e-01   -5.6913e-02
  210.0    5.8172e-03    6.4580e-03   -9.9231e-02   -5.4021e-02
  213.0    6.1118e-03    6.4580e-03   -5.3608e-02   -4.3780e-02
  216.0    6.0142e-03    6.4580e-03   -6.8720e-02   -3.1164e-02
  219.0    5.7952e-03    6.4580e-03   -1.0264e-01   -2.1344e-02
  222.0    5.7018e-03    6.4580e-03   -1.1710e-01   -3.0451e-03
  225.0    5.7333e-03    6.4580e-03   -1.1222e-01    1.3533e-02
  228.0    6.2646e-03    6.4580e-03   -2.9944e-02    4.0257e-02
  231.0    6.9450e-03    6.4580e-03    7.5402e-02    7.3877e-02
   9    41  13.63   42.0    1.0    0.0   ----------------------------
  111.0    5.9486e-03    6.0612e-03   -1.8567e-02   -5.5523e-02
  114.0    7.2465e-03    6.0612e-03    1.9556e-01   -6.9952e-03
  117.0    8.1027e-03    6.0612e-03    3.3682e-01    3.4766e-02
  120.0    8.4001e-03    6.0612e-03    3.8590e-01    6.2760e-02
  123.0    8.1031e-03    6.0612e-03    3.3690e-01    6.0475e-02
  126.0    7.2459e-03    6.0612e-03    1.9547e-01    2.5757e-02
  129.0    5.9475e-03    6.0612e-03   -1.8746e-02   -4.2905e-03
  132.0    4.9635e-03    6.0612e-03   -1.8110e-01   -4.4725e-02
  135.0    4.5420e-03    6.0612e-03   -2.5064e-01   -3.9915e-02
  138.0    4.7915e-03    6.0612e-03   -2.0947e-01   -5.1954e-02
  141.0    5.4242e-03    6.0612e-03   -1.0508e-01   -2.5289e-02
  144.0    6.1537e-03    6.0612e-03    1.5274e-02   -3.1381e-03
  147.0    6.5559e-03    6.0612e-03    8.1630e-02    2.3573e-02
  150.0    6.5737e-03    6.0612e-03    8.4570e-02    3.1621e-02
  153.0    6.0768e-03    6.0612e-03    2.5818e-03    8.0494e-03
  156.0    5.3379e-03    6.0612e-03   -1.1933e-01   -1.2051e-02
  159.0    4.8038e-03    6.0612e-03   -2.0745e-01   -4.4419e-02
  162.0    4.5462e-03    6.0612e-03   -2.4995e-01   -6.8277e-02
  165.0    4.7315e-03    6.0612e-03   -2.1937e-01   -7.4540e-02
  168.0    5.2455e-03    6.0612e-03   -1.3457e-01   -5.4030e-02
  171.0    6.1462e-03    6.0612e-03    1.4034e-02   -7.9013e-04
  174.0    7.3796e-03    6.0612e-03    2.1752e-01    5.0250e-02
  177.0    8.2292e-03    6.0612e-03    3.5770e-01    9.8171e-02
  180.0    8.5659e-03    6.0612e-03    4.1325e-01    1.2273e-01
  183.0    8.2295e-03    6.0612e-03    3.5774e-01    1.1448e-01
  186.0    7.3796e-03    6.0612e-03    2.1752e-01    7.0593e-02
  189.0    6.1461e-03    6.0612e-03    1.4018e-02    1.3646e-02
  192.0    5.2454e-03    6.0612e-03   -1.3459e-01   -2.5541e-02
  195.0    4.7316e-03    6.0612e-03   -2.1935e-01   -5.1623e-02
  198.0    4.5461e-03    6.0612e-03   -2.4996e-01   -5.9106e-02
  201.0    4.8033e-03    6.0612e-03   -2.0754e-01   -6.3265e-02
  204.0    5.3382e-03    6.0612e-03   -1.1928e-01   -3.3498e-02
  207.0    6.0778e-03    6.0612e-03    2.7424e-03   -1.5428e-02
  210.0    6.5733e-03    6.0612e-03    8.4489e-02    4.5335e-03
  213.0    6.5544e-03    6.0612e-03    8.1386e-02   -1.7918e-03
  216.0    6.1536e-03    6.0612e-03    1.5246e-02   -1.7471e-02
  219.0    5.4248e-03    6.0612e-03   -1.0498e-01   -2.2091e-02
  222.0    4.7917e-03    6.0612e-03   -2.0944e-01   -1.7417e-02
  225.0    4.5418e-03    6.0612e-03   -2.5067e-01    4.5348e-03
  228.0    4.9629e-03    6.0612e-03   -1.8120e-01    2.6046e-02
  231.0    5.9455e-03    6.0612e-03   -1.9075e-02    4.1364e-02
  10    41  13.63   45.0    1.0    0.0   ----------------------------
  111.0    5.2643e-03    5.7197e-03   -7.9611e-02   -5.1333e-02
  114.0    6.4767e-03    5.7197e-03    1.3236e-01   -4.8680e-03
  117.0    7.5400e-03    5.7197e-03    3.1826e-01    5.2641e-02
  120.0    7.8598e-03    5.7197e-03    3.7416e-01    5.7244e-02
  123.0    7.5401e-03    5.7197e-03    3.1828e-01    7.3831e-02
  126.0    6.4741e-03    5.7197e-03    1.3190e-01    1.2707e-02
  129.0    5.2582e-03    5.7197e-03   -8.0680e-02   -2.1424e-02
  132.0    4.5760e-03    5.7197e-03   -1.9996e-01   -8.5646e-02
  135.0    4.4056e-03    5.7197e-03   -2.2975e-01   -7.2264e-02
  138.0    4.8163e-03    5.7197e-03   -1.5794e-01   -4.5088e-02
  141.0    5.4564e-03    5.7197e-03   -4.6029e-02    2.6317e-03
  144.0    6.1569e-03    5.7197e-03    7.6442e-02    1.6458e-02
  147.0    6.8021e-03    5.7197e-03    1.8925e-01    2.8378e-02
  150.0    7.1343e-03    5.7197e-03    2.4733e-01    2.3871e-02
  153.0    6.4596e-03    5.7197e-03    1.2937e-01    5.3816e-03
  156.0    5.5285e-03    5.7197e-03   -3.3432e-02   -1.9821e-02
  159.0    4.8210e-03    5.7197e-03   -1.5712e-01   -4.5555e-02
  162.0    4.2744e-03    5.7197e-03   -2.5269e-01   -3.2011e-02
  165.0    3.9085e-03    5.7197e-03   -3.1666e-01   -3.1929e-02
  168.0    4.2224e-03    5.7197e-03   -2.6178e-01    7.8895e-03
  171.0    5.1160e-03    5.7197e-03   -1.0553e-01    2.0971e-02
  174.0    6.4056e-03    5.7197e-03    1.1992e-01    5.5909e-02
  177.0    7.4277e-03    5.7197e-03    2.9863e-01    4.6220e-02
  180.0    7.8107e-03    5.7197e-03    3.6558e-01    5.9292e-02
  183.0    7.4277e-03    5.7197e-03    2.9863e-01    6.3894e-02
  186.0    6.4057e-03    5.7197e-03    1.1995e-01    5.8331e-02
  189.0    5.1159e-03    5.7197e-03   -1.0556e-01    3.0771e-02
  192.0    4.2225e-03    5.7197e-03   -2.6176e-01   -3.4532e-02
  195.0    3.9086e-03    5.7197e-03   -3.1664e-01   -5.9524e-02
  198.0    4.2741e-03    5.7197e-03   -2.5273e-01   -8.2028e-02
  201.0    4.8205e-03    5.7197e-03   -1.5722e-01   -5.1364e-02
  204.0    5.5287e-03    5.7197e-03   -3.3384e-02   -2.1167e-02
  207.0    6.4608e-03    5.7197e-03    1.2958e-01    1.8470e-03
  210.0    7.1341e-03    5.7197e-03    2.4729e-01    1.8783e-02
  213.0    6.8012e-03    5.7197e-03    1.8909e-01    1.4107e-02
  216.0    6.1572e-03    5.7197e-03    7.6491e-02    9.9425e-03
  219.0    5.4568e-03    5.7197e-03   -4.5964e-02   -8.5234e-03
  222.0    4.8162e-03    5.7197e-03   -1.5795e-01   -2.4272e-02
  225.0    4.4058e-03    5.7197e-03   -2.2971e-01   -2.9116e-02
  228.0    4.5767e-03    5.7197e-03   -1.9983e-01   -2.0694e-03
  231.0    5.2588e-03    5.7197e-03   -8.0582e-02    6.1597e-02
  11    41  13.63   48.0    1.0    0.0   ----------------------------
  111.0    6.0124e-03    5.9768e-03    5.9607e-03   -5.5145e-02
  114.0    7.0137e-03    5.9768e-03    1.7350e-01    1.0323e-03
  117.0    7.9143e-03    5.9768e-03    3.2418e-01    4.1790e-02
  120.0    7.9976e-03    5.9768e-03    3.3811e-01    5.9876e-02
  123.0    7.9096e-03    5.9768e-03    3.2339e-01    4.4919e-02
  126.0    7.0003e-03    5.9768e-03    1.7126e-01    2.4345e-02
  129.0    6.0054e-03    5.9768e-03    4.7842e-03   -2.5239e-03
  132.0    5.4109e-03    5.9768e-03   -9.4671e-02   -2.8956e-02
  135.0    5.0982e-03    5.9768e-03   -1.4700e-01   -3.5614e-02
  138.0    5.2089e-03    5.9768e-03   -1.2848e-01   -2.8166e-02
  141.0    5.7428e-03    5.9768e-03   -3.9140e-02   -2.3371e-02
  144.0    6.1570e-03    5.9768e-03    3.0153e-02   -2.6761e-02
  147.0    6.1732e-03    5.9768e-03    3.2858e-02   -1.9742e-02
  150.0    6.1295e-03    5.9768e-03    2.5558e-02   -2.5240e-02
  153.0    5.9835e-03    5.9768e-03    1.1210e-03   -4.2170e-02
  156.0    5.6935e-03    5.9768e-03   -4.7390e-02   -4.0370e-02
  159.0    5.2547e-03    5.9768e-03   -1.2082e-01   -2.6106e-02
  162.0    4.6591e-03    5.9768e-03   -2.2046e-01   -9.5315e-04
  165.0    4.3387e-03    5.9768e-03   -2.7407e-01   -3.0074e-03
  168.0    4.8277e-03    5.9768e-03   -1.9225e-01    1.3310e-02
  171.0    5.8453e-03    5.9768e-03   -2.1990e-02    4.1871e-02
  174.0    7.0111e-03    5.9768e-03    1.7307e-01    8.4753e-02
  177.0    7.4398e-03    5.9768e-03    2.4478e-01    9.7467e-02
  180.0    7.2440e-03    5.9768e-03    2.1203e-01    8.4553e-02
  183.0    7.4398e-03    5.9768e-03    2.4479e-01    6.5259e-02
  186.0    7.0112e-03    5.9768e-03    1.7307e-01    2.9383e-02
  189.0    5.8448e-03    5.9768e-03   -2.2074e-02   -4.2236e-03
  192.0    4.8280e-03    5.9768e-03   -1.9220e-01   -4.1122e-02
  195.0    4.3393e-03    5.9768e-03   -2.7397e-01   -5.3725e-02
  198.0    4.6590e-03    5.9768e-03   -2.2048e-01   -4.0821e-02
  201.0    5.2539e-03    5.9768e-03   -1.2095e-01   -4.5094e-02
  204.0    5.6938e-03    5.9768e-03   -4.7348e-02   -4.7214e-02
  207.0    5.9846e-03    5.9768e-03    1.3100e-03   -3.8709e-02
  210.0    6.1293e-03    5.9768e-03    2.5527e-02   -1.9988e-02
  213.0    6.1722e-03    5.9768e-03    3.2692e-02    1.6120e-03
  216.0    6.1566e-03    5.9768e-03    3.0094e-02    2.2071e-03
  219.0    5.7428e-03    5.9768e-03   -3.9150e-02   -4.8838e-03
  222.0    5.2093e-03    5.9768e-03   -1.2841e-01    1.3877e-02
  225.0    5.0983e-03    5.9768e-03   -1.4698e-01    3.2935e-04
  228.0    5.4096e-03    5.9768e-03   -9.4892e-02    1.7028e-02
  231.0    6.0036e-03    5.9768e-03    4.4878e-03    3.0666e-02
  12    41  13.63   51.0    1.0    0.0   ----------------------------
  111.0    5.8760e-03    6.1580e-03   -4.5793e-02   -6.4633e-02
  114.0    6.7811e-03    6.1580e-03    1.0118e-01   -1.4734e-02
  117.0    7.3325e-03    6.1580e-03    1.9073e-01    4.6329e-02
  120.0    7.3632e-03    6.1580e-03    1.9571e-01    8.8661e-02
  123.0    7.3276e-03    6.1580e-03    1.8992e-01    6.7248e-02
  126.0    6.7655e-03    6.1580e-03    9.8651e-02    1.8602e-02
  129.0    5.8901e-03    6.1580e-03   -4.3503e-02   -3.8811e-02
  132.0    5.3718e-03    6.1580e-03   -1.2768e-01   -6.0861e-02
  135.0    5.1036e-03    6.1580e-03   -1.7124e-01   -7.1684e-02
  138.0    5.1751e-03    6.1580e-03   -1.5962e-01   -5.4671e-02
  141.0    5.7455e-03    6.1580e-03   -6.6991e-02   -3.3815e-02
  144.0    6.5897e-03    6.1580e-03    7.0098e-02    1.8026e-02
  147.0    7.2657e-03    6.1580e-03    1.7988e-01    3.9391e-02
  150.0    7.6986e-03    6.1580e-03    2.5018e-01    4.7117e-02
  153.0    7.0126e-03    6.1580e-03    1.3877e-01    2.5533e-02
  156.0    6.2343e-03    6.1580e-03    1.2392e-02    3.2233e-02
  159.0    5.6684e-03    6.1580e-03   -7.9517e-02    2.0664e-02
  162.0    5.1496e-03    6.1580e-03   -1.6376e-01    5.0497e-03
  165.0    4.8612e-03    6.1580e-03   -2.1060e-01   -3.4795e-02
  168.0    5.0501e-03    6.1580e-03   -1.7991e-01   -3.9579e-02
  171.0    5.8111e-03    6.1580e-03   -5.6340e-02   -4.5172e-02
  174.0    6.7057e-03    6.1580e-03    8.8932e-02   -2.2517e-02
  177.0    6.8697e-03    6.1580e-03    1.1557e-01   -4.5389e-03
  180.0    6.6331e-03    6.1580e-03    7.7148e-02    3.2704e-02
  183.0    6.8695e-03    6.1580e-03    1.1554e-01    3.8203e-02
  186.0    6.7063e-03    6.1580e-03    8.9027e-02    3.1283e-02
  189.0    5.8106e-03    6.1580e-03   -5.6420e-02   -2.9217e-03
  192.0    5.0499e-03    6.1580e-03   -1.7996e-01   -5.9339e-03
  195.0    4.8611e-03    6.1580e-03   -2.1060e-01   -4.1661e-03
  198.0    5.1497e-03    6.1580e-03   -1.6375e-01   -3.7413e-03
  201.0    5.6680e-03    6.1580e-03   -7.9580e-02   -7.2932e-03
  204.0    6.2334e-03    6.1580e-03    1.2243e-02    1.5785e-02
  207.0    7.0131e-03    6.1580e-03    1.3885e-01    1.3026e-02
  210.0    7.6997e-03    6.1580e-03    2.5036e-01    1.3144e-02
  213.0    7.2653e-03    6.1580e-03    1.7980e-01   -2.4487e-02
  216.0    6.5889e-03    6.1580e-03    6.9977e-02   -1.4661e-03
  219.0    5.7451e-03    6.1580e-03   -6.7059e-02    2.3485e-03
  222.0    5.1751e-03    6.1580e-03   -1.5961e-01   -1.5324e-02
  225.0    5.1031e-03    6.1580e-03   -1.7131e-01   -4.0664e-02
  228.0    5.3703e-03    6.1580e-03   -1.2792e-01   -2.4107e-02
  231.0    5.8883e-03    6.1580e-03   -4.3801e-02    6.0497e-02
  13    41  13.63   54.0    1.0    0.0   ----------------------------
  111.0    5.6569e-03    5.8596e-03   -3.4587e-02   -7.7534e-02
  114.0    6.2369e-03    5.8596e-03    6.4394e-02    5.1769e-03
  117.0    7.0470e-03    5.8596e-03    2.0264e-01    5.6571e-02
  120.0    7.3084e-03    5.8596e-03    2.4726e-01    5.8556e-02
  123.0    7.0380e-03    5.8596e-03    2.0112e-01    4.2650e-02
  126.0    6.2238e-03    5.8596e-03    6.2158e-02    2.0317e-02
  129.0    5.6521e-03    5.8596e-03   -3.5406e-02   -5.7716e-03
  132.0    5.3586e-03    5.8596e-03   -8.5497e-02   -1.5034e-02
  135.0    5.1139e-03    5.8596e-03   -1.2726e-01   -4.6673e-02
  138.0    4.9289e-03    5.8596e-03   -1.5884e-01   -4.1976e-02
  141.0    4.8976e-03    5.8596e-03   -1.6417e-01   -5.2205e-02
  144.0    5.6737e-03    5.8596e-03   -3.1723e-02   -2.8548e-02
  147.0    6.6567e-03    5.8596e-03    1.3604e-01   -1.2979e-04
  150.0    7.0125e-03    5.8596e-03    1.9675e-01    3.5857e-02
  153.0    6.5193e-03    5.8596e-03    1.1259e-01    2.5682e-02
  156.0    5.7744e-03    5.8596e-03   -1.4540e-02    1.0107e-02
  159.0    5.3687e-03    5.8596e-03   -8.3781e-02   -1.9692e-03
  162.0    5.6163e-03    5.8596e-03   -4.1518e-02    6.9814e-03
  165.0    5.6928e-03    5.8596e-03   -2.8460e-02   -2.0606e-02
  168.0    5.4797e-03    5.8596e-03   -6.4832e-02   -2.5322e-02
  171.0    5.3728e-03    5.8596e-03   -8.3074e-02   -1.3468e-02
  174.0    5.4032e-03    5.8596e-03   -7.7888e-02    8.2217e-03
  177.0    6.3200e-03    5.8596e-03    7.8568e-02    3.4279e-02
  180.0    7.0519e-03    5.8596e-03    2.0348e-01    4.6291e-02
  183.0    6.3199e-03    5.8596e-03    7.8552e-02    3.9056e-02
  186.0    5.4030e-03    5.8596e-03   -7.7928e-02   -1.3063e-02
  189.0    5.3727e-03    5.8596e-03   -8.3091e-02   -5.5839e-03
  192.0    5.4797e-03    5.8596e-03   -6.4830e-02    1.1133e-02
  195.0    5.6929e-03    5.8596e-03   -2.8439e-02    2.5480e-02
  198.0    5.6164e-03    5.8596e-03   -4.1508e-02   -7.9629e-03
  201.0    5.3690e-03    5.8596e-03   -8.3718e-02   -3.2604e-02
  204.0    5.7742e-03    5.8596e-03   -1.4576e-02   -5.0582e-02
  207.0    6.5192e-03    5.8596e-03    1.1257e-01   -3.7029e-02
  210.0    7.0130e-03    5.8596e-03    1.9685e-01    5.5596e-03
  213.0    6.6571e-03    5.8596e-03    1.3610e-01    4.0302e-02
  216.0    5.6743e-03    5.8596e-03   -3.1625e-02    2.5473e-02
  219.0    4.8967e-03    5.8596e-03   -1.6433e-01   -9.6613e-03
  222.0    4.9273e-03    5.8596e-03   -1.5910e-01   -1.8747e-02
  225.0    5.1131e-03    5.8596e-03   -1.2739e-01   -2.3360e-02
  228.0    5.3586e-03    5.8596e-03   -8.5500e-02   -3.8827e-03
  231.0    5.6518e-03    5.8596e-03   -3.5462e-02    3.4024e-02
  14    41  13.63   57.0    1.0    0.0   ----------------------------
  111.0    6.2737e-03    5.7141e-03    9.7916e-02    4.9504e-02
  114.0    5.8512e-03    5.7141e-03    2.3990e-02   -1.9227e-03
  117.0    5.7735e-03    5.7141e-03    1.0381e-02   -1.8234e-02
  120.0    5.9558e-03    5.7141e-03    4.2287e-02    2.1163e-03
  123.0    5.7708e-03    5.7141e-03    9.9187e-03    2.0171e-03
  126.0    5.8502e-03    5.7141e-03    2.3804e-02   -1.5184e-02
  129.0    6.2690e-03    5.7141e-03    9.7095e-02   -3.9644e-02
  132.0    6.4713e-03    5.7141e-03    1.3250e-01   -2.6469e-02
  135.0    5.7863e-03    5.7141e-03    1.2627e-02   -1.0971e-02
  138.0    5.0652e-03    5.7141e-03   -1.1357e-01   -7.3808e-03
  141.0    4.8423e-03    5.7141e-03   -1.5259e-01   -3.7644e-02
  144.0    4.8675e-03    5.7141e-03   -1.4817e-01   -1.6183e-02
  147.0    5.9206e-03    5.7141e-03    3.6136e-02    1.3497e-02
  150.0    6.2445e-03    5.7141e-03    9.2806e-02    5.6186e-02
  153.0    5.9271e-03    5.7141e-03    3.7266e-02    4.6772e-02
  156.0    5.1297e-03    5.7141e-03   -1.0228e-01    1.5214e-02
  159.0    5.2285e-03    5.7141e-03   -8.4982e-02    2.5436e-02
  162.0    5.7720e-03    5.7141e-03    1.0122e-02    1.5196e-02
  165.0    6.2104e-03    5.7141e-03    8.6842e-02    4.0904e-02
  168.0    6.6663e-03    5.7141e-03    1.6664e-01    1.1048e-02
  171.0    6.3197e-03    5.7141e-03    1.0598e-01    8.5931e-03
  174.0    5.4067e-03    5.7141e-03   -5.3799e-02   -2.6763e-02
  177.0    4.7609e-03    5.7141e-03   -1.6682e-01   -2.8086e-02
  180.0    5.0374e-03    5.7141e-03   -1.1843e-01   -4.2992e-02
  183.0    4.7603e-03    5.7141e-03   -1.6692e-01   -3.1181e-02
  186.0    5.4068e-03    5.7141e-03   -5.3778e-02   -1.7250e-02
  189.0    6.3201e-03    5.7141e-03    1.0604e-01    1.3773e-02
  192.0    6.6660e-03    5.7141e-03    1.6658e-01    1.0038e-02
  195.0    6.2101e-03    5.7141e-03    8.6789e-02   -4.1567e-04
  198.0    5.7716e-03    5.7141e-03    1.0061e-02   -2.0845e-02
  201.0    5.2279e-03    5.7141e-03   -8.5092e-02    5.4863e-03
  204.0    5.1302e-03    5.7141e-03   -1.0219e-01    2.9192e-03
  207.0    5.9275e-03    5.7141e-03    3.7344e-02    2.1504e-02
  210.0    6.2441e-03    5.7141e-03    9.2752e-02    1.1891e-02
  213.0    5.9211e-03    5.7141e-03    3.6212e-02    1.5567e-02
  216.0    4.8680e-03    5.7141e-03   -1.4807e-01   -2.2154e-02
  219.0    4.8401e-03    5.7141e-03   -1.5295e-01   -1.3421e-02
  222.0    5.0623e-03    5.7141e-03   -1.1407e-01   -1.5756e-02
  225.0    5.7850e-03    5.7141e-03    1.2396e-02    1.2266e-02
  228.0    6.4699e-03    5.7141e-03    1.3226e-01    3.5232e-03
  231.0    6.2682e-03    5.7141e-03    9.6963e-02    8.6552e-03
  15    41  13.63   60.0    1.0    0.0   ----------------------------
  111.0    5.8701e-03    5.5414e-03    5.9329e-02    8.2103e-02
  114.0    5.5554e-03    5.5414e-03    2.5299e-03    5.4280e-03
  117.0    4.4954e-03    5.5414e-03   -1.8876e-01   -5.1579e-02
  120.0    4.3872e-03    5.5414e-03   -2.0827e-01   -7.1985e-02
  123.0    4.4975e-03    5.5414e-03   -1.8837e-01   -6.1908e-02
  126.0    5.5621e-03    5.5414e-03    3.7483e-03   -2.5408e-02
  129.0    5.8983e-03    5.5414e-03    6.4422e-02   -5.7373e-03
  132.0    5.4017e-03    5.5414e-03   -2.5201e-02    1.6919e-02
  135.0    5.9251e-03    5.5414e-03    6.9244e-02    4.0225e-02
  138.0    6.0718e-03    5.5414e-03    9.5726e-02    4.7135e-02
  141.0    5.4417e-03    5.5414e-03   -1.7984e-02    3.8838e-02
  144.0    4.7952e-03    5.5414e-03   -1.3465e-01    1.6332e-02
  147.0    5.1137e-03    5.5414e-03   -7.7178e-02    2.8530e-02
  150.0    5.8644e-03    5.5414e-03    5.8296e-02    8.9473e-03
  153.0    5.5102e-03    5.5414e-03   -5.6137e-03   -3.2058e-03
  156.0    5.3920e-03    5.5414e-03   -2.6948e-02   -5.4877e-03
  159.0    6.1893e-03    5.5414e-03    1.1693e-01    2.5588e-02
  162.0    6.9335e-03    5.5414e-03    2.5123e-01    5.7749e-02
  165.0    6.3957e-03    5.5414e-03    1.5418e-01    3.3549e-02
  168.0    5.7183e-03    5.5414e-03    3.1933e-02    1.3210e-02
  171.0    5.9022e-03    5.5414e-03    6.5122e-02   -4.3389e-02
  174.0    5.2845e-03    5.5414e-03   -4.6345e-02   -6.1228e-02
  177.0    4.4151e-03    5.5414e-03   -2.0325e-01   -8.1454e-02
  180.0    4.2780e-03    5.5414e-03   -2.2798e-01   -8.2905e-02
  183.0    4.4154e-03    5.5414e-03   -2.0319e-01   -7.4316e-02
  186.0    5.2844e-03    5.5414e-03   -4.6379e-02   -4.5045e-02
  189.0    5.9018e-03    5.5414e-03    6.5045e-02   -9.1712e-03
  192.0    5.7184e-03    5.5414e-03    3.1949e-02    3.0589e-02
  195.0    6.3960e-03    5.5414e-03    1.5424e-01    5.7499e-02
  198.0    6.9334e-03    5.5414e-03    2.5120e-01    6.3142e-02
  201.0    6.1896e-03    5.5414e-03    1.1699e-01    3.3780e-02
  204.0    5.3921e-03    5.5414e-03   -2.6941e-02    1.5240e-02
  207.0    5.5099e-03    5.5414e-03   -5.6676e-03    4.4832e-03
  210.0    5.9166e-03    5.5414e-03    6.7711e-02    1.5213e-02
  213.0    5.1150e-03    5.5414e-03   -7.6944e-02    6.9380e-03
  216.0    4.7960e-03    5.5414e-03   -1.3451e-01    4.5310e-03
  219.0    5.4399e-03    5.5414e-03   -1.8311e-02    1.1376e-02
  222.0    6.0699e-03    5.5414e-03    9.5379e-02    1.9487e-02
  225.0    5.9226e-03    5.5414e-03    6.8802e-02    4.5345e-03
  228.0    5.3992e-03    5.5414e-03   -2.5645e-02   -2.1905e-02
  231.0    5.8968e-03    5.5414e-03    6.4145e-02   -3.6503e-02
  16    41  13.63   63.0    1.0    0.0   ----------------------------
  111.0    4.9364e-03    5.3441e-03   -7.6283e-02    3.4503e-02
  114.0    4.2674e-03    5.3441e-03   -2.0146e-01    2.7105e-03
  117.0    4.4043e-03    5.3441e-03   -1.7585e-01   -3.3497e-02
  120.0    4.3959e-03    5.3441e-03   -1.7743e-01   -1.1026e-02
  123.0    4.4452e-03    5.3441e-03   -1.6819e-01   -3.0871e-02
  126.0    4.2645e-03    5.3441e-03   -2.0201e-01   -2.6508e-02
  129.0    4.9402e-03    5.3441e-03   -7.5580e-02   -1.0978e-02
  132.0    5.3890e-03    5.3441e-03    8.4012e-03    4.4921e-03
  135.0    5.8606e-03    5.3441e-03    9.6644e-02    3.0940e-02
  138.0    6.2928e-03    5.3441e-03    1.7754e-01    2.8810e-02
  141.0    5.6452e-03    5.3441e-03    5.6339e-02    4.8646e-02
  144.0    5.2171e-03    5.3441e-03   -2.3754e-02    1.7058e-02
  147.0    4.4754e-03    5.3441e-03   -1.6254e-01   -2.8525e-02
  150.0    4.9734e-03    5.3441e-03   -6.9360e-02   -5.3470e-02
  153.0    5.0727e-03    5.3441e-03   -5.0779e-02   -2.0044e-02
  156.0    6.3683e-03    5.3441e-03    1.9165e-01    2.9968e-02
  159.0    7.1508e-03    5.3441e-03    3.3809e-01    5.5871e-02
  162.0    7.1501e-03    5.3441e-03    3.3796e-01    6.6924e-02
  165.0    6.0367e-03    5.3441e-03    1.2960e-01    3.1940e-02
  168.0    5.1001e-03    5.3441e-03   -4.5646e-02    1.6563e-02
  171.0    4.7070e-03    5.3441e-03   -1.1921e-01   -2.2301e-02
  174.0    4.6418e-03    5.3441e-03   -1.3141e-01   -2.0118e-02
  177.0    4.9110e-03    5.3441e-03   -8.1045e-02   -4.6966e-02
  180.0    4.5249e-03    5.3441e-03   -1.5328e-01   -2.7549e-02
  183.0    4.9107e-03    5.3441e-03   -8.1094e-02   -5.2924e-02
  186.0    4.6423e-03    5.3441e-03   -1.3132e-01   -5.2781e-02
  189.0    4.7071e-03    5.3441e-03   -1.1920e-01   -5.8630e-02
  192.0    5.1002e-03    5.3441e-03   -4.5641e-02   -2.8886e-02
  195.0    6.0369e-03    5.3441e-03    1.2963e-01    2.8338e-02
  198.0    7.1509e-03    5.3441e-03    3.3809e-01    3.1307e-02
  201.0    7.1504e-03    5.3441e-03    3.3800e-01    2.4804e-02
  204.0    6.3687e-03    5.3441e-03    1.9174e-01   -5.7552e-03
  207.0    5.0726e-03    5.3441e-03   -5.0792e-02    3.2558e-03
  210.0    4.9721e-03    5.3441e-03   -6.9610e-02    1.0419e-02
  213.0    4.4747e-03    5.3441e-03   -1.6269e-01   -7.0099e-03
  216.0    5.2196e-03    5.3441e-03   -2.3295e-02    1.1499e-02
  219.0    5.6480e-03    5.3441e-03    5.6864e-02    5.0039e-02
  222.0    6.2943e-03    5.3441e-03    1.7781e-01    9.7487e-02
  225.0    5.8618e-03    5.3441e-03    9.6873e-02    6.3589e-02
  228.0    5.3886e-03    5.3441e-03    8.3272e-03   -1.7767e-02
  231.0    4.9376e-03    5.3441e-03   -7.6054e-02   -1.3273e-01
  17    41  13.63   66.0    1.0    0.0   ----------------------------
  111.0    5.0297e-03    5.3167e-03   -5.3979e-02    4.5579e-03
  114.0    4.7183e-03    5.3167e-03   -1.1255e-01    1.2457e-02
  117.0    4.4947e-03    5.3167e-03   -1.5460e-01    2.0778e-02
  120.0    4.4267e-03    5.3167e-03   -1.6739e-01   -2.6989e-02
  123.0    4.4774e-03    5.3167e-03   -1.5786e-01   -1.6422e-02
  126.0    4.7347e-03    5.3167e-03   -1.0947e-01   -2.2255e-02
  129.0    5.0293e-03    5.3167e-03   -5.4046e-02   -3.4049e-04
  132.0    4.9233e-03    5.3167e-03   -7.3978e-02   -4.6006e-03
  135.0    5.7147e-03    5.3167e-03    7.4873e-02   -1.8625e-02
  138.0    6.5933e-03    5.3167e-03    2.4012e-01    1.6186e-02
  141.0    6.0092e-03    5.3167e-03    1.3025e-01    4.8483e-02
  144.0    6.2505e-03    5.3167e-03    1.7565e-01    4.6018e-02
  147.0    4.5791e-03    5.3167e-03   -1.3872e-01   -1.0630e-02
  150.0    3.4131e-03    5.3167e-03   -3.5803e-01   -6.2267e-02
  153.0    5.0993e-03    5.3167e-03   -4.0880e-02   -3.9014e-02
  156.0    7.4902e-03    5.3167e-03    4.0881e-01    1.7466e-02
  159.0    7.0154e-03    5.3167e-03    3.1951e-01    4.3599e-02
  162.0    6.0647e-03    5.3167e-03    1.4070e-01    2.9235e-02
  165.0    4.8837e-03    5.3167e-03   -8.1436e-02    1.7990e-02
  168.0    4.3283e-03    5.3167e-03   -1.8590e-01    6.5581e-03
  171.0    5.0789e-03    5.3167e-03   -4.4725e-02   -2.2748e-04
  174.0    5.1759e-03    5.3167e-03   -2.6471e-02   -3.0330e-02
  177.0    5.0454e-03    5.3167e-03   -5.1016e-02   -4.2641e-02
  180.0    4.7076e-03    5.3167e-03   -1.1456e-01   -3.7304e-02
  183.0    5.0459e-03    5.3167e-03   -5.0931e-02   -1.5905e-02
  186.0    5.1759e-03    5.3167e-03   -2.6477e-02    6.6580e-03
  189.0    5.0796e-03    5.3167e-03   -4.4589e-02    1.2928e-02
  192.0    4.3292e-03    5.3167e-03   -1.8573e-01    1.4656e-02
  195.0    4.8847e-03    5.3167e-03   -8.1252e-02    3.1378e-02
  198.0    6.0666e-03    5.3167e-03    1.4105e-01    2.2104e-02
  201.0    7.0168e-03    5.3167e-03    3.1978e-01    2.5796e-02
  204.0    7.4897e-03    5.3167e-03    4.0873e-01   -4.8175e-03
  207.0    5.0991e-03    5.3167e-03   -4.0923e-02   -4.9571e-03
  210.0    3.4134e-03    5.3167e-03   -3.5799e-01   -4.4038e-02
  213.0    4.5794e-03    5.3167e-03   -1.3867e-01   -3.1319e-02
  216.0    6.2512e-03    5.3167e-03    1.7577e-01   -3.8567e-03
  219.0    6.0114e-03    5.3167e-03    1.3067e-01    2.1676e-02
  222.0    6.5939e-03    5.3167e-03    2.4023e-01    2.8755e-02
  225.0    5.7150e-03    5.3167e-03    7.4930e-02    6.5927e-04
  228.0    4.9222e-03    5.3167e-03   -7.4187e-02   -3.9210e-03
  231.0    5.0256e-03    5.3167e-03   -5.4744e-02   -7.5541e-03
  18    41  13.63   69.0    1.0    0.0   ----------------------------
  111.0    5.3082e-03    5.1327e-03    3.4205e-02    5.6681e-02
  114.0    5.1943e-03    5.1327e-03    1.2009e-02    1.2929e-02
  117.0    4.6200e-03    5.1327e-03   -9.9877e-02   -2.4320e-02
  120.0    4.2069e-03    5.1327e-03   -1.8036e-01   -4.7138e-02
  123.0    4.6229e-03    5.1327e-03   -9.9319e-02   -4.4052e-02
  126.0    5.1984e-03    5.1327e-03    1.2794e-02   -2.1100e-02
  129.0    5.2976e-03    5.1327e-03    3.2140e-02   -8.5998e-04
  132.0    5.3891e-03    5.1327e-03    4.9959e-02    1.9854e-02
  135.0    6.1360e-03    5.1327e-03    1.9548e-01    1.2304e-02
  138.0    5.9136e-03    5.1327e-03    1.5214e-01    2.3902e-02
  141.0    5.0390e-03    5.1327e-03   -1.8257e-02    4.2784e-02
  144.0    5.3616e-03    5.1327e-03    4.4599e-02    2.1828e-02
  147.0    4.1318e-03    5.1327e-03   -1.9501e-01   -9.9606e-03
  150.0    3.2965e-03    5.1327e-03   -3.5775e-01   -5.5166e-02
  153.0    4.5362e-03    5.1327e-03   -1.1621e-01   -3.5335e-02
  156.0    6.5288e-03    5.1327e-03    2.7201e-01   -1.1701e-02
  159.0    5.0969e-03    5.1327e-03   -6.9774e-03    1.9627e-02
  162.0    4.9956e-03    5.1327e-03   -2.6701e-02    1.1072e-02
  165.0    6.0091e-03    5.1327e-03    1.7075e-01    5.2143e-03
  168.0    5.1164e-03    5.1327e-03   -3.1646e-03   -3.8574e-03
  171.0    5.1242e-03    5.1327e-03   -1.6576e-03    3.5885e-02
  174.0    5.4680e-03    5.1327e-03    6.5327e-02    2.9935e-02
  177.0    4.9961e-03    5.1327e-03   -2.6605e-02    2.0826e-02
  180.0    4.4092e-03    5.1327e-03   -1.4096e-01   -1.7290e-02
  183.0    4.9953e-03    5.1327e-03   -2.6768e-02   -5.4064e-03
  186.0    5.4675e-03    5.1327e-03    6.5224e-02   -2.5175e-02
  189.0    5.1234e-03    5.1327e-03   -1.8144e-03    2.6254e-04
  192.0    5.1177e-03    5.1327e-03   -2.9240e-03   -2.6269e-03
  195.0    6.0098e-03    5.1327e-03    1.7088e-01    2.5527e-02
  198.0    4.9960e-03    5.1327e-03   -2.6627e-02    2.0110e-03
  201.0    5.0964e-03    5.1327e-03   -7.0755e-03    1.3884e-02
  204.0    6.5282e-03    5.1327e-03    2.7189e-01    1.1968e-02
  207.0    4.5373e-03    5.1327e-03   -1.1599e-01   -2.0148e-02
  210.0    3.2968e-03    5.1327e-03   -3.5768e-01   -4.0176e-02
  213.0    4.1342e-03    5.1327e-03   -1.9454e-01   -4.6033e-02
  216.0    5.3634e-03    5.1327e-03    4.4959e-02   -4.8067e-03
  219.0    5.0401e-03    5.1327e-03   -1.8034e-02    2.1693e-02
  222.0    5.9139e-03    5.1327e-03    1.5221e-01   -5.3406e-04
  225.0    6.1362e-03    5.1327e-03    1.9552e-01    6.8596e-05
  228.0    5.3912e-03    5.1327e-03    5.0369e-02   -3.2512e-03
  231.0    5.2962e-03    5.1327e-03    3.1860e-02    3.0212e-02
  19    41  13.63   72.0    1.0    0.0   ----------------------------
  111.0    4.7845e-03    4.3060e-03    1.1113e-01   -4.5857e-02
  114.0    4.8859e-03    4.3060e-03    1.3467e-01   -2.0811e-02
  117.0    3.9398e-03    4.3060e-03   -8.5045e-02   -1.8817e-04
  120.0    4.4121e-03    4.3060e-03    2.4639e-02    3.2241e-02
  123.0    3.9449e-03    4.3060e-03   -8.3856e-02    3.7311e-02
  126.0    4.8775e-03    4.3060e-03    1.3273e-01    3.7041e-02
  129.0    4.8167e-03    4.3060e-03    1.1860e-01   -1.9961e-03
  132.0    4.7724e-03    4.3060e-03    1.0830e-01    2.6812e-02
  135.0    6.0664e-03    4.3060e-03    4.0882e-01    2.6184e-02
  138.0    6.0988e-03    4.3060e-03    4.1634e-01    1.1326e-02
  141.0    3.9137e-03    4.3060e-03   -9.1109e-02   -7.2880e-03
  144.0    2.5662e-03    4.3060e-03   -4.0403e-01   -9.4223e-03
  147.0    2.2853e-03    4.3060e-03   -4.6927e-01   -2.4928e-02
  150.0    2.5571e-03    4.3060e-03   -4.0614e-01   -9.1082e-02
  153.0    3.4456e-03    4.3060e-03   -1.9981e-01   -7.3257e-02
  156.0    2.9818e-03    4.3060e-03   -3.0751e-01   -2.0920e-02
  159.0    3.6498e-03    4.3060e-03   -1.5239e-01    6.5417e-02
  162.0    5.3107e-03    4.3060e-03    2.3333e-01    3.5777e-02
  165.0    5.9492e-03    4.3060e-03    3.8162e-01    4.3288e-02
  168.0    4.4933e-03    4.3060e-03    4.3493e-02   -2.4941e-02
  171.0    4.4850e-03    4.3060e-03    4.1574e-02   -2.4014e-02
  174.0    4.8531e-03    4.3060e-03    1.2705e-01   -3.0105e-02
  177.0    4.2233e-03    4.3060e-03   -1.9204e-02    2.7130e-04
  180.0    4.7720e-03    4.3060e-03    1.0822e-01    2.5675e-02
  183.0    4.2236e-03    4.3060e-03   -1.9133e-02   -8.9069e-03
  186.0    4.8528e-03    4.3060e-03    1.2699e-01   -4.9613e-03
  189.0    4.4849e-03    4.3060e-03    4.1542e-02   -1.5606e-02
  192.0    4.4934e-03    4.3060e-03    4.3523e-02    1.7231e-02
  195.0    5.9493e-03    4.3060e-03    3.8164e-01    5.1319e-02
  198.0    5.3109e-03    4.3060e-03    2.3338e-01    7.1924e-02
  201.0    3.6501e-03    4.3060e-03   -1.5233e-01    4.2410e-02
  204.0    2.9822e-03    4.3060e-03   -3.0743e-01    1.8820e-02
  207.0    3.4457e-03    4.3060e-03   -1.9980e-01   -7.5409e-02
  210.0    2.5568e-03    4.3060e-03   -4.0623e-01   -4.3317e-02
  213.0    2.2862e-03    4.3060e-03   -4.6908e-01   -6.4748e-02
  216.0    2.5674e-03    4.3060e-03   -4.0377e-01   -1.3447e-02
  219.0    3.9125e-03    4.3060e-03   -9.1394e-02    2.1007e-02
  222.0    6.0965e-03    4.3060e-03    4.1581e-01    4.6377e-02
  225.0    6.0642e-03    4.3060e-03    4.0831e-01    2.2611e-02
  228.0    4.7711e-03    4.3060e-03    1.0801e-01   -2.8860e-02
  231.0    4.8133e-03    4.3060e-03    1.1782e-01   -7.4749e-04

fitted parameters ( nfit =  0  nfollow =  0  )

   r-factora =    0.6793   r-factorb =    0.8675

    0     0.10    174.0    4.086           general vinner tdebye lattice
    1  0.00000  0.00000  0.61400  0.61400  layer spacing length units
    2  0.53100  0.35414  0.61356  0.61356  layer spacing length units
    3  0.53100  0.00000  0.61356  0.61356  layer spacing length units
    4  0.43100  0.00000  0.70705  0.70705  layer spacing length units
    5  0.65000  0.40822  0.70705  0.70705  layer spacing length units
    6  0.75000  0.40822  0.70705  0.70705  layer spacing length units
    7  0.57562  0.00000  0.70705  0.70705  layer spacing length units
    8  0.57562  0.40822  0.70705  0.70705  layer spacing length units
    9  0.57562  0.40822  0.70705  0.70705  layer spacing length units
   10  0.57562  0.00000  0.70705  0.70705  layer spacing length units
   11  0.57562  0.40822  0.70705  0.70705  layer spacing length units
   12  0.57562  0.40822  0.70705  0.70705  layer spacing length units
   13  0.57562  0.00000  0.70705  0.70705  layer spacing length units
                                           unit: lattice constant

   r-factora=sum((chic-chie)*(chic-chie))/(sum(chic*chic+chie*chie)
   r-factorb=sum(chic*chic-chie*chie)/sum(chic*chic+chie*chie)

This calculation took   94 processor seconds on    1 Linux Cluster
     starting on Fri Oct  9 00:03:47 2026
   and ending on Fri Oct  9 00:04:01 2026

