[timer] -- ate readparameter          0.006 s
[dedup] 1 presenca (tabela)            2.240 s
[dedup] 2 escolha do nsymm             0.589 s
[dedup] 3 indice de cada trio          1.282 s
[timer] C indexa natoms^3             4.223 s
[timer] D estatisticas                0.027 s
[timer] symtrivert TOTAL              4.250 s
[timer] symdblvert                    0.035 s
[timer]   precut vibracionais         0.001 s
[timer]   precut rotacionais          0.012 s
[timer]   precut esfericas+cortes     0.208 s
[alltri] 15821 cabecas de 7805826 trios
[timer]   precut   (alltrievent: cabecas em serie)    0.000 s
[timer]   precut alltrievent          1.610 s
[timer]   precut maximo do pemeven    0.140 s
[timer]   precut   (pathcut: subida)    0.906 s
[timer]   precut   (pathcut: passos)    1.410 s
[timer]   precut pathcut msorder x natoms^3    0.018 s
[timer]   precut   (estatisticas: laco)    0.047 s
[timer]   precut   (estatisticas: resto e saida)    0.026 s
[timer]   precut estatisticas+alocacoes    0.073 s
[timer] precutable                    4.451 s
[timer] sendjobs/receivejobs          0.000 s
[timer]   (antes de maketripar)       0.064 s
[timer]   maketripar                  0.112 s
[timer]   makedblpar                  0.001 s
[timer]   allrotation natoms^3        0.000 s
[timer]   alltrievent(0) do laco      0.291 s
[timer]   gpu: preparo do host        0.000 s
[timer]   gpu: mscdgpu_setup (contexto + tabelas)    0.005 s
GPU: U com 7941 de 926406 posicoes, 5205 de 515782 pares distintos
GPU summation: 1743 pares, 7767 trios, 34422 slots, 3 emissores, 3.9 MB de produtos
[timer]   gpu: setup_summation (trios, slots, itens)    0.016 s
GPU: pronta (515782 pares, radim=15, alnum=20, rlnum=20, lamdum=25, betanum=361, halnum=20, handata=101, cmnum=5, nkind=2)
[hist] visitas potenciais (m,ia,ib,ic) 5355553086
[hist]   podados por tevencut (par ia,ib) 5353874577  99.97%
[hist]   podados por evedim<1 ou ic==ib   1670742   0.03%
[hist]   evedim= 1          2343 trios   0.00% das visitas          2343 MACs
[hist]   evedim= 3          3860 trios   0.00% das visitas         34740 MACs
[hist]   evedim= 6           279 trios   0.00% das visitas         10044 MACs
[hist]   evedim=10            90 trios   0.00% das visitas          9000 MACs
[hist]   evedim=15          1195 trios   0.00% das visitas        268875 MACs
[acc rank 0] dentro do laco dos pontos  soma dos trechos    5.042 s
[acc rank 0]   thetainside                       0.002 s    0.03%       3895 chamadas
[acc rank 0]   alldblevent                       0.111 s    2.20%       3895 chamadas
[acc rank 0]   allevendetec                      0.300 s    5.95%       3895 chamadas
[acc rank 0]   summation: laco de m (gpu)        0.137 s    2.71%       3895 chamadas
[acc rank 0]   summation: bloco final (onevenemit)    3.789 s   75.16%       3895 chamadas
[acc rank 0]   summation: espera da placa        0.097 s    1.92%       3895 chamadas
[acc rank 0]   summation: somas finais           0.607 s   12.03%       3895 chamadas
[timer] laco dos 779 pontos           5.550 s
