[timer] -- ate readparameter          0.011 s
[timer] A dedup natoms^3             10.002 s
[timer] B ordena+compacta baldes      0.296 s
[timer] C indexa natoms^3             0.697 s
[timer] D estatisticas                0.014 s
[timer] symtrivert TOTAL             11.009 s
[timer] symdblvert                    1.083 s
[timer]   precut vibracionais         0.001 s
[timer]   precut rotacionais          0.017 s
[timer]   precut esfericas+cortes     0.181 s
[timer]   precut alltrievent          5.466 s
[timer]   precut maximo do pemeven    0.028 s
[timer]   precut pathcut msorder x natoms^3    4.979 s
[timer]   precut estatisticas+alocacoes    0.934 s
[timer] precutable                   11.606 s
[timer] sendjobs/receivejobs          0.000 s
[timer]   (antes de maketripar)       0.008 s
[timer]   maketripar                  0.066 s
[timer]   makedblpar                  0.000 s
[timer]   allrotation natoms^3        0.633 s
GPU summation: 7551 pares, 79219 trios, 258797 slots, 7 emissores, 25.8 MB de produtos
GPU: pronta (40886 pares, radim=15, alnum=20, rlnum=20, lamdum=25, betanum=361, halnum=20, handata=101, cmnum=5, nkind=3)
[hist] visitas potenciais (m,ia,ib,ic) 198124950
[hist]   podados por tevencut (par ia,ib) 195353733  98.60%
[hist]   podados por evedim<1 ou ic==ib   2691998   1.36%
[hist]   evedim= 1         14740 trios   0.01% das visitas         14740 MACs
[hist]   evedim= 3         53205 trios   0.03% das visitas        478845 MACs
[hist]   evedim= 6          7732 trios   0.00% das visitas        278352 MACs
[hist]   evedim=10          3016 trios   0.00% das visitas        301600 MACs
[hist]   evedim=15           526 trios   0.00% das visitas        118350 MACs
[acc rank 0] dentro do laco dos pontos  soma dos trechos   44.569 s
[acc rank 0]   thetainside                       0.014 s    0.03%      12000 chamadas
[acc rank 0]   alldblevent                       1.925 s    4.32%      12000 chamadas
[acc rank 0]   allevendetec                      8.573 s   19.23%      12000 chamadas
[acc rank 0]   summation: laco de m (gpu)        0.554 s    1.24%      12000 chamadas
[acc rank 0]   summation: bloco final (onevenemit)   30.910 s   69.35%      12000 chamadas
[acc rank 0]   summation: espera da placa        1.212 s    2.72%      12000 chamadas
[acc rank 0]   summation: somas finais           1.381 s    3.10%      12000 chamadas
[timer] laco dos 779 pontos          45.682 s
