[timer] -- ate readparameter          0.010 s
[reanalyze] estouro em ia=118 de 367 (nsymm=6734)
[reanalyze] estouro em ia=313 de 367 (nsymm=3367)
[timer] A dedup natoms^3              4.942 s
[timer] B ordena+compacta baldes      0.293 s
[timer] C indexa natoms^3             0.935 s
[timer] D estatisticas                0.020 s
[timer] symtrivert TOTAL              6.190 s
[timer] symdblvert                    1.096 s
[timer]   precut vibracionais         0.001 s
[timer]   precut rotacionais          0.016 s
[timer]   precut esfericas+cortes     0.121 s
[timer]   precut alltrievent          1.838 s
[timer]   precut maximo do pemeven    0.038 s
[timer]   precut pathcut msorder x natoms^3    0.494 s
[timer]   precut estatisticas+alocacoes    0.898 s
[timer] precutable                    3.407 s
[timer] sendjobs/receivejobs          0.000 s
[timer]   (antes de maketripar)       0.009 s
[timer]   maketripar                  0.065 s
[timer]   makedblpar                  0.000 s
[timer]   allrotation natoms^3        0.621 s
[timer]   alltrievent(0) do laco      0.214 s
GPU summation: 7551 pares, 79219 trios, 258797 slots, 7 emissores, 25.8 MB de produtos
GPU: pronta (40886 pares, radim=15, alnum=20, rlnum=20, lamdum=25, betanum=361, halnum=20, handata=101, cmnum=5, nkind=3)
[hist] visitas potenciais (m,ia,ib,ic) 198124950
[hist]   podados por tevencut (par ia,ib) 195353733  98.60%
[hist]   podados por evedim<1 ou ic==ib   2691998   1.36%
[hist]   evedim= 1         14740 trios   0.01% das visitas         14740 MACs
[hist]   evedim= 3         53205 trios   0.03% das visitas        478845 MACs
[hist]   evedim= 6          7732 trios   0.00% das visitas        278352 MACs
[hist]   evedim=10          3016 trios   0.00% das visitas        301600 MACs
[hist]   evedim=15           526 trios   0.00% das visitas        118350 MACs
[acc rank 0] dentro do laco dos pontos  soma dos trechos   16.694 s
[acc rank 0]   thetainside                       0.014 s    0.09%      12000 chamadas
[acc rank 0]   alldblevent                       1.376 s    8.24%      12000 chamadas
[acc rank 0]   allevendetec                      3.443 s   20.63%      12000 chamadas
[acc rank 0]   summation: laco de m (gpu)        0.585 s    3.51%      12000 chamadas
[acc rank 0]   summation: bloco final (onevenemit)    7.375 s   44.18%      12000 chamadas
[acc rank 0]   summation: espera da placa        2.281 s   13.66%      12000 chamadas
[acc rank 0]   summation: somas finais           1.618 s    9.69%      12000 chamadas
[timer] laco dos 779 pontos          17.826 s
