GPUPROF m=6 pares=430 trios: media 3.9 max 77 | passos por thread: media 7.9 max 332
GPUPROF m=5 pares=648 trios: media 3.5 max 72 | passos por thread: media 6.3 max 299
GPUPROF m=4 pares=1151 trios: media 3.4 max 78 | passos por thread: media 5.8 max 253
GPUPROF m=3 pares=3738 trios: media 4.1 max 166 | passos por thread: media 8.9 max 472
GPUPROF m=2 pares=1584 trios: media 35.3 max 366 | passos por thread: media 133.4 max 5485
GPU summation: 7551 pares, 79219 trios, 258797 slots, 7 emissores, 25.8 MB de produtos
GPU: pronta (40886 pares, radim=15, alnum=20, rlnum=20, lamdum=25, betanum=361, halnum=20, handata=101, cmnum=5, nkind=3)
FINALPROF 2000 chamadas: geometria 0.28 s, simulacao 0.03 s, valores 0.25 s
GPUPROF 2000 chamadas, ms acumulados por trecho: 112 41 7 15 30 6 16 29 6 39 66 8 341 252 6 109
GPUPROF allevendetec 2000 chamadas 211 ms
FINALPROF 4000 chamadas: geometria 0.56 s, simulacao 0.06 s, valores 0.51 s
GPUPROF 4000 chamadas, ms acumulados por trecho: 224 82 13 31 60 11 31 58 13 79 132 16 681 505 12 218
GPUPROF allevendetec 4000 chamadas 419 ms
FINALPROF 6000 chamadas: geometria 0.84 s, simulacao 0.09 s, valores 0.77 s
GPUPROF 6000 chamadas, ms acumulados por trecho: 336 122 20 46 90 17 47 87 19 118 198 24 1022 757 19 327
GPUPROF allevendetec 6000 chamadas 641 ms
FINALPROF 8000 chamadas: geometria 1.13 s, simulacao 0.12 s, valores 1.04 s
GPUPROF 8000 chamadas, ms acumulados por trecho: 448 163 26 62 120 22 62 116 26 157 264 32 1363 1010 25 436
GPUPROF allevendetec 8000 chamadas 871 ms
FINALPROF 10000 chamadas: geometria 1.41 s, simulacao 0.15 s, valores 1.30 s
GPUPROF 10000 chamadas, ms acumulados por trecho: 560 204 33 77 151 28 78 145 32 196 330 40 1704 1262 31 546
GPUPROF allevendetec 10000 chamadas 1085 ms
FINALPROF 12000 chamadas: geometria 1.70 s, simulacao 0.18 s, valores 1.57 s
GPUPROF 12000 chamadas, ms acumulados por trecho: 673 244 40 93 181 34 93 174 39 235 396 48 2045 1515 37 655
