GPUPROF m=6 pares=430 trios: media 3.9 max 77 | passos por thread: media 7.9 max 332
GPUPROF m=5 pares=648 trios: media 3.5 max 72 | passos por thread: media 6.3 max 299
GPUPROF m=4 pares=1151 trios: media 3.4 max 78 | passos por thread: media 5.8 max 253
GPUPROF m=3 pares=3738 trios: media 4.1 max 166 | passos por thread: media 8.9 max 472
GPUPROF m=2 pares=1584 trios: media 35.3 max 366 | passos por thread: media 133.4 max 5485
GPU summation: 7551 pares, 79219 trios, 258797 slots, 7 emissores, 25.8 MB de produtos
GPU: pronta (40886 pares, radim=15, alnum=20, rlnum=20, lamdum=25, betanum=361, halnum=20, handata=101, cmnum=5, nkind=3)
FINALPROF 2000 chamadas: geometria 0.28 s, simulacao 0.04 s, valores 0.30 s
GPUPROF 2000 chamadas, ms acumulados por trecho: 115 33 7 15 29 6 16 42 7 39 139 7 340 379 6 110
GPUPROF allevendetec 2000 chamadas 468 ms
FINALPROF 4000 chamadas: geometria 0.58 s, simulacao 0.07 s, valores 0.60 s
GPUPROF 4000 chamadas, ms acumulados por trecho: 228 66 13 31 59 11 31 83 13 79 278 15 679 759 13 219
GPUPROF allevendetec 4000 chamadas 968 ms
FINALPROF 6000 chamadas: geometria 0.87 s, simulacao 0.10 s, valores 0.91 s
GPUPROF 6000 chamadas, ms acumulados por trecho: 341 98 20 46 88 17 47 125 20 118 416 22 1019 1138 19 329
GPUPROF allevendetec 6000 chamadas 1459 ms
FINALPROF 8000 chamadas: geometria 1.18 s, simulacao 0.14 s, valores 1.22 s
GPUPROF 8000 chamadas, ms acumulados por trecho: 454 131 27 62 117 23 62 166 26 157 555 30 1359 1518 25 439
GPUPROF allevendetec 8000 chamadas 1968 ms
FINALPROF 10000 chamadas: geometria 1.47 s, simulacao 0.17 s, valores 1.53 s
GPUPROF 10000 chamadas, ms acumulados por trecho: 567 164 33 77 147 29 78 208 33 197 694 37 1699 1898 31 548
GPUPROF allevendetec 10000 chamadas 2465 ms
FINALPROF 12000 chamadas: geometria 1.77 s, simulacao 0.21 s, valores 1.84 s
GPUPROF 12000 chamadas, ms acumulados por trecho: 680 196 40 93 176 34 93 249 39 236 833 44 2039 2277 38 658
