GPUPROF m=6 pares=430 trios: media 3.9 max 77 | passos por thread: media 7.9 max 332
GPUPROF m=5 pares=648 trios: media 3.5 max 72 | passos por thread: media 6.3 max 299
GPUPROF m=4 pares=1151 trios: media 3.4 max 78 | passos por thread: media 5.8 max 253
GPUPROF m=3 pares=3738 trios: media 4.1 max 166 | passos por thread: media 8.9 max 472
GPUPROF m=2 pares=1584 trios: media 35.3 max 366 | passos por thread: media 133.4 max 5485
GPU summation: 7551 pares, 79219 trios, 258797 slots, 7 emissores, 25.8 MB de produtos
GPU: pronta (40886 pares, radim=15, alnum=20, rlnum=20, lamdum=25, betanum=361, halnum=20, handata=101, cmnum=5, nkind=3)
FINALPROF 2000 chamadas: geometria 0.28 s, simulacao 0.03 s, valores 0.26 s
GPUPROF 2000 chamadas, ms acumulados por trecho: 111 38 7 15 30 6 15 29 7 39 56 8 344 275 6 109
GPUPROF allevendetec 2000 chamadas 204 ms
FINALPROF 4000 chamadas: geometria 0.56 s, simulacao 0.06 s, valores 0.53 s
GPUPROF 4000 chamadas, ms acumulados por trecho: 223 75 13 31 60 11 31 57 13 78 113 16 687 551 12 218
GPUPROF allevendetec 4000 chamadas 404 ms
FINALPROF 6000 chamadas: geometria 0.88 s, simulacao 0.10 s, valores 0.86 s
GPUPROF 6000 chamadas, ms acumulados por trecho: 335 113 20 46 89 17 47 86 20 118 169 24 1031 826 19 326
GPUPROF allevendetec 6000 chamadas 689 ms
FINALPROF 8000 chamadas: geometria 1.19 s, simulacao 0.13 s, valores 1.17 s
GPUPROF 8000 chamadas, ms acumulados por trecho: 446 150 27 62 119 23 62 114 26 157 225 32 1375 1101 25 435
GPUPROF allevendetec 8000 chamadas 964 ms
FINALPROF 10000 chamadas: geometria 1.48 s, simulacao 0.16 s, valores 1.44 s
GPUPROF 10000 chamadas, ms acumulados por trecho: 558 188 33 77 149 28 77 143 33 196 282 40 1719 1376 31 544
GPUPROF allevendetec 10000 chamadas 1166 ms
FINALPROF 12000 chamadas: geometria 1.77 s, simulacao 0.19 s, valores 1.72 s
GPUPROF 12000 chamadas, ms acumulados por trecho: 669 225 40 92 179 34 93 172 39 235 338 49 2063 1651 37 652
