GPUPROF m=6 pares=430 trios: media 3.9 max 77 | passos por thread: media 7.9 max 332
GPUPROF m=5 pares=648 trios: media 3.5 max 72 | passos por thread: media 6.3 max 299
GPUPROF m=4 pares=1151 trios: media 3.4 max 78 | passos por thread: media 5.8 max 253
GPUPROF m=3 pares=3738 trios: media 4.1 max 166 | passos por thread: media 8.9 max 472
GPUPROF m=2 pares=1584 trios: media 35.3 max 366 | passos por thread: media 133.4 max 5485
GPU summation: 7551 pares, 79219 trios, 258797 slots, 7 emissores, 25.8 MB de produtos
GPU: pronta (40886 pares, radim=15, alnum=20, rlnum=20, lamdum=25, betanum=361, halnum=20, handata=101, cmnum=5, nkind=3)
FINALPROF 2000 chamadas: geometria 0.28 s, simulacao 0.03 s, valores 0.26 s
GPUPROF 2000 chamadas, ms acumulados por trecho: 112 41 7 15 30 6 16 29 6 39 59 8 344 252 6 109
GPUPROF allevendetec 2000 chamadas 219 ms
FINALPROF 4000 chamadas: geometria 0.56 s, simulacao 0.06 s, valores 0.53 s
GPUPROF 4000 chamadas, ms acumulados por trecho: 224 81 13 31 60 11 31 58 13 79 118 16 687 505 12 218
GPUPROF allevendetec 4000 chamadas 444 ms
FINALPROF 6000 chamadas: geometria 0.85 s, simulacao 0.09 s, valores 0.79 s
GPUPROF 6000 chamadas, ms acumulados por trecho: 336 122 20 46 90 17 47 87 19 118 177 25 1030 757 19 328
GPUPROF allevendetec 6000 chamadas 649 ms
FINALPROF 8000 chamadas: geometria 1.13 s, simulacao 0.12 s, valores 1.06 s
GPUPROF 8000 chamadas, ms acumulados por trecho: 448 162 27 61 120 23 62 116 26 157 236 33 1374 1009 25 437
GPUPROF allevendetec 8000 chamadas 868 ms
FINALPROF 10000 chamadas: geometria 1.42 s, simulacao 0.15 s, valores 1.33 s
GPUPROF 10000 chamadas, ms acumulados por trecho: 560 203 33 77 151 28 78 145 32 196 295 41 1717 1262 31 546
GPUPROF allevendetec 10000 chamadas 1084 ms
FINALPROF 12000 chamadas: geometria 1.71 s, simulacao 0.18 s, valores 1.59 s
GPUPROF 12000 chamadas, ms acumulados por trecho: 672 244 40 92 181 34 93 174 39 236 354 49 2060 1514 37 655
