GPUPROF m=6 pares=430 trios: media 3.9 max 77 | passos por thread: media 7.9 max 332
GPUPROF m=5 pares=648 trios: media 3.5 max 72 | passos por thread: media 6.3 max 299
GPUPROF m=4 pares=1151 trios: media 3.4 max 78 | passos por thread: media 5.8 max 253
GPUPROF m=3 pares=3738 trios: media 4.1 max 166 | passos por thread: media 8.9 max 472
GPUPROF m=2 pares=1584 trios: media 35.3 max 366 | passos por thread: media 133.4 max 5485
GPU summation: 7551 pares, 79219 trios, 258797 slots, 7 emissores, 25.8 MB de produtos
GPU: pronta (40886 pares, radim=15, alnum=20, rlnum=20, lamdum=25, betanum=361, halnum=20, handata=101, cmnum=5, nkind=3)
FINALPROF 2000 chamadas: geometria 0.28 s, simulacao 0.04 s, valores 0.31 s
GPUPROF 2000 chamadas, ms acumulados por trecho: 113 37 7 15 30 6 16 29 7 40 57 8 344 562 6 110
GPUPROF allevendetec 2000 chamadas 519 ms
FINALPROF 4000 chamadas: geometria 0.59 s, simulacao 0.07 s, valores 0.64 s
GPUPROF 4000 chamadas, ms acumulados por trecho: 226 75 13 31 60 11 31 57 13 79 113 16 689 1123 13 219
GPUPROF allevendetec 4000 chamadas 1034 ms
FINALPROF 6000 chamadas: geometria 0.88 s, simulacao 0.11 s, valores 0.97 s
GPUPROF 6000 chamadas, ms acumulados por trecho: 339 112 20 46 90 17 47 86 20 118 170 25 1033 1685 19 328
GPUPROF allevendetec 6000 chamadas 1532 ms
FINALPROF 8000 chamadas: geometria 1.19 s, simulacao 0.14 s, valores 1.29 s
GPUPROF 8000 chamadas, ms acumulados por trecho: 453 149 27 62 119 23 62 115 26 158 226 33 1378 2247 25 437
GPUPROF allevendetec 8000 chamadas 2062 ms
FINALPROF 10000 chamadas: geometria 1.50 s, simulacao 0.18 s, valores 1.60 s
GPUPROF 10000 chamadas, ms acumulados por trecho: 565 187 34 77 149 29 78 143 33 197 283 41 1722 2808 31 547
GPUPROF allevendetec 10000 chamadas 2571 ms
FINALPROF 12000 chamadas: geometria 1.84 s, simulacao 0.22 s, valores 1.99 s
GPUPROF 12000 chamadas, ms acumulados por trecho: 677 224 40 92 179 34 93 172 39 236 339 49 2065 3369 37 656
