GPUPROF m=6 pares=430 trios: media 3.9 max 77 | passos por thread: media 7.9 max 332
GPUPROF m=5 pares=648 trios: media 3.5 max 72 | passos por thread: media 6.3 max 299
GPUPROF m=4 pares=1151 trios: media 3.4 max 78 | passos por thread: media 5.8 max 253
GPUPROF m=3 pares=3738 trios: media 4.1 max 166 | passos por thread: media 8.9 max 472
GPUPROF m=2 pares=1584 trios: media 35.3 max 366 | passos por thread: media 133.4 max 5485
GPU summation: 7551 pares, 79219 trios, 258797 slots, 7 emissores, 25.8 MB de produtos
GPU: pronta (40886 pares, radim=15, alnum=20, rlnum=20, lamdum=25, betanum=361, halnum=20, handata=101, cmnum=5, nkind=3)
FINALPROF 2000 chamadas: geometria 0.55 s, simulacao 0.07 s, valores 0.76 s
GPUPROF 2000 chamadas, ms acumulados por trecho: 114 38 7 16 30 6 16 29 7 40 57 8 345 563 6 109
GPUPROF allevendetec 2000 chamadas 623 ms
FINALPROF 4000 chamadas: geometria 1.07 s, simulacao 0.14 s, valores 1.45 s
GPUPROF 4000 chamadas, ms acumulados por trecho: 228 75 14 31 61 12 31 58 14 80 114 17 691 1123 13 218
GPUPROF allevendetec 4000 chamadas 1241 ms
FINALPROF 6000 chamadas: geometria 1.61 s, simulacao 0.20 s, valores 2.14 s
GPUPROF 6000 chamadas, ms acumulados por trecho: 342 113 21 47 91 18 47 87 20 119 171 25 1036 1683 19 326
GPUPROF allevendetec 6000 chamadas 1873 ms
FINALPROF 8000 chamadas: geometria 2.13 s, simulacao 0.27 s, valores 2.81 s
GPUPROF 8000 chamadas, ms acumulados por trecho: 456 150 28 63 121 24 63 116 27 159 228 34 1381 2243 26 435
GPUPROF allevendetec 8000 chamadas 2501 ms
FINALPROF 10000 chamadas: geometria 2.59 s, simulacao 0.33 s, valores 3.41 s
GPUPROF 10000 chamadas, ms acumulados por trecho: 568 187 35 78 151 30 78 145 34 199 285 42 1725 2802 32 543
GPUPROF allevendetec 10000 chamadas 2846 ms
FINALPROF 12000 chamadas: geometria 3.11 s, simulacao 0.39 s, valores 4.05 s
GPUPROF 12000 chamadas, ms acumulados por trecho: 682 224 42 94 181 36 94 174 41 238 341 51 2070 3362 38 652
