[timer] -- ate readparameter          0.010 s
[timer] C indexa natoms^3             3.034 s
[timer] D estatisticas                0.020 s
[timer] symtrivert TOTAL              3.054 s
[timer] symdblvert                    1.209 s
[timer]   precut vibracionais         0.001 s
[timer]   precut rotacionais          0.017 s
[timer]   precut esfericas+cortes     0.138 s
[timer]   precut alltrievent          1.754 s
[timer]   precut maximo do pemeven    0.034 s
[timer]   precut pathcut msorder x natoms^3    0.444 s
[timer]   precut estatisticas+alocacoes    0.591 s
[timer] precutable                    2.978 s
[timer] sendjobs/receivejobs          0.000 s
[timer]   (antes de maketripar)       0.007 s
[timer]   maketripar                  0.052 s
[timer]   makedblpar                  0.000 s
[timer]   allrotation natoms^3        0.781 s
[timer]   alltrievent(0) do laco      0.223 s
[timer]   gpu: preparo do host        0.000 s
[timer]   gpu: mscdgpu_setup (contexto + tabelas)    0.001 s
GPU summation: 7551 pares, 79219 trios, 258797 slots, 7 emissores, 25.8 MB de produtos
[timer]   gpu: setup_summation (trios, slots, itens)    0.019 s
GPU: pronta (40886 pares, radim=15, alnum=20, rlnum=20, lamdum=25, betanum=361, halnum=20, handata=101, cmnum=5, nkind=3)
[hist] visitas potenciais (m,ia,ib,ic) 198124950
[hist]   podados por tevencut (par ia,ib) 195353733  98.60%
[hist]   podados por evedim<1 ou ic==ib   2691998   1.36%
[hist]   evedim= 1         14740 trios   0.01% das visitas         14740 MACs
[hist]   evedim= 3         53205 trios   0.03% das visitas        478845 MACs
[hist]   evedim= 6          7732 trios   0.00% das visitas        278352 MACs
[hist]   evedim=10          3016 trios   0.00% das visitas        301600 MACs
[hist]   evedim=15           526 trios   0.00% das visitas        118350 MACs
[acc rank 0] dentro do laco dos pontos  soma dos trechos   15.412 s
[acc rank 0]   thetainside                       0.015 s    0.10%      12000 chamadas
[acc rank 0]   alldblevent                       1.226 s    7.95%      12000 chamadas
[acc rank 0]   allevendetec                      3.183 s   20.66%      12000 chamadas
[acc rank 0]   summation: laco de m (gpu)        0.653 s    4.24%      12000 chamadas
[acc rank 0]   summation: bloco final (onevenemit)    7.717 s   50.07%      12000 chamadas
[acc rank 0]   summation: espera da placa        0.965 s    6.26%      12000 chamadas
[acc rank 0]   summation: somas finais           1.652 s   10.72%      12000 chamadas
[timer] laco dos 779 pontos          16.679 s
