GPUPROF m=6 pares=430 trios: media 3.9 max 77 | passos por thread: media 7.9 max 332
GPUPROF m=5 pares=648 trios: media 3.5 max 72 | passos por thread: media 6.3 max 299
GPUPROF m=4 pares=1151 trios: media 3.4 max 78 | passos por thread: media 5.8 max 253
GPUPROF m=3 pares=3738 trios: media 4.1 max 166 | passos por thread: media 8.9 max 472
GPUPROF m=2 pares=1584 trios: media 35.3 max 366 | passos por thread: media 133.4 max 5485
GPU summation: 7551 pares, 79219 trios, 258797 slots, 7 emissores, 25.8 MB de produtos
GPU: pronta (40886 pares, radim=15, alnum=20, rlnum=20, lamdum=25, betanum=361, halnum=20, handata=101, cmnum=5, nkind=3)
FINALPROF 2000 chamadas: geometria 0.34 s, simulacao 0.05 s, valores 0.41 s
GPUPROF 2000 chamadas, ms acumulados por trecho: 112 37 7 15 30 6 16 29 7 39 56 8 344 377 6 109
GPUPROF allevendetec 2000 chamadas 470 ms
FINALPROF 4000 chamadas: geometria 0.70 s, simulacao 0.10 s, valores 0.84 s
GPUPROF 4000 chamadas, ms acumulados por trecho: 223 74 13 31 60 11 31 57 13 79 113 16 687 753 12 219
GPUPROF allevendetec 4000 chamadas 953 ms
FINALPROF 6000 chamadas: geometria 1.07 s, simulacao 0.15 s, valores 1.30 s
GPUPROF 6000 chamadas, ms acumulados por trecho: 335 112 20 46 90 17 46 86 20 118 169 24 1031 1130 19 328
GPUPROF allevendetec 6000 chamadas 1442 ms
FINALPROF 8000 chamadas: geometria 1.45 s, simulacao 0.20 s, valores 1.76 s
GPUPROF 8000 chamadas, ms acumulados por trecho: 447 149 27 61 119 23 62 115 26 157 226 33 1375 1507 25 437
GPUPROF allevendetec 8000 chamadas 1914 ms
FINALPROF 10000 chamadas: geometria 1.82 s, simulacao 0.25 s, valores 2.20 s
GPUPROF 10000 chamadas, ms acumulados por trecho: 558 186 33 77 149 29 77 143 33 197 282 41 1719 1884 31 546
GPUPROF allevendetec 10000 chamadas 2393 ms
FINALPROF 12000 chamadas: geometria 2.18 s, simulacao 0.30 s, valores 2.64 s
GPUPROF 12000 chamadas, ms acumulados por trecho: 670 223 40 92 179 34 93 172 39 236 339 49 2063 2261 37 655
