   223    26     0     datakind beginning-row multi-curves
-----------------------------------------------------------------
Calculation of photoelectron diffraction and dichroism
MSCD Parallel  Version 1.37 Yufeng Chen and Michel A Van Hove
Lawrence Berkeley National Laboratory (LBNL), Berkeley, CA 94720
Copyright (c) Van Hove Group 1997-1998. All rights reserved
-----------------------------------------------------------------
 angle-resolved photoemission extended fine structure (ARPEFS)
 multiple scattering calculation of Ag(111)-3d
 calculated by Guilherme (IFGW) on Oct  9, 2026

   initial angular momentum (li) = 1   msorder=  8   raorder= 4
   photon polarization angle (polar,azimuth) =(  30.0   0.0 ) (deg)

   radius, depth and lattice constant=   8.0,  12.0 and   4.09 angstrom
   cluster size= 135 atoms and spacings=  0.00  2.17  2.17  1.76 angs
   inner potential=  0.1 V  debye and sample temperature= 174, 300 K
   number of valence electrons=   9     bandgap energy=   0.00 eV
   density of bulk=   8.90 g/cm3     molecular weight=  58.93 amu
   effective weight for kind 1-2 =  107.9   58.9 amu
   half aperture angle=    1.5 deg            pathcut=     0.0050

   photoemission azimuthal scan curves
     parameters: curve point theta phi weightc weighte
     columns: phi intensity background chical chiexp
    19   779    1   19   41  779  ncurve npoint nk ntheta nphi nangle
   1    41  13.63   18.0    1.0    0.0   ----------------------------
  111.0    6.3470e-03    5.8381e-03    8.7171e-02   -1.3333e-02
  114.0    6.4029e-03    5.8381e-03    9.6745e-02   -2.6705e-02
  117.0    6.4577e-03    5.8381e-03    1.0614e-01   -1.1138e-02
  120.0    6.4672e-03    5.8381e-03    1.0776e-01    1.0988e-02
  123.0    6.4565e-03    5.8381e-03    1.0592e-01    1.5717e-02
  126.0    6.4002e-03    5.8381e-03    9.6281e-02    2.5430e-02
  129.0    6.3436e-03    5.8381e-03    8.6583e-02    5.2995e-02
  132.0    6.2625e-03    5.8381e-03    7.2692e-02    5.4504e-02
  135.0    6.1110e-03    5.8381e-03    4.6750e-02    1.1787e-02
  138.0    5.9748e-03    5.8381e-03    2.3427e-02   -2.4085e-02
  141.0    5.8206e-03    5.8381e-03   -2.9940e-03   -4.8855e-02
  144.0    5.5798e-03    5.8381e-03   -4.4234e-02   -1.4787e-02
  147.0    5.3837e-03    5.8381e-03   -7.7835e-02   -2.0491e-02
  150.0    5.3269e-03    5.8381e-03   -8.7562e-02    1.1745e-02
  153.0    5.2177e-03    5.8381e-03   -1.0626e-01   -1.5968e-02
  156.0    5.2186e-03    5.8381e-03   -1.0610e-01   -1.2477e-02
  159.0    5.3652e-03    5.8381e-03   -8.1003e-02   -4.5813e-02
  162.0    5.4359e-03    5.8381e-03   -6.8884e-02   -6.3418e-02
  165.0    5.5793e-03    5.8381e-03   -4.4332e-02   -3.7200e-02
  168.0    5.8011e-03    5.8381e-03   -6.3365e-03   -8.1792e-03
  171.0    5.9107e-03    5.8381e-03    1.2432e-02    2.6642e-02
  174.0    5.9915e-03    5.8381e-03    2.6279e-02    2.0564e-02
  177.0    6.0659e-03    5.8381e-03    3.9016e-02    3.0183e-02
  180.0    6.0546e-03    5.8381e-03    3.7091e-02    7.7510e-02
  183.0    6.0658e-03    5.8381e-03    3.9010e-02    4.6800e-02
  186.0    5.9914e-03    5.8381e-03    2.6263e-02    4.7168e-02
  189.0    5.9105e-03    5.8381e-03    1.2403e-02    1.9678e-02
  192.0    5.8010e-03    5.8381e-03   -6.3475e-03    1.9096e-02
  195.0    5.5791e-03    5.8381e-03   -4.4356e-02   -6.0049e-03
  198.0    5.4360e-03    5.8381e-03   -6.8879e-02   -3.3532e-02
  201.0    5.3654e-03    5.8381e-03   -8.0970e-02   -2.7964e-03
  204.0    5.2189e-03    5.8381e-03   -1.0606e-01   -3.5458e-02
  207.0    5.2179e-03    5.8381e-03   -1.0623e-01   -3.7249e-02
  210.0    5.3270e-03    5.8381e-03   -8.7544e-02   -6.7729e-02
  213.0    5.3836e-03    5.8381e-03   -7.7847e-02   -1.5264e-02
  216.0    5.5796e-03    5.8381e-03   -4.4270e-02   -1.5289e-02
  219.0    5.8202e-03    5.8381e-03   -3.0589e-03    3.4591e-02
  222.0    5.9744e-03    5.8381e-03    2.3353e-02    2.5457e-02
  225.0    6.1106e-03    5.8381e-03    4.6675e-02    3.3885e-02
  228.0    6.2620e-03    5.8381e-03    7.2607e-02    4.5536e-03
  231.0    6.3431e-03    5.8381e-03    8.6497e-02   -1.3528e-02
   2    41  13.63   21.0    1.0    0.0   ----------------------------
  111.0    6.3102e-03    5.9458e-03    6.1293e-02   -7.3413e-02
  114.0    6.2437e-03    5.9458e-03    5.0093e-02    1.8364e-02
  117.0    6.1920e-03    5.9458e-03    4.1411e-02    5.1760e-02
  120.0    6.1596e-03    5.9458e-03    3.5958e-02    6.3395e-02
  123.0    6.1914e-03    5.9458e-03    4.1297e-02    2.5307e-02
  126.0    6.2418e-03    5.9458e-03    4.9785e-02    2.2145e-02
  129.0    6.3070e-03    5.9458e-03    6.0745e-02    1.1997e-02
  132.0    6.3215e-03    5.9458e-03    6.3180e-02    1.2015e-02
  135.0    6.2764e-03    5.9458e-03    5.5601e-02   -7.5110e-03
  138.0    6.1308e-03    5.9458e-03    3.1120e-02   -5.9268e-02
  141.0    5.9031e-03    5.9458e-03   -7.1849e-03   -7.6990e-02
  144.0    5.6749e-03    5.9458e-03   -4.5560e-02   -6.9689e-02
  147.0    5.5102e-03    5.9458e-03   -7.3259e-02   -3.2383e-02
  150.0    5.4285e-03    5.9458e-03   -8.7012e-02   -3.9124e-02
  153.0    5.4224e-03    5.9458e-03   -8.8032e-02   -3.1160e-02
  156.0    5.4754e-03    5.9458e-03   -7.9123e-02   -1.3027e-02
  159.0    5.5903e-03    5.9458e-03   -5.9788e-02    1.0815e-02
  162.0    5.7674e-03    5.9458e-03   -3.0008e-02    2.2556e-02
  165.0    5.9069e-03    5.9458e-03   -6.5514e-03    4.8580e-02
  168.0    5.9567e-03    5.9458e-03    1.8361e-03    7.8555e-02
  171.0    6.0785e-03    5.9458e-03    2.2320e-02    6.9755e-02
  174.0    6.1481e-03    5.9458e-03    3.4028e-02    1.4306e-02
  177.0    6.2104e-03    5.9458e-03    4.4498e-02   -2.7015e-02
  180.0    6.2226e-03    5.9458e-03    4.6551e-02    2.9564e-04
  183.0    6.2102e-03    5.9458e-03    4.4472e-02   -1.2900e-02
  186.0    6.1479e-03    5.9458e-03    3.3989e-02    3.8259e-02
  189.0    6.0783e-03    5.9458e-03    2.2286e-02    3.4685e-02
  192.0    5.9567e-03    5.9458e-03    1.8376e-03    5.2255e-02
  195.0    5.9071e-03    5.9458e-03   -6.5059e-03    1.3629e-02
  198.0    5.7678e-03    5.9458e-03   -2.9933e-02    6.6550e-04
  201.0    5.5905e-03    5.9458e-03   -5.9753e-02    1.3659e-02
  204.0    5.4750e-03    5.9458e-03   -7.9189e-02   -9.9448e-03
  207.0    5.4220e-03    5.9458e-03   -8.8098e-02   -6.9394e-02
  210.0    5.4280e-03    5.9458e-03   -8.7085e-02   -9.4282e-02
  213.0    5.5099e-03    5.9458e-03   -7.3314e-02   -6.0676e-02
  216.0    5.6747e-03    5.9458e-03   -4.5591e-02   -3.0548e-02
  219.0    5.9030e-03    5.9458e-03   -7.1920e-03    1.4995e-02
  222.0    6.1310e-03    5.9458e-03    3.1142e-02   -1.6832e-03
  225.0    6.2767e-03    5.9458e-03    5.5654e-02    2.1609e-02
  228.0    6.3219e-03    5.9458e-03    6.3255e-02    1.8540e-02
  231.0    6.3075e-03    5.9458e-03    6.0828e-02    5.1096e-02
   3    41  13.63   24.0    1.0    0.0   ----------------------------
  111.0    7.1272e-03    6.3802e-03    1.1708e-01   -1.2490e-02
  114.0    6.9372e-03    6.3802e-03    8.7308e-02   -3.7491e-03
  117.0    6.7301e-03    6.3802e-03    5.4847e-02    8.2344e-03
  120.0    6.6563e-03    6.3802e-03    4.3272e-02    2.8238e-02
  123.0    6.7307e-03    6.3802e-03    5.4933e-02    1.0912e-02
  126.0    6.9353e-03    6.3802e-03    8.7011e-02    1.0955e-03
  129.0    7.1238e-03    6.3802e-03    1.1655e-01    6.1878e-03
  132.0    7.1606e-03    6.3802e-03    1.2231e-01    3.4016e-02
  135.0    7.1093e-03    6.3802e-03    1.1427e-01    4.1323e-02
  138.0    6.8694e-03    6.3802e-03    7.6683e-02   -1.7176e-03
  141.0    6.4820e-03    6.3802e-03    1.5952e-02   -5.2437e-02
  144.0    6.0881e-03    6.3802e-03   -4.5779e-02   -7.5042e-02
  147.0    5.7726e-03    6.3802e-03   -9.5234e-02   -5.9561e-02
  150.0    5.5786e-03    6.3802e-03   -1.2564e-01   -3.3071e-02
  153.0    5.5871e-03    6.3802e-03   -1.2430e-01   -3.7705e-02
  156.0    5.6330e-03    6.3802e-03   -1.1711e-01   -1.3808e-02
  159.0    5.8133e-03    6.3802e-03   -8.8857e-02   -3.6766e-03
  162.0    6.0317e-03    6.3802e-03   -5.4622e-02    2.5569e-02
  165.0    6.2739e-03    6.3802e-03   -1.6660e-02    1.2107e-02
  168.0    6.3693e-03    6.3802e-03   -1.7073e-03    1.1047e-02
  171.0    6.4435e-03    6.3802e-03    9.9224e-03    2.0907e-02
  174.0    6.4076e-03    6.3802e-03    4.2967e-03    4.0032e-02
  177.0    6.3392e-03    6.3802e-03   -6.4284e-03    5.1903e-02
  180.0    6.3029e-03    6.3802e-03   -1.2112e-02    6.6655e-02
  183.0    6.3391e-03    6.3802e-03   -6.4428e-03    4.9621e-02
  186.0    6.4076e-03    6.3802e-03    4.2919e-03    4.4424e-02
  189.0    6.4437e-03    6.3802e-03    9.9603e-03    3.1874e-03
  192.0    6.3698e-03    6.3802e-03   -1.6248e-03    5.5329e-03
  195.0    6.2744e-03    6.3802e-03   -1.6589e-02   -1.3050e-02
  198.0    6.0316e-03    6.3802e-03   -5.4638e-02   -3.5530e-03
  201.0    5.8128e-03    6.3802e-03   -8.8924e-02   -3.3395e-02
  204.0    5.6325e-03    6.3802e-03   -1.1719e-01   -5.9305e-02
  207.0    5.5866e-03    6.3802e-03   -1.2439e-01   -8.9953e-02
  210.0    5.5787e-03    6.3802e-03   -1.2562e-01   -5.4632e-02
  213.0    5.7727e-03    6.3802e-03   -9.5216e-02   -4.5909e-02
  216.0    6.0890e-03    6.3802e-03   -4.5648e-02   -1.0786e-02
  219.0    6.4829e-03    6.3802e-03    1.6099e-02   -5.8877e-03
  222.0    6.8699e-03    6.3802e-03    7.6760e-02    7.6230e-02
  225.0    7.1095e-03    6.3802e-03    1.1431e-01    8.7268e-02
  228.0    7.1606e-03    6.3802e-03    1.2231e-01    4.8655e-02
  231.0    7.1240e-03    6.3802e-03    1.1658e-01   -6.3132e-02
   4    41  13.63   27.0    1.0    0.0   ----------------------------
  111.0    7.8339e-03    7.0906e-03    1.0482e-01    2.4692e-02
  114.0    7.6337e-03    7.0906e-03    7.6583e-02   -1.9055e-03
  117.0    7.4789e-03    7.0906e-03    5.4756e-02    2.6585e-03
  120.0    7.4396e-03    7.0906e-03    4.9208e-02   -2.3271e-03
  123.0    7.4788e-03    7.0906e-03    5.4748e-02    1.8172e-02
  126.0    7.6336e-03    7.0906e-03    7.6579e-02   -1.2133e-02
  129.0    7.8315e-03    7.0906e-03    1.0449e-01   -1.4493e-03
  132.0    7.9270e-03    7.0906e-03    1.1795e-01   -4.7537e-03
  135.0    8.0204e-03    7.0906e-03    1.3112e-01    1.7658e-02
  138.0    7.8480e-03    7.0906e-03    1.0681e-01    1.9383e-03
  141.0    7.4579e-03    7.0906e-03    5.1798e-02   -2.0774e-02
  144.0    6.8520e-03    7.0906e-03   -3.3652e-02   -1.8127e-02
  147.0    6.2067e-03    7.0906e-03   -1.2466e-01   -3.3409e-02
  150.0    5.7778e-03    7.0906e-03   -1.8515e-01   -3.8623e-02
  153.0    5.7320e-03    7.0906e-03   -1.9161e-01   -8.6046e-02
  156.0    5.9003e-03    7.0906e-03   -1.6787e-01   -6.4417e-02
  159.0    6.2342e-03    7.0906e-03   -1.2078e-01   -2.8085e-03
  162.0    6.5933e-03    7.0906e-03   -7.0144e-02    5.7834e-02
  165.0    6.8925e-03    7.0906e-03   -2.7941e-02    7.5508e-02
  168.0    7.1122e-03    7.0906e-03    3.0366e-03    7.6232e-02
  171.0    7.3192e-03    7.0906e-03    3.2239e-02    4.3822e-02
  174.0    7.4641e-03    7.0906e-03    5.2670e-02    3.0243e-02
  177.0    7.6159e-03    7.0906e-03    7.4083e-02   -2.2376e-02
  180.0    7.6453e-03    7.0906e-03    7.8228e-02   -2.2643e-02
  183.0    7.6155e-03    7.0906e-03    7.4025e-02    5.3222e-03
  186.0    7.4637e-03    7.0906e-03    5.2609e-02    6.6250e-03
  189.0    7.3210e-03    7.0906e-03    3.2482e-02    4.4753e-02
  192.0    7.1124e-03    7.0906e-03    3.0679e-03    2.9540e-02
  195.0    6.8925e-03    7.0906e-03   -2.7941e-02    3.9787e-02
  198.0    6.5928e-03    7.0906e-03   -7.0210e-02    2.5561e-02
  201.0    6.2337e-03    7.0906e-03   -1.2085e-01   -1.4008e-02
  204.0    5.9002e-03    7.0906e-03   -1.6790e-01   -4.4771e-03
  207.0    5.7324e-03    7.0906e-03   -1.9156e-01   -5.3857e-02
  210.0    5.7787e-03    7.0906e-03   -1.8503e-01   -7.3017e-02
  213.0    6.2078e-03    7.0906e-03   -1.2451e-01   -8.9817e-02
  216.0    6.8525e-03    7.0906e-03   -3.3587e-02   -5.8950e-02
  219.0    7.4576e-03    7.0906e-03    5.1745e-02    4.3706e-03
  222.0    7.8474e-03    7.0906e-03    1.0672e-01    1.5420e-02
  225.0    8.0201e-03    7.0906e-03    1.3108e-01    2.7836e-02
  228.0    7.9272e-03    7.0906e-03    1.1798e-01    2.4525e-02
  231.0    7.8321e-03    7.0906e-03    1.0457e-01    5.3769e-02
   5    41  13.63   30.0    1.0    0.0   ----------------------------
  111.0    8.1728e-03    7.7127e-03    5.9646e-02   -2.5039e-02
  114.0    7.6835e-03    7.7127e-03   -3.7858e-03   -3.7031e-03
  117.0    7.4183e-03    7.7127e-03   -3.8167e-02    7.7065e-03
  120.0    7.3374e-03    7.7127e-03   -4.8658e-02    4.2303e-03
  123.0    7.4182e-03    7.7127e-03   -3.8189e-02    1.2450e-02
  126.0    7.7205e-03    7.7127e-03    1.0056e-03    1.0414e-02
  129.0    8.1706e-03    7.7127e-03    5.9367e-02    1.7261e-02
  132.0    8.5082e-03    7.7127e-03    1.0314e-01    2.8846e-02
  135.0    8.7554e-03    7.7127e-03    1.3519e-01    4.3241e-02
  138.0    8.7030e-03    7.7127e-03    1.2840e-01    4.2917e-02
  141.0    8.2493e-03    7.7127e-03    6.9576e-02    7.0368e-03
  144.0    7.4369e-03    7.7127e-03   -3.5765e-02   -3.7225e-02
  147.0    6.5673e-03    7.7127e-03   -1.4850e-01   -8.0628e-02
  150.0    6.1467e-03    7.7127e-03   -2.0304e-01   -7.3895e-02
  153.0    5.9556e-03    7.7127e-03   -2.2783e-01   -6.6122e-02
  156.0    6.4556e-03    7.7127e-03   -1.6299e-01   -3.3449e-02
  159.0    7.0864e-03    7.7127e-03   -8.1206e-02   -9.4586e-03
  162.0    7.6998e-03    7.7127e-03   -1.6743e-03    2.7946e-02
  165.0    7.9777e-03    7.7127e-03    3.4353e-02    2.0426e-02
  168.0    8.1033e-03    7.7127e-03    5.0644e-02    1.6024e-02
  171.0    8.1747e-03    7.7127e-03    5.9902e-02    1.2007e-02
  174.0    8.3789e-03    7.7127e-03    8.6374e-02    2.7507e-02
  177.0    8.5353e-03    7.7127e-03    1.0666e-01    2.6511e-02
  180.0    8.6597e-03    7.7127e-03    1.2278e-01    1.3554e-02
  183.0    8.5352e-03    7.7127e-03    1.0664e-01    1.0916e-02
  186.0    8.3789e-03    7.7127e-03    8.6371e-02    1.5062e-02
  189.0    8.1750e-03    7.7127e-03    5.9942e-02    2.5573e-02
  192.0    8.1037e-03    7.7127e-03    5.0688e-02    3.8724e-02
  195.0    7.9773e-03    7.7127e-03    3.4302e-02    4.7334e-02
  198.0    7.6990e-03    7.7127e-03   -1.7794e-03    3.4943e-02
  201.0    7.0860e-03    7.7127e-03   -8.1262e-02    1.6305e-02
  204.0    6.4558e-03    7.7127e-03   -1.6297e-01   -2.7231e-02
  207.0    5.9560e-03    7.7127e-03   -2.2777e-01   -6.2070e-02
  210.0    6.1471e-03    7.7127e-03   -2.0300e-01   -8.4085e-02
  213.0    6.5673e-03    7.7127e-03   -1.4851e-01   -6.7745e-02
  216.0    7.4364e-03    7.7127e-03   -3.5827e-02   -3.5937e-02
  219.0    8.2492e-03    7.7127e-03    6.9555e-02    3.7936e-03
  222.0    8.7034e-03    7.7127e-03    1.2845e-01    1.3640e-02
  225.0    8.7559e-03    7.7127e-03    1.3526e-01    3.8415e-02
  228.0    8.5089e-03    7.7127e-03    1.0323e-01    2.7588e-02
  231.0    8.1713e-03    7.7127e-03    5.9460e-02    1.6307e-02
   6    41  13.63   33.0    1.0    0.0   ----------------------------
  111.0    8.0149e-03    7.5259e-03    6.4974e-02    9.4909e-03
  114.0    7.5919e-03    7.5259e-03    8.7777e-03   -2.1051e-02
  117.0    7.1731e-03    7.5259e-03   -4.6876e-02   -7.7975e-03
  120.0    6.9172e-03    7.5259e-03   -8.0870e-02    1.4761e-02
  123.0    7.1727e-03    7.5259e-03   -4.6929e-02    4.2367e-02
  126.0    7.6298e-03    7.5259e-03    1.3809e-02    3.3946e-02
  129.0    8.0188e-03    7.5259e-03    6.5499e-02    3.4094e-02
  132.0    8.3712e-03    7.5259e-03    1.1233e-01   -1.3862e-03
  135.0    8.3362e-03    7.5259e-03    1.0767e-01   -1.1130e-02
  138.0    8.1344e-03    7.5259e-03    8.0862e-02   -3.2220e-02
  141.0    7.5284e-03    7.5259e-03    3.4261e-04   -1.5164e-02
  144.0    6.7939e-03    7.5259e-03   -9.7254e-02   -5.1957e-02
  147.0    6.2676e-03    7.5259e-03   -1.6719e-01   -5.9681e-02
  150.0    5.8503e-03    7.5259e-03   -2.2265e-01   -6.8588e-02
  153.0    5.8046e-03    7.5259e-03   -2.2871e-01   -3.8589e-02
  156.0    6.1803e-03    7.5259e-03   -1.7879e-01   -6.3267e-03
  159.0    6.9586e-03    7.5259e-03   -7.5376e-02    4.8693e-03
  162.0    7.6540e-03    7.5259e-03    1.7023e-02    9.8899e-03
  165.0    7.9901e-03    7.5259e-03    6.1684e-02    2.0725e-02
  168.0    8.2071e-03    7.5259e-03    9.0521e-02    1.4746e-02
  171.0    8.2709e-03    7.5259e-03    9.8991e-02    3.7918e-02
  174.0    8.4917e-03    7.5259e-03    1.2833e-01    2.8539e-02
  177.0    8.7496e-03    7.5259e-03    1.6260e-01    4.7724e-02
  180.0    8.8422e-03    7.5259e-03    1.7490e-01    4.3469e-02
  183.0    8.7495e-03    7.5259e-03    1.6259e-01    5.1377e-02
  186.0    8.4917e-03    7.5259e-03    1.2833e-01    4.3641e-02
  189.0    8.2713e-03    7.5259e-03    9.9053e-02    2.8613e-02
  192.0    8.2079e-03    7.5259e-03    9.0632e-02    2.4612e-02
  195.0    7.9902e-03    7.5259e-03    6.1700e-02    1.4749e-02
  198.0    7.6532e-03    7.5259e-03    1.6918e-02   -3.5443e-03
  201.0    6.9583e-03    7.5259e-03   -7.5418e-02   -2.6282e-02
  204.0    6.1812e-03    7.5259e-03   -1.7867e-01   -4.6665e-02
  207.0    5.8060e-03    7.5259e-03   -2.2853e-01   -5.0691e-02
  210.0    5.8508e-03    7.5259e-03   -2.2258e-01   -6.4202e-02
  213.0    6.2670e-03    7.5259e-03   -1.6727e-01   -6.1280e-02
  216.0    6.7933e-03    7.5259e-03   -9.7336e-02   -4.6884e-02
  219.0    7.5287e-03    7.5259e-03    3.7670e-04   -2.3413e-02
  222.0    8.1353e-03    7.5259e-03    8.0975e-02    3.3600e-03
  225.0    8.3368e-03    7.5259e-03    1.0776e-01    3.1216e-02
  228.0    8.3712e-03    7.5259e-03    1.1233e-01    4.9272e-02
  231.0    8.0186e-03    7.5259e-03    6.5476e-02    4.7860e-02
   7    41  13.63   36.0    1.0    0.0   ----------------------------
  111.0    7.6253e-03    6.8144e-03    1.1900e-01    2.5849e-02
  114.0    7.3101e-03    6.8144e-03    7.2744e-02    4.0106e-03
  117.0    6.8068e-03    6.8144e-03   -1.1165e-03   -1.0516e-02
  120.0    6.5620e-03    6.8144e-03   -3.7039e-02   -8.2474e-03
  123.0    6.8101e-03    6.8144e-03   -6.2907e-04   -7.2891e-03
  126.0    7.3139e-03    6.8144e-03    7.3302e-02    1.5227e-02
  129.0    7.6277e-03    6.8144e-03    1.1935e-01    3.3361e-02
  132.0    7.4494e-03    6.8144e-03    9.3188e-02    2.9180e-02
  135.0    7.2170e-03    6.8144e-03    5.9077e-02   -5.0403e-04
  138.0    6.7909e-03    6.8144e-03   -3.4499e-03   -2.2137e-02
  141.0    6.4314e-03    6.8144e-03   -5.6204e-02   -2.8610e-02
  144.0    6.0732e-03    6.8144e-03   -1.0877e-01   -2.9272e-02
  147.0    5.7527e-03    6.8144e-03   -1.5580e-01   -2.4359e-02
  150.0    5.7006e-03    6.8144e-03   -1.6345e-01   -4.1173e-02
  153.0    5.4262e-03    6.8144e-03   -2.0371e-01   -6.5249e-02
  156.0    5.5692e-03    6.8144e-03   -1.8273e-01   -7.1382e-02
  159.0    6.0165e-03    6.8144e-03   -1.1709e-01   -5.7281e-02
  162.0    6.5408e-03    6.8144e-03   -4.0142e-02   -1.4044e-02
  165.0    7.1498e-03    6.8144e-03    4.9218e-02    2.0593e-02
  168.0    7.4145e-03    6.8144e-03    8.8072e-02    6.5874e-02
  171.0    7.7496e-03    6.8144e-03    1.3725e-01    8.3510e-02
  174.0    7.8296e-03    6.8144e-03    1.4898e-01    9.7499e-02
  177.0    7.8585e-03    6.8144e-03    1.5322e-01    6.7722e-02
  180.0    7.7724e-03    6.8144e-03    1.4058e-01    6.3434e-02
  183.0    7.8583e-03    6.8144e-03    1.5319e-01    4.0195e-02
  186.0    7.8290e-03    6.8144e-03    1.4890e-01    2.5301e-02
  189.0    7.7492e-03    6.8144e-03    1.3718e-01    9.2320e-03
  192.0    7.4145e-03    6.8144e-03    8.8069e-02    1.4814e-03
  195.0    7.1497e-03    6.8144e-03    4.9209e-02   -2.0484e-02
  198.0    6.5403e-03    6.8144e-03   -4.0215e-02   -3.5781e-02
  201.0    6.0160e-03    6.8144e-03   -1.1716e-01   -4.3690e-02
  204.0    5.5696e-03    6.8144e-03   -1.8267e-01   -3.6224e-02
  207.0    5.4268e-03    6.8144e-03   -2.0363e-01   -3.3061e-02
  210.0    5.7003e-03    6.8144e-03   -1.6349e-01   -5.2335e-02
  213.0    5.7521e-03    6.8144e-03   -1.5588e-01   -3.4788e-02
  216.0    6.0731e-03    6.8144e-03   -1.0878e-01   -3.1433e-02
  219.0    6.4316e-03    6.8144e-03   -5.6171e-02   -2.6089e-02
  222.0    6.7906e-03    6.8144e-03   -3.4868e-03   -1.1739e-02
  225.0    7.2167e-03    6.8144e-03    5.9039e-02    1.5708e-02
  228.0    7.4482e-03    6.8144e-03    9.3018e-02    5.0599e-02
  231.0    7.6254e-03    6.8144e-03    1.1902e-01    5.7604e-02
   8    41  13.63   39.0    1.0    0.0   ----------------------------
  111.0    6.9284e-03    6.4489e-03    7.4341e-02    1.7847e-02
  114.0    7.4038e-03    6.4489e-03    1.4807e-01   -9.3399e-03
  117.0    7.6672e-03    6.4489e-03    1.8892e-01   -1.6765e-02
  120.0    7.7802e-03    6.4489e-03    2.0644e-01    1.8341e-02
  123.0    7.6694e-03    6.4489e-03    1.8925e-01    3.0571e-02
  126.0    7.4092e-03    6.4489e-03    1.4890e-01    2.4047e-02
  129.0    6.9330e-03    6.4489e-03    7.5057e-02    2.1677e-02
  132.0    6.2878e-03    6.4489e-03   -2.4981e-02    2.9775e-03
  135.0    5.7300e-03    6.4489e-03   -1.1148e-01   -1.3795e-02
  138.0    5.6944e-03    6.4489e-03   -1.1700e-01   -3.6654e-02
  141.0    5.7996e-03    6.4489e-03   -1.0069e-01   -4.3589e-02
  144.0    6.0515e-03    6.4489e-03   -6.1630e-02   -9.9646e-03
  147.0    6.1589e-03    6.4489e-03   -4.4968e-02   -1.3753e-02
  150.0    5.8450e-03    6.4489e-03   -9.3645e-02   -1.0269e-02
  153.0    5.5367e-03    6.4489e-03   -1.4146e-01   -5.6565e-02
  156.0    5.2871e-03    6.4489e-03   -1.8016e-01   -5.7653e-02
  159.0    5.2166e-03    6.4489e-03   -1.9109e-01   -7.1992e-02
  162.0    5.5702e-03    6.4489e-03   -1.3626e-01   -3.5269e-02
  165.0    6.0703e-03    6.4489e-03   -5.8714e-02   -1.0877e-02
  168.0    6.6380e-03    6.4489e-03    2.9316e-02    1.1352e-02
  171.0    7.1507e-03    6.4489e-03    1.0882e-01    5.1463e-02
  174.0    7.6928e-03    6.4489e-03    1.9288e-01    9.3086e-02
  177.0    8.0444e-03    6.4489e-03    2.4740e-01    1.2506e-01
  180.0    8.1364e-03    6.4489e-03    2.6166e-01    1.0631e-01
  183.0    8.0446e-03    6.4489e-03    2.4743e-01    7.5735e-02
  186.0    7.6931e-03    6.4489e-03    1.9292e-01    3.6145e-02
  189.0    7.1510e-03    6.4489e-03    1.0887e-01    2.6449e-02
  192.0    6.6386e-03    6.4489e-03    2.9402e-02    1.5969e-02
  195.0    6.0706e-03    6.4489e-03   -5.8661e-02   -1.1287e-02
  198.0    5.5702e-03    6.4489e-03   -1.3626e-01   -4.4351e-02
  201.0    5.2165e-03    6.4489e-03   -1.9111e-01   -6.9664e-02
  204.0    5.2876e-03    6.4489e-03   -1.8009e-01   -6.2000e-02
  207.0    5.5370e-03    6.4489e-03   -1.4141e-01   -5.6913e-02
  210.0    5.8448e-03    6.4489e-03   -9.3686e-02   -5.4021e-02
  213.0    6.1587e-03    6.4489e-03   -4.4998e-02   -4.3780e-02
  216.0    6.0520e-03    6.4489e-03   -6.1556e-02   -3.1164e-02
  219.0    5.8000e-03    6.4489e-03   -1.0063e-01   -2.1344e-02
  222.0    5.6943e-03    6.4489e-03   -1.1702e-01   -3.0451e-03
  225.0    5.7296e-03    6.4489e-03   -1.1154e-01    1.3533e-02
  228.0    6.2866e-03    6.4489e-03   -2.5180e-02    4.0257e-02
  231.0    6.9297e-03    6.4489e-03    7.4550e-02    7.3877e-02
   9    41  13.63   42.0    1.0    0.0   ----------------------------
  111.0    5.8726e-03    6.0254e-03   -2.5362e-02   -5.5523e-02
  114.0    7.1541e-03    6.0254e-03    1.8732e-01   -6.9952e-03
  117.0    8.1603e-03    6.0254e-03    3.5432e-01    3.4766e-02
  120.0    8.5853e-03    6.0254e-03    4.2484e-01    6.2760e-02
  123.0    8.1618e-03    6.0254e-03    3.5457e-01    6.0475e-02
  126.0    7.1516e-03    6.0254e-03    1.8691e-01    2.5757e-02
  129.0    5.8707e-03    6.0254e-03   -2.5682e-02   -4.2905e-03
  132.0    4.8882e-03    6.0254e-03   -1.8874e-01   -4.4725e-02
  135.0    4.5145e-03    6.0254e-03   -2.5075e-01   -3.9915e-02
  138.0    4.7848e-03    6.0254e-03   -2.0590e-01   -5.1954e-02
  141.0    5.3774e-03    6.0254e-03   -1.0755e-01   -2.5289e-02
  144.0    6.0710e-03    6.0254e-03    7.5603e-03   -3.1381e-03
  147.0    6.5012e-03    6.0254e-03    7.8965e-02    2.3573e-02
  150.0    6.5625e-03    6.0254e-03    8.9141e-02    3.1621e-02
  153.0    6.0088e-03    6.0254e-03   -2.7477e-03    8.0494e-03
  156.0    5.2420e-03    6.0254e-03   -1.3001e-01   -1.2051e-02
  159.0    4.7506e-03    6.0254e-03   -2.1158e-01   -4.4419e-02
  162.0    4.5441e-03    6.0254e-03   -2.4584e-01   -6.8277e-02
  165.0    4.7281e-03    6.0254e-03   -2.1531e-01   -7.4540e-02
  168.0    5.2279e-03    6.0254e-03   -1.3235e-01   -5.4030e-02
  171.0    6.0894e-03    6.0254e-03    1.0619e-02   -7.9013e-04
  174.0    7.2742e-03    6.0254e-03    2.0726e-01    5.0250e-02
  177.0    8.2257e-03    6.0254e-03    3.6518e-01    9.8171e-02
  180.0    8.6373e-03    6.0254e-03    4.3348e-01    1.2273e-01
  183.0    8.2253e-03    6.0254e-03    3.6510e-01    1.1448e-01
  186.0    7.2738e-03    6.0254e-03    2.0720e-01    7.0593e-02
  189.0    6.0893e-03    6.0254e-03    1.0606e-02    1.3646e-02
  192.0    5.2280e-03    6.0254e-03   -1.3235e-01   -2.5541e-02
  195.0    4.7281e-03    6.0254e-03   -2.1531e-01   -5.1623e-02
  198.0    4.5439e-03    6.0254e-03   -2.4587e-01   -5.9106e-02
  201.0    4.7508e-03    6.0254e-03   -2.1154e-01   -6.3265e-02
  204.0    5.2431e-03    6.0254e-03   -1.2983e-01   -3.3498e-02
  207.0    6.0097e-03    6.0254e-03   -2.6134e-03   -1.5428e-02
  210.0    6.5622e-03    6.0254e-03    8.9083e-02    4.5335e-03
  213.0    6.5004e-03    6.0254e-03    7.8835e-02   -1.7918e-03
  216.0    6.0706e-03    6.0254e-03    7.5077e-03   -1.7471e-02
  219.0    5.3776e-03    6.0254e-03   -1.0751e-01   -2.2091e-02
  222.0    4.7848e-03    6.0254e-03   -2.0590e-01   -1.7417e-02
  225.0    4.5141e-03    6.0254e-03   -2.5082e-01    4.5348e-03
  228.0    4.8872e-03    6.0254e-03   -1.8889e-01    2.6046e-02
  231.0    5.8685e-03    6.0254e-03   -2.6043e-02    4.1364e-02
  10    41  13.63   45.0    1.0    0.0   ----------------------------
  111.0    5.3130e-03    5.7164e-03   -7.0582e-02   -5.1333e-02
  114.0    6.5925e-03    5.7164e-03    1.5325e-01   -4.8680e-03
  117.0    7.5770e-03    5.7164e-03    3.2548e-01    5.2641e-02
  120.0    7.7814e-03    5.7164e-03    3.6124e-01    5.7244e-02
  123.0    7.5746e-03    5.7164e-03    3.2505e-01    7.3831e-02
  126.0    6.5936e-03    5.7164e-03    1.5345e-01    1.2707e-02
  129.0    5.3062e-03    5.7164e-03   -7.1771e-02   -2.1424e-02
  132.0    4.5266e-03    5.7164e-03   -2.0814e-01   -8.5646e-02
  135.0    4.3500e-03    5.7164e-03   -2.3904e-01   -7.2264e-02
  138.0    4.8017e-03    5.7164e-03   -1.6002e-01   -4.5088e-02
  141.0    5.4831e-03    5.7164e-03   -4.0826e-02    2.6317e-03
  144.0    6.1970e-03    5.7164e-03    8.4069e-02    1.6458e-02
  147.0    6.6651e-03    5.7164e-03    1.6595e-01    2.8378e-02
  150.0    6.8028e-03    5.7164e-03    1.9004e-01    2.3871e-02
  153.0    6.3585e-03    5.7164e-03    1.1232e-01    5.3816e-03
  156.0    5.6301e-03    5.7164e-03   -1.5108e-02   -1.9821e-02
  159.0    4.8942e-03    5.7164e-03   -1.4383e-01   -4.5555e-02
  162.0    4.2755e-03    5.7164e-03   -2.5207e-01   -3.2011e-02
  165.0    3.8899e-03    5.7164e-03   -3.1952e-01   -3.1929e-02
  168.0    4.2107e-03    5.7164e-03   -2.6340e-01    7.8895e-03
  171.0    5.2264e-03    5.7164e-03   -8.5715e-02    2.0971e-02
  174.0    6.5686e-03    5.7164e-03    1.4908e-01    5.5909e-02
  177.0    7.4450e-03    5.7164e-03    3.0239e-01    4.6220e-02
  180.0    7.6823e-03    5.7164e-03    3.4389e-01    5.9292e-02
  183.0    7.4452e-03    5.7164e-03    3.0242e-01    6.3894e-02
  186.0    6.5682e-03    5.7164e-03    1.4900e-01    5.8331e-02
  189.0    5.2263e-03    5.7164e-03   -8.5746e-02    3.0771e-02
  192.0    4.2112e-03    5.7164e-03   -2.6332e-01   -3.4532e-02
  195.0    3.8901e-03    5.7164e-03   -3.1948e-01   -5.9524e-02
  198.0    4.2749e-03    5.7164e-03   -2.5217e-01   -8.2028e-02
  201.0    4.8936e-03    5.7164e-03   -1.4395e-01   -5.1364e-02
  204.0    5.6301e-03    5.7164e-03   -1.5094e-02   -2.1167e-02
  207.0    6.3589e-03    5.7164e-03    1.1239e-01    1.8470e-03
  210.0    6.8025e-03    5.7164e-03    1.9000e-01    1.8783e-02
  213.0    6.6643e-03    5.7164e-03    1.6581e-01    1.4107e-02
  216.0    6.1964e-03    5.7164e-03    8.3965e-02    9.9425e-03
  219.0    5.4830e-03    5.7164e-03   -4.0835e-02   -8.5234e-03
  222.0    4.8018e-03    5.7164e-03   -1.6000e-01   -2.4272e-02
  225.0    4.3500e-03    5.7164e-03   -2.3904e-01   -2.9116e-02
  228.0    4.5264e-03    5.7164e-03   -2.0818e-01   -2.0694e-03
  231.0    5.3051e-03    5.7164e-03   -7.1950e-02    6.1597e-02
  11    41  13.63   48.0    1.0    0.0   ----------------------------
  111.0    5.8453e-03    5.8763e-03   -5.2810e-03   -5.5145e-02
  114.0    6.8099e-03    5.8763e-03    1.5888e-01    1.0323e-03
  117.0    7.6210e-03    5.8763e-03    2.9690e-01    4.1790e-02
  120.0    7.7183e-03    5.8763e-03    3.1347e-01    5.9876e-02
  123.0    7.6192e-03    5.8763e-03    2.9660e-01    4.4919e-02
  126.0    6.7935e-03    5.8763e-03    1.5609e-01    2.4345e-02
  129.0    5.8409e-03    5.8763e-03   -6.0267e-03   -2.5239e-03
  132.0    5.2385e-03    5.8763e-03   -1.0854e-01   -2.8956e-02
  135.0    4.9767e-03    5.8763e-03   -1.5309e-01   -3.5614e-02
  138.0    5.2256e-03    5.8763e-03   -1.1073e-01   -2.8166e-02
  141.0    5.8095e-03    5.8763e-03   -1.1364e-02   -2.3371e-02
  144.0    6.2291e-03    5.8763e-03    6.0045e-02   -2.6761e-02
  147.0    6.3588e-03    5.8763e-03    8.2117e-02   -1.9742e-02
  150.0    6.4046e-03    5.8763e-03    8.9901e-02   -2.5240e-02
  153.0    6.2185e-03    5.8763e-03    5.8238e-02   -4.2170e-02
  156.0    5.7800e-03    5.8763e-03   -1.6390e-02   -4.0370e-02
  159.0    5.2619e-03    5.8763e-03   -1.0456e-01   -2.6106e-02
  162.0    4.5073e-03    5.8763e-03   -2.3296e-01   -9.5315e-04
  165.0    4.0563e-03    5.8763e-03   -3.0972e-01   -3.0074e-03
  168.0    4.5179e-03    5.8763e-03   -2.3116e-01    1.3310e-02
  171.0    5.5382e-03    5.8763e-03   -5.7531e-02    4.1871e-02
  174.0    6.5841e-03    5.8763e-03    1.2045e-01    8.4753e-02
  177.0    7.1410e-03    5.8763e-03    2.1523e-01    9.7467e-02
  180.0    7.1396e-03    5.8763e-03    2.1499e-01    8.4553e-02
  183.0    7.1422e-03    5.8763e-03    2.1542e-01    6.5259e-02
  186.0    6.5854e-03    5.8763e-03    1.2066e-01    2.9383e-02
  189.0    5.5396e-03    5.8763e-03   -5.7291e-02   -4.2236e-03
  192.0    4.5196e-03    5.8763e-03   -2.3087e-01   -4.1122e-02
  195.0    4.0574e-03    5.8763e-03   -3.0953e-01   -5.3725e-02
  198.0    4.5067e-03    5.8763e-03   -2.3307e-01   -4.0821e-02
  201.0    5.2602e-03    5.8763e-03   -1.0485e-01   -4.5094e-02
  204.0    5.7791e-03    5.8763e-03   -1.6542e-02   -4.7214e-02
  207.0    6.2190e-03    5.8763e-03    5.8324e-02   -3.8709e-02
  210.0    6.4053e-03    5.8763e-03    9.0031e-02   -1.9988e-02
  213.0    6.3585e-03    5.8763e-03    8.2058e-02    1.6120e-03
  216.0    6.2285e-03    5.8763e-03    5.9928e-02    2.2071e-03
  219.0    5.8099e-03    5.8763e-03   -1.1306e-02   -4.8838e-03
  222.0    5.2264e-03    5.8763e-03   -1.1059e-01    1.3877e-02
  225.0    4.9768e-03    5.8763e-03   -1.5308e-01    3.2935e-04
  228.0    5.2380e-03    5.8763e-03   -1.0862e-01    1.7028e-02
  231.0    5.8399e-03    5.8763e-03   -6.1857e-03    3.0666e-02
  12    41  13.63   51.0    1.0    0.0   ----------------------------
  111.0    5.6852e-03    6.0067e-03   -5.3526e-02   -6.4633e-02
  114.0    6.6742e-03    6.0067e-03    1.1113e-01   -1.4734e-02
  117.0    7.4872e-03    6.0067e-03    2.4648e-01    4.6329e-02
  120.0    7.5405e-03    6.0067e-03    2.5536e-01    8.8661e-02
  123.0    7.4788e-03    6.0067e-03    2.4508e-01    6.7248e-02
  126.0    6.6607e-03    6.0067e-03    1.0888e-01    1.8602e-02
  129.0    5.6972e-03    6.0067e-03   -5.1517e-02   -3.8811e-02
  132.0    5.2481e-03    6.0067e-03   -1.2629e-01   -6.0861e-02
  135.0    5.1867e-03    6.0067e-03   -1.3650e-01   -7.1684e-02
  138.0    5.2285e-03    6.0067e-03   -1.2955e-01   -5.4671e-02
  141.0    5.4798e-03    6.0067e-03   -8.7723e-02   -3.3815e-02
  144.0    6.1456e-03    6.0067e-03    2.3133e-02    1.8026e-02
  147.0    6.8530e-03    6.0067e-03    1.4089e-01    3.9391e-02
  150.0    7.1601e-03    6.0067e-03    1.9202e-01    4.7117e-02
  153.0    6.6463e-03    6.0067e-03    1.0648e-01    2.5533e-02
  156.0    5.8336e-03    6.0067e-03   -2.8819e-02    3.2233e-02
  159.0    5.3340e-03    6.0067e-03   -1.1200e-01    2.0664e-02
  162.0    5.0877e-03    6.0067e-03   -1.5299e-01    5.0497e-03
  165.0    4.8249e-03    6.0067e-03   -1.9674e-01   -3.4795e-02
  168.0    4.9642e-03    6.0067e-03   -1.7356e-01   -3.9579e-02
  171.0    5.5406e-03    6.0067e-03   -7.7591e-02   -4.5172e-02
  174.0    6.4871e-03    6.0067e-03    7.9987e-02   -2.2517e-02
  177.0    7.1067e-03    6.0067e-03    1.8314e-01   -4.5389e-03
  180.0    7.0907e-03    6.0067e-03    1.8047e-01    3.2704e-02
  183.0    7.1088e-03    6.0067e-03    1.8348e-01    3.8203e-02
  186.0    6.4900e-03    6.0067e-03    8.0456e-02    3.1283e-02
  189.0    5.5425e-03    6.0067e-03   -7.7273e-02   -2.9217e-03
  192.0    4.9651e-03    6.0067e-03   -1.7341e-01   -5.9339e-03
  195.0    4.8258e-03    6.0067e-03   -1.9659e-01   -4.1661e-03
  198.0    5.0877e-03    6.0067e-03   -1.5299e-01   -3.7413e-03
  201.0    5.3335e-03    6.0067e-03   -1.1208e-01   -7.2932e-03
  204.0    5.8331e-03    6.0067e-03   -2.8901e-02    1.5785e-02
  207.0    6.6464e-03    6.0067e-03    1.0651e-01    1.3026e-02
  210.0    7.1611e-03    6.0067e-03    1.9219e-01    1.3144e-02
  213.0    6.8526e-03    6.0067e-03    1.4082e-01   -2.4487e-02
  216.0    6.1443e-03    6.0067e-03    2.2903e-02   -1.4661e-03
  219.0    5.4802e-03    6.0067e-03   -8.7654e-02    2.3485e-03
  222.0    5.2294e-03    6.0067e-03   -1.2940e-01   -1.5324e-02
  225.0    5.1869e-03    6.0067e-03   -1.3648e-01   -4.0664e-02
  228.0    5.2481e-03    6.0067e-03   -1.2629e-01   -2.4107e-02
  231.0    5.6972e-03    6.0067e-03   -5.1530e-02    6.0497e-02
  13    41  13.63   54.0    1.0    0.0   ----------------------------
  111.0    5.7773e-03    5.9849e-03   -3.4692e-02   -7.7534e-02
  114.0    6.2036e-03    5.9849e-03    3.6540e-02    5.1769e-03
  117.0    6.9947e-03    5.9849e-03    1.6872e-01    5.6571e-02
  120.0    7.4087e-03    5.9849e-03    2.3789e-01    5.8556e-02
  123.0    6.9843e-03    5.9849e-03    1.6698e-01    4.2650e-02
  126.0    6.1942e-03    5.9849e-03    3.4972e-02    2.0317e-02
  129.0    5.7645e-03    5.9849e-03   -3.6833e-02   -5.7716e-03
  132.0    5.4115e-03    5.9849e-03   -9.5807e-02   -1.5034e-02
  135.0    5.0965e-03    5.9849e-03   -1.4844e-01   -4.6673e-02
  138.0    5.0235e-03    5.9849e-03   -1.6065e-01   -4.1976e-02
  141.0    5.3096e-03    5.9849e-03   -1.1284e-01   -5.2205e-02
  144.0    6.0877e-03    5.9849e-03    1.7179e-02   -2.8548e-02
  147.0    6.9182e-03    5.9849e-03    1.5594e-01   -1.2979e-04
  150.0    7.2413e-03    5.9849e-03    2.0992e-01    3.5857e-02
  153.0    6.8249e-03    5.9849e-03    1.4034e-01    2.5682e-02
  156.0    5.9928e-03    5.9849e-03    1.3071e-03    1.0107e-02
  159.0    5.5338e-03    5.9849e-03   -7.5379e-02   -1.9692e-03
  162.0    5.6883e-03    5.9849e-03   -4.9571e-02    6.9814e-03
  165.0    5.6269e-03    5.9849e-03   -5.9817e-02   -2.0606e-02
  168.0    5.5259e-03    5.9849e-03   -7.6694e-02   -2.5322e-02
  171.0    5.7161e-03    5.9849e-03   -4.4919e-02   -1.3468e-02
  174.0    5.8582e-03    5.9849e-03   -2.1177e-02    8.2217e-03
  177.0    6.1462e-03    5.9849e-03    2.6949e-02    3.4279e-02
  180.0    6.2802e-03    5.9849e-03    4.9333e-02    4.6291e-02
  183.0    6.1479e-03    5.9849e-03    2.7232e-02    3.9056e-02
  186.0    5.8605e-03    5.9849e-03   -2.0786e-02   -1.3063e-02
  189.0    5.7169e-03    5.9849e-03   -4.4789e-02   -5.5839e-03
  192.0    5.5261e-03    5.9849e-03   -7.6663e-02    1.1133e-02
  195.0    5.6276e-03    5.9849e-03   -5.9710e-02    2.5480e-02
  198.0    5.6886e-03    5.9849e-03   -4.9509e-02   -7.9629e-03
  201.0    5.5339e-03    5.9849e-03   -7.5355e-02   -3.2604e-02
  204.0    5.9921e-03    5.9849e-03    1.2013e-03   -5.0582e-02
  207.0    6.8235e-03    5.9849e-03    1.4011e-01   -3.7029e-02
  210.0    7.2418e-03    5.9849e-03    2.1000e-01    5.5596e-03
  213.0    6.9192e-03    5.9849e-03    1.5610e-01    4.0302e-02
  216.0    6.0870e-03    5.9849e-03    1.7046e-02    2.5473e-02
  219.0    5.3094e-03    5.9849e-03   -1.1288e-01   -9.6613e-03
  222.0    5.0237e-03    5.9849e-03   -1.6061e-01   -1.8747e-02
  225.0    5.0965e-03    5.9849e-03   -1.4844e-01   -2.3360e-02
  228.0    5.4130e-03    5.9849e-03   -9.5555e-02   -3.8827e-03
  231.0    5.7655e-03    5.9849e-03   -3.6658e-02    3.4024e-02
  14    41  13.63   57.0    1.0    0.0   ----------------------------
  111.0    6.8728e-03    5.8677e-03    1.7130e-01    4.9504e-02
  114.0    6.0161e-03    5.8677e-03    2.5295e-02   -1.9227e-03
  117.0    6.0421e-03    5.8677e-03    2.9725e-02   -1.8234e-02
  120.0    6.3128e-03    5.8677e-03    7.5863e-02    2.1163e-03
  123.0    6.0426e-03    5.8677e-03    2.9816e-02    2.0171e-03
  126.0    6.0090e-03    5.8677e-03    2.4082e-02   -1.5184e-02
  129.0    6.8847e-03    5.8677e-03    1.7333e-01   -3.9644e-02
  132.0    7.0060e-03    5.8677e-03    1.9400e-01   -2.6469e-02
  135.0    5.8159e-03    5.8677e-03   -8.8207e-03   -1.0971e-02
  138.0    5.1288e-03    5.8677e-03   -1.2592e-01   -7.3808e-03
  141.0    5.1182e-03    5.8677e-03   -1.2772e-01   -3.7644e-02
  144.0    5.2395e-03    5.8677e-03   -1.0706e-01   -1.6183e-02
  147.0    5.4587e-03    5.8677e-03   -6.9693e-02    1.3497e-02
  150.0    5.7757e-03    5.8677e-03   -1.5666e-02    5.6186e-02
  153.0    5.5583e-03    5.8677e-03   -5.2719e-02    4.6772e-02
  156.0    4.9985e-03    5.8677e-03   -1.4812e-01    1.5214e-02
  159.0    5.2027e-03    5.8677e-03   -1.1332e-01    2.5436e-02
  162.0    5.8149e-03    5.8677e-03   -8.9830e-03    1.5196e-02
  165.0    6.3936e-03    5.8677e-03    8.9629e-02    4.0904e-02
  168.0    7.2448e-03    5.8677e-03    2.3469e-01    1.1048e-02
  171.0    6.9542e-03    5.8677e-03    1.8518e-01    8.5931e-03
  174.0    5.6286e-03    5.8677e-03   -4.0742e-02   -2.6763e-02
  177.0    4.9786e-03    5.8677e-03   -1.5152e-01   -2.8086e-02
  180.0    4.8679e-03    5.8677e-03   -1.7039e-01   -4.2992e-02
  183.0    4.9794e-03    5.8677e-03   -1.5138e-01   -3.1181e-02
  186.0    5.6303e-03    5.8677e-03   -4.0447e-02   -1.7250e-02
  189.0    6.9549e-03    5.8677e-03    1.8530e-01    1.3773e-02
  192.0    7.2459e-03    5.8677e-03    2.3490e-01    1.0038e-02
  195.0    6.3946e-03    5.8677e-03    8.9812e-02   -4.1567e-04
  198.0    5.8152e-03    5.8677e-03   -8.9340e-03   -2.0845e-02
  201.0    5.2026e-03    5.8677e-03   -1.1335e-01    5.4863e-03
  204.0    4.9985e-03    5.8677e-03   -1.4813e-01    2.9192e-03
  207.0    5.5576e-03    5.8677e-03   -5.2846e-02    2.1504e-02
  210.0    5.7768e-03    5.8677e-03   -1.5492e-02    1.1891e-02
  213.0    5.4606e-03    5.8677e-03   -6.9374e-02    1.5567e-02
  216.0    5.2389e-03    5.8677e-03   -1.0716e-01   -2.2154e-02
  219.0    5.1176e-03    5.8677e-03   -1.2783e-01   -1.3421e-02
  222.0    5.1291e-03    5.8677e-03   -1.2587e-01   -1.5756e-02
  225.0    5.8150e-03    5.8677e-03   -8.9752e-03    1.2266e-02
  228.0    7.0063e-03    5.8677e-03    1.9405e-01    3.5232e-03
  231.0    6.8855e-03    5.8677e-03    1.7347e-01    8.6552e-03
  15    41  13.63   60.0    1.0    0.0   ----------------------------
  111.0    6.5035e-03    5.7257e-03    1.3585e-01    8.2103e-02
  114.0    5.7078e-03    5.7257e-03   -3.1308e-03    5.4280e-03
  117.0    4.4730e-03    5.7257e-03   -2.1878e-01   -5.1579e-02
  120.0    4.0216e-03    5.7257e-03   -2.9763e-01   -7.1985e-02
  123.0    4.4726e-03    5.7257e-03   -2.1886e-01   -6.1908e-02
  126.0    5.7171e-03    5.7257e-03   -1.5088e-03   -2.5408e-02
  129.0    6.5194e-03    5.7257e-03    1.3861e-01   -5.7373e-03
  132.0    6.1680e-03    5.7257e-03    7.7240e-02    1.6919e-02
  135.0    5.6619e-03    5.7257e-03   -1.1144e-02    4.0225e-02
  138.0    5.4305e-03    5.7257e-03   -5.1568e-02    4.7135e-02
  141.0    5.3264e-03    5.7257e-03   -6.9742e-02    3.8838e-02
  144.0    5.2942e-03    5.7257e-03   -7.5361e-02    1.6332e-02
  147.0    5.6277e-03    5.7257e-03   -1.7119e-02    2.8530e-02
  150.0    6.1072e-03    5.7257e-03    6.6621e-02    8.9473e-03
  153.0    5.9282e-03    5.7257e-03    3.5361e-02   -3.2058e-03
  156.0    5.9194e-03    5.7257e-03    3.3822e-02   -5.4877e-03
  159.0    6.5427e-03    5.7257e-03    1.4269e-01    2.5588e-02
  162.0    6.6400e-03    5.7257e-03    1.5969e-01    5.7749e-02
  165.0    6.0876e-03    5.7257e-03    6.3201e-02    3.3549e-02
  168.0    6.2696e-03    5.7257e-03    9.4996e-02    1.3210e-02
  171.0    6.3818e-03    5.7257e-03    1.1458e-01   -4.3389e-02
  174.0    5.5115e-03    5.7257e-03   -3.7420e-02   -6.1228e-02
  177.0    4.4605e-03    5.7257e-03   -2.2096e-01   -8.1454e-02
  180.0    4.0194e-03    5.7257e-03   -2.9801e-01   -8.2905e-02
  183.0    4.4611e-03    5.7257e-03   -2.2087e-01   -7.4316e-02
  186.0    5.5126e-03    5.7257e-03   -3.7214e-02   -4.5045e-02
  189.0    6.3823e-03    5.7257e-03    1.1467e-01   -9.1712e-03
  192.0    6.2712e-03    5.7257e-03    9.5271e-02    3.0589e-02
  195.0    6.0891e-03    5.7257e-03    6.3471e-02    5.7499e-02
  198.0    6.6401e-03    5.7257e-03    1.5970e-01    6.3142e-02
  201.0    6.5429e-03    5.7257e-03    1.4271e-01    3.3780e-02
  204.0    5.9192e-03    5.7257e-03    3.3797e-02    1.5240e-02
  207.0    5.9276e-03    5.7257e-03    3.5264e-02    4.4832e-03
  210.0    6.1923e-03    5.7257e-03    8.1483e-02    1.5213e-02
  213.0    5.6280e-03    5.7257e-03   -1.7064e-02    6.9380e-03
  216.0    5.2930e-03    5.7257e-03   -7.5568e-02    4.5310e-03
  219.0    5.3253e-03    5.7257e-03   -6.9936e-02    1.1376e-02
  222.0    5.4305e-03    5.7257e-03   -5.1555e-02    1.9487e-02
  225.0    5.6605e-03    5.7257e-03   -1.1383e-02    4.5345e-03
  228.0    6.1675e-03    5.7257e-03    7.7164e-02   -2.1905e-02
  231.0    6.5195e-03    5.7257e-03    1.3863e-01   -3.6503e-02
  16    41  13.63   63.0    1.0    0.0   ----------------------------
  111.0    4.8702e-03    5.4869e-03   -1.1241e-01    3.4503e-02
  114.0    4.9987e-03    5.4869e-03   -8.8978e-02    2.7105e-03
  117.0    4.5114e-03    5.4869e-03   -1.7779e-01   -3.3497e-02
  120.0    4.0794e-03    5.4869e-03   -2.5653e-01   -1.1026e-02
  123.0    4.5410e-03    5.4869e-03   -1.7240e-01   -3.0871e-02
  126.0    5.0035e-03    5.4869e-03   -8.8114e-02   -2.6508e-02
  129.0    4.8548e-03    5.4869e-03   -1.1521e-01   -1.0978e-02
  132.0    5.1590e-03    5.4869e-03   -5.9777e-02    4.4921e-03
  135.0    6.3070e-03    5.4869e-03    1.4946e-01    3.0940e-02
  138.0    6.6713e-03    5.4869e-03    2.1586e-01    2.8810e-02
  141.0    6.0978e-03    5.4869e-03    1.1133e-01    4.8646e-02
  144.0    5.5072e-03    5.4869e-03    3.6826e-03    1.7058e-02
  147.0    5.0333e-03    5.4869e-03   -8.2669e-02   -2.8525e-02
  150.0    4.8392e-03    5.4869e-03   -1.1805e-01   -5.3470e-02
  153.0    5.2846e-03    5.4869e-03   -3.6873e-02   -2.0044e-02
  156.0    6.5883e-03    5.4869e-03    2.0072e-01    2.9968e-02
  159.0    7.2941e-03    5.4869e-03    3.2935e-01    5.5871e-02
  162.0    7.3569e-03    5.4869e-03    3.4081e-01    6.6924e-02
  165.0    6.2850e-03    5.4869e-03    1.4544e-01    3.1940e-02
  168.0    4.8191e-03    5.4869e-03   -1.2172e-01    1.6563e-02
  171.0    4.5519e-03    5.4869e-03   -1.7042e-01   -2.2301e-02
  174.0    4.9378e-03    5.4869e-03   -1.0009e-01   -2.0118e-02
  177.0    4.7461e-03    5.4869e-03   -1.3502e-01   -4.6966e-02
  180.0    4.2996e-03    5.4869e-03   -2.1639e-01   -2.7549e-02
  183.0    4.7467e-03    5.4869e-03   -1.3491e-01   -5.2924e-02
  186.0    4.9379e-03    5.4869e-03   -1.0006e-01   -5.2781e-02
  189.0    4.5521e-03    5.4869e-03   -1.7038e-01   -5.8630e-02
  192.0    4.8204e-03    5.4869e-03   -1.2149e-01   -2.8886e-02
  195.0    6.2858e-03    5.4869e-03    1.4559e-01    2.8338e-02
  198.0    7.3566e-03    5.4869e-03    3.4075e-01    3.1307e-02
  201.0    7.2940e-03    5.4869e-03    3.2934e-01    2.4804e-02
  204.0    6.5882e-03    5.4869e-03    2.0071e-01   -5.7552e-03
  207.0    5.2846e-03    5.4869e-03   -3.6881e-02    3.2558e-03
  210.0    4.8385e-03    5.4869e-03   -1.1818e-01    1.0419e-02
  213.0    5.0304e-03    5.4869e-03   -8.3198e-02   -7.0099e-03
  216.0    5.5048e-03    5.4869e-03    3.2619e-03    1.1499e-02
  219.0    6.0971e-03    5.4869e-03    1.1120e-01    5.0039e-02
  222.0    6.6712e-03    5.4869e-03    2.1583e-01    9.7487e-02
  225.0    6.3062e-03    5.4869e-03    1.4931e-01    6.3589e-02
  228.0    5.1584e-03    5.4869e-03   -5.9879e-02   -1.7767e-02
  231.0    4.8546e-03    5.4869e-03   -1.1524e-01   -1.3273e-01
  17    41  13.63   66.0    1.0    0.0   ----------------------------
  111.0    4.5591e-03    5.0929e-03   -1.0482e-01    4.5579e-03
  114.0    4.7379e-03    5.0929e-03   -6.9705e-02    1.2457e-02
  117.0    5.0825e-03    5.0929e-03   -2.0518e-03    2.0778e-02
  120.0    5.1756e-03    5.0929e-03    1.6238e-02   -2.6989e-02
  123.0    5.0922e-03    5.0929e-03   -1.3340e-04   -1.6422e-02
  126.0    4.7337e-03    5.0929e-03   -7.0531e-02   -2.2255e-02
  129.0    4.5630e-03    5.0929e-03   -1.0406e-01   -3.4049e-04
  132.0    4.7215e-03    5.0929e-03   -7.2926e-02   -4.6006e-03
  135.0    5.7493e-03    5.0929e-03    1.2888e-01   -1.8625e-02
  138.0    6.2860e-03    5.0929e-03    2.3426e-01    1.6186e-02
  141.0    5.9014e-03    5.0929e-03    1.5875e-01    4.8483e-02
  144.0    5.1724e-03    5.0929e-03    1.5605e-02    4.6018e-02
  147.0    3.9976e-03    5.0929e-03   -2.1507e-01   -1.0630e-02
  150.0    3.2352e-03    5.0929e-03   -3.6477e-01   -6.2267e-02
  153.0    4.4620e-03    5.0929e-03   -1.2388e-01   -3.9014e-02
  156.0    6.3809e-03    5.0929e-03    2.5290e-01    1.7466e-02
  159.0    6.3816e-03    5.0929e-03    2.5304e-01    4.3599e-02
  162.0    5.8284e-03    5.0929e-03    1.4441e-01    2.9235e-02
  165.0    5.1898e-03    5.0929e-03    1.9032e-02    1.7990e-02
  168.0    4.4187e-03    5.0929e-03   -1.3239e-01    6.5581e-03
  171.0    4.7619e-03    5.0929e-03   -6.4997e-02   -2.2748e-04
  174.0    5.0364e-03    5.0929e-03   -1.1105e-02   -3.0330e-02
  177.0    5.1512e-03    5.0929e-03    1.1446e-02   -4.2641e-02
  180.0    4.9619e-03    5.0929e-03   -2.5732e-02   -3.7304e-02
  183.0    5.1512e-03    5.0929e-03    1.1436e-02   -1.5905e-02
  186.0    5.0356e-03    5.0929e-03   -1.1255e-02    6.6580e-03
  189.0    4.7619e-03    5.0929e-03   -6.4994e-02    1.2928e-02
  192.0    4.4196e-03    5.0929e-03   -1.3220e-01    1.4656e-02
  195.0    5.1895e-03    5.0929e-03    1.8974e-02    3.1378e-02
  198.0    5.8282e-03    5.0929e-03    1.4438e-01    2.2104e-02
  201.0    6.3821e-03    5.0929e-03    2.5314e-01    2.5796e-02
  204.0    6.3811e-03    5.0929e-03    2.5294e-01   -4.8175e-03
  207.0    4.4620e-03    5.0929e-03   -1.2387e-01   -4.9571e-03
  210.0    3.2347e-03    5.0929e-03   -3.6486e-01   -4.4038e-02
  213.0    3.9954e-03    5.0929e-03   -2.1550e-01   -3.1319e-02
  216.0    5.1701e-03    5.0929e-03    1.5149e-02   -3.8567e-03
  219.0    5.8996e-03    5.0929e-03    1.5839e-01    2.1676e-02
  222.0    6.2847e-03    5.0929e-03    2.3400e-01    2.8755e-02
  225.0    5.7496e-03    5.0929e-03    1.2894e-01    6.5927e-04
  228.0    4.7212e-03    5.0929e-03   -7.2982e-02   -3.9210e-03
  231.0    4.5628e-03    5.0929e-03   -1.0408e-01   -7.5541e-03
  18    41  13.63   69.0    1.0    0.0   ----------------------------
  111.0    5.7885e-03    4.9906e-03    1.5989e-01    5.6681e-02
  114.0    5.8528e-03    4.9906e-03    1.7278e-01    1.2929e-02
  117.0    5.2473e-03    4.9906e-03    5.1450e-02   -2.4320e-02
  120.0    5.2932e-03    4.9906e-03    6.0645e-02   -4.7138e-02
  123.0    5.2492e-03    4.9906e-03    5.1829e-02   -4.4052e-02
  126.0    5.8429e-03    4.9906e-03    1.7079e-01   -2.1100e-02
  129.0    5.8143e-03    4.9906e-03    1.6506e-01   -8.5998e-04
  132.0    5.2458e-03    4.9906e-03    5.1143e-02    1.9854e-02
  135.0    5.9855e-03    4.9906e-03    1.9937e-01    1.2304e-02
  138.0    6.4973e-03    4.9906e-03    3.0193e-01    2.3902e-02
  141.0    4.9939e-03    4.9906e-03    6.6745e-04    4.2784e-02
  144.0    3.8108e-03    4.9906e-03   -2.3639e-01    2.1828e-02
  147.0    3.0422e-03    4.9906e-03   -3.9041e-01   -9.9606e-03
  150.0    2.7701e-03    4.9906e-03   -4.4492e-01   -5.5166e-02
  153.0    3.5040e-03    4.9906e-03   -2.9788e-01   -3.5335e-02
  156.0    4.5307e-03    4.9906e-03   -9.2149e-02   -1.1701e-02
  159.0    4.7039e-03    4.9906e-03   -5.7447e-02    1.9627e-02
  162.0    5.1394e-03    4.9906e-03    2.9831e-02    1.1072e-02
  165.0    5.1600e-03    4.9906e-03    3.3958e-02    5.2143e-03
  168.0    5.0182e-03    4.9906e-03    5.5364e-03   -3.8574e-03
  171.0    6.0073e-03    4.9906e-03    2.0373e-01    3.5885e-02
  174.0    6.0910e-03    4.9906e-03    2.2050e-01    2.9935e-02
  177.0    4.9853e-03    4.9906e-03   -1.0546e-03    2.0826e-02
  180.0    4.7436e-03    4.9906e-03   -4.9480e-02   -1.7290e-02
  183.0    4.9854e-03    4.9906e-03   -1.0383e-03   -5.4064e-03
  186.0    6.0907e-03    4.9906e-03    2.2044e-01   -2.5175e-02
  189.0    6.0075e-03    4.9906e-03    2.0377e-01    2.6254e-04
  192.0    5.0187e-03    4.9906e-03    5.6452e-03   -2.6269e-03
  195.0    5.1600e-03    4.9906e-03    3.3948e-02    2.5527e-02
  198.0    5.1401e-03    4.9906e-03    2.9966e-02    2.0110e-03
  201.0    4.7051e-03    4.9906e-03   -5.7196e-02    1.3884e-02
  204.0    4.5313e-03    4.9906e-03   -9.2035e-02    1.1968e-02
  207.0    3.5040e-03    4.9906e-03   -2.9787e-01   -2.0148e-02
  210.0    2.7694e-03    4.9906e-03   -4.4507e-01   -4.0176e-02
  213.0    3.0409e-03    4.9906e-03   -3.9068e-01   -4.6033e-02
  216.0    3.8102e-03    4.9906e-03   -2.3653e-01   -4.8067e-03
  219.0    4.9920e-03    4.9906e-03    2.9814e-04    2.1693e-02
  222.0    6.4952e-03    4.9906e-03    3.0149e-01   -5.3406e-04
  225.0    5.9852e-03    4.9906e-03    1.9931e-01    6.8596e-05
  228.0    5.2458e-03    4.9906e-03    5.1145e-02   -3.2512e-03
  231.0    5.8142e-03    4.9906e-03    1.6503e-01    3.0212e-02
  19    41  13.63   72.0    1.0    0.0   ----------------------------
  111.0    5.9250e-03    5.1762e-03    1.4467e-01   -4.5857e-02
  114.0    5.9703e-03    5.1762e-03    1.5343e-01   -2.0811e-02
  117.0    5.4716e-03    5.1762e-03    5.7071e-02   -1.8817e-04
  120.0    5.2451e-03    5.1762e-03    1.3308e-02    3.2241e-02
  123.0    5.4859e-03    5.1762e-03    5.9837e-02    3.7311e-02
  126.0    5.9527e-03    5.1762e-03    1.5001e-01    3.7041e-02
  129.0    5.9438e-03    5.1762e-03    1.4830e-01   -1.9961e-03
  132.0    5.6645e-03    5.1762e-03    9.4343e-02    2.6812e-02
  135.0    6.2571e-03    5.1762e-03    2.0884e-01    2.6184e-02
  138.0    6.7816e-03    5.1762e-03    3.1016e-01    1.1326e-02
  141.0    5.2510e-03    5.1762e-03    1.4455e-02   -7.2880e-03
  144.0    3.6534e-03    5.1762e-03   -2.9419e-01   -9.4223e-03
  147.0    3.2893e-03    5.1762e-03   -3.6452e-01   -2.4928e-02
  150.0    3.2730e-03    5.1762e-03   -3.6768e-01   -9.1082e-02
  153.0    3.7169e-03    5.1762e-03   -2.8192e-01   -7.3257e-02
  156.0    4.1528e-03    5.1762e-03   -1.9771e-01   -2.0920e-02
  159.0    4.8923e-03    5.1762e-03   -5.4849e-02    6.5417e-02
  162.0    5.5333e-03    5.1762e-03    6.8996e-02    3.5777e-02
  165.0    5.3262e-03    5.1762e-03    2.8976e-02    4.3288e-02
  168.0    5.3050e-03    5.1762e-03    2.4885e-02   -2.4941e-02
  171.0    5.9314e-03    5.1762e-03    1.4591e-01   -2.4014e-02
  174.0    6.1753e-03    5.1762e-03    1.9303e-01   -3.0105e-02
  177.0    5.3985e-03    5.1762e-03    4.2957e-02    2.7130e-04
  180.0    5.0790e-03    5.1762e-03   -1.8773e-02    2.5675e-02
  183.0    5.3997e-03    5.1762e-03    4.3178e-02   -8.9069e-03
  186.0    6.1762e-03    5.1762e-03    1.9319e-01   -4.9613e-03
  189.0    5.9316e-03    5.1762e-03    1.4595e-01   -1.5606e-02
  192.0    5.3056e-03    5.1762e-03    2.5012e-02    1.7231e-02
  195.0    5.3276e-03    5.1762e-03    2.9255e-02    5.1319e-02
  198.0    5.5347e-03    5.1762e-03    6.9263e-02    7.1924e-02
  201.0    4.8934e-03    5.1762e-03   -5.4629e-02    4.2410e-02
  204.0    4.1529e-03    5.1762e-03   -1.9769e-01    1.8820e-02
  207.0    3.7167e-03    5.1762e-03   -2.8196e-01   -7.5409e-02
  210.0    3.2728e-03    5.1762e-03   -3.6772e-01   -4.3317e-02
  213.0    3.2887e-03    5.1762e-03   -3.6464e-01   -6.4748e-02
  216.0    3.6528e-03    5.1762e-03   -2.9430e-01   -1.3447e-02
  219.0    5.2499e-03    5.1762e-03    1.4250e-02    2.1007e-02
  222.0    6.7804e-03    5.1762e-03    3.0994e-01    4.6377e-02
  225.0    6.2568e-03    5.1762e-03    2.0877e-01    2.2611e-02
  228.0    5.6647e-03    5.1762e-03    9.4379e-02   -2.8860e-02
  231.0    5.9433e-03    5.1762e-03    1.4821e-01   -7.4749e-04

fitted parameters ( nfit =  0  nfollow =  0  )

   r-factora =    0.6836   r-factorb =    0.8648

    0     0.10    174.0    4.086           general vinner tdebye lattice
    1  0.00000  0.00000  0.61400  0.61400  layer spacing length units
    2  0.53100  0.35414  0.61356  0.61356  layer spacing length units
    3  0.53100  0.00000  0.61356  0.61356  layer spacing length units
    4  0.43100  0.00000  0.70705  0.70705  layer spacing length units
    5  0.65000  0.40822  0.70705  0.70705  layer spacing length units
    6  0.75000  0.40822  0.70705  0.70705  layer spacing length units
                                           unit: lattice constant

   r-factora=sum((chic-chie)*(chic-chie))/(sum(chic*chic+chie*chie)
   r-factorb=sum(chic*chic-chie*chie)/sum(chic*chic+chie*chie)

This calculation took   33 processor seconds on    1 Linux Cluster
     starting on Fri Oct  9 00:42:51 2026
   and ending on Fri Oct  9 00:43:24 2026

