   223    26     0     datakind beginning-row multi-curves
-----------------------------------------------------------------
Calculation of photoelectron diffraction and dichroism
MSCD Parallel  Version 1.37 Yufeng Chen and Michel A Van Hove
Lawrence Berkeley National Laboratory (LBNL), Berkeley, CA 94720
Copyright (c) Van Hove Group 1997-1998. All rights reserved
-----------------------------------------------------------------
 angle-resolved photoemission extended fine structure (ARPEFS)
 multiple scattering calculation of Ag(111)-3d
 calculated by Guilherme (IFGW) on Oct  9, 2026

   initial angular momentum (li) = 1   msorder=  8   raorder= 4
   photon polarization angle (polar,azimuth) =(  30.0   0.0 ) (deg)

   radius, depth and lattice constant=  14.0,  21.0 and   4.09 angstrom
   cluster size= 643 atoms and spacings=  0.00  2.17  2.17  1.76 angs
   inner potential=  0.1 V  debye and sample temperature= 174, 300 K
   number of valence electrons=   9     bandgap energy=   0.00 eV
   density of bulk=   8.90 g/cm3     molecular weight=  58.93 amu
   effective weight for kind 1-2 =  107.9   58.9 amu
   half aperture angle=    1.5 deg            pathcut=     0.0050

   photoemission azimuthal scan curves
     parameters: curve point theta phi weightc weighte
     columns: phi intensity background chical chiexp
    19   779    1   19   41  779  ncurve npoint nk ntheta nphi nangle
   1    41  13.63   18.0    1.0    0.0   ----------------------------
  111.0    6.3465e-03    5.8394e-03    8.6845e-02   -1.3333e-02
  114.0    6.4025e-03    5.8394e-03    9.6434e-02   -2.6705e-02
  117.0    6.4576e-03    5.8394e-03    1.0587e-01   -1.1138e-02
  120.0    6.4674e-03    5.8394e-03    1.0756e-01    1.0988e-02
  123.0    6.4562e-03    5.8394e-03    1.0564e-01    1.5717e-02
  126.0    6.3997e-03    5.8394e-03    9.5956e-02    2.5430e-02
  129.0    6.3431e-03    5.8394e-03    8.6261e-02    5.2995e-02
  132.0    6.2622e-03    5.8394e-03    7.2413e-02    5.4504e-02
  135.0    6.1109e-03    5.8394e-03    4.6498e-02    1.1787e-02
  138.0    5.9748e-03    5.8394e-03    2.3202e-02   -2.4085e-02
  141.0    5.8204e-03    5.8394e-03   -3.2414e-03   -4.8855e-02
  144.0    5.5797e-03    5.8394e-03   -4.4472e-02   -1.4787e-02
  147.0    5.3839e-03    5.8394e-03   -7.8003e-02   -2.0491e-02
  150.0    5.3272e-03    5.8394e-03   -8.7706e-02    1.1745e-02
  153.0    5.2173e-03    5.8394e-03   -1.0653e-01   -1.5968e-02
  156.0    5.2176e-03    5.8394e-03   -1.0648e-01   -1.2477e-02
  159.0    5.3650e-03    5.8394e-03   -8.1232e-02   -4.5813e-02
  162.0    5.4369e-03    5.8394e-03   -6.8915e-02   -6.3418e-02
  165.0    5.5812e-03    5.8394e-03   -4.4203e-02   -3.7200e-02
  168.0    5.8047e-03    5.8394e-03   -5.9316e-03   -8.1792e-03
  171.0    5.9152e-03    5.8394e-03    1.2987e-02    2.6642e-02
  174.0    5.9964e-03    5.8394e-03    2.6899e-02    2.0564e-02
  177.0    6.0721e-03    5.8394e-03    3.9863e-02    3.0183e-02
  180.0    6.0615e-03    5.8394e-03    3.8039e-02    7.7510e-02
  183.0    6.0722e-03    5.8394e-03    3.9878e-02    4.6800e-02
  186.0    5.9966e-03    5.8394e-03    2.6921e-02    4.7168e-02
  189.0    5.9153e-03    5.8394e-03    1.3008e-02    1.9678e-02
  192.0    5.8051e-03    5.8394e-03   -5.8590e-03    1.9096e-02
  195.0    5.5817e-03    5.8394e-03   -4.4119e-02   -6.0049e-03
  198.0    5.4376e-03    5.8394e-03   -6.8799e-02   -3.3532e-02
  201.0    5.3658e-03    5.8394e-03   -8.1090e-02   -2.7964e-03
  204.0    5.2185e-03    5.8394e-03   -1.0633e-01   -3.5458e-02
  207.0    5.2181e-03    5.8394e-03   -1.0640e-01   -3.7249e-02
  210.0    5.3278e-03    5.8394e-03   -8.7600e-02   -6.7729e-02
  213.0    5.3843e-03    5.8394e-03   -7.7935e-02   -1.5264e-02
  216.0    5.5798e-03    5.8394e-03   -4.4442e-02   -1.5289e-02
  219.0    5.8204e-03    5.8394e-03   -3.2519e-03    3.4591e-02
  222.0    5.9747e-03    5.8394e-03    2.3170e-02    2.5457e-02
  225.0    6.1107e-03    5.8394e-03    4.6461e-02    3.3885e-02
  228.0    6.2620e-03    5.8394e-03    7.2381e-02    4.5536e-03
  231.0    6.3430e-03    5.8394e-03    8.6249e-02   -1.3528e-02
   2    41  13.63   21.0    1.0    0.0   ----------------------------
  111.0    6.3114e-03    5.9437e-03    6.1862e-02   -7.3413e-02
  114.0    6.2452e-03    5.9437e-03    5.0731e-02    1.8364e-02
  117.0    6.1930e-03    5.9437e-03    4.1950e-02    5.1760e-02
  120.0    6.1604e-03    5.9437e-03    3.6465e-02    6.3395e-02
  123.0    6.1923e-03    5.9437e-03    4.1822e-02    2.5307e-02
  126.0    6.2433e-03    5.9437e-03    5.0401e-02    2.2145e-02
  129.0    6.3080e-03    5.9437e-03    6.1290e-02    1.1997e-02
  132.0    6.3225e-03    5.9437e-03    6.3734e-02    1.2015e-02
  135.0    6.2765e-03    5.9437e-03    5.5989e-02   -7.5110e-03
  138.0    6.1302e-03    5.9437e-03    3.1377e-02   -5.9268e-02
  141.0    5.9025e-03    5.9437e-03   -6.9253e-03   -7.6990e-02
  144.0    5.6746e-03    5.9437e-03   -4.5267e-02   -6.9689e-02
  147.0    5.5087e-03    5.9437e-03   -7.3193e-02   -3.2383e-02
  150.0    5.4250e-03    5.9437e-03   -8.7275e-02   -3.9124e-02
  153.0    5.4192e-03    5.9437e-03   -8.8238e-02   -3.1160e-02
  156.0    5.4739e-03    5.9437e-03   -7.9046e-02   -1.3027e-02
  159.0    5.5898e-03    5.9437e-03   -5.9539e-02    1.0815e-02
  162.0    5.7653e-03    5.9437e-03   -3.0014e-02    2.2556e-02
  165.0    5.9029e-03    5.9437e-03   -6.8553e-03    4.8580e-02
  168.0    5.9513e-03    5.9437e-03    1.2865e-03    7.8555e-02
  171.0    6.0720e-03    5.9437e-03    2.1593e-02    6.9755e-02
  174.0    6.1410e-03    5.9437e-03    3.3192e-02    1.4306e-02
  177.0    6.2034e-03    5.9437e-03    4.3693e-02   -2.7015e-02
  180.0    6.2159e-03    5.9437e-03    4.5796e-02    2.9564e-04
  183.0    6.2035e-03    5.9437e-03    4.3704e-02   -1.2900e-02
  186.0    6.1411e-03    5.9437e-03    3.3206e-02    3.8259e-02
  189.0    6.0722e-03    5.9437e-03    2.1629e-02    3.4685e-02
  192.0    5.9519e-03    5.9437e-03    1.3877e-03    5.2255e-02
  195.0    5.9040e-03    5.9437e-03   -6.6814e-03    1.3629e-02
  198.0    5.7665e-03    5.9437e-03   -2.9810e-02    6.6550e-04
  201.0    5.5907e-03    5.9437e-03   -5.9391e-02    1.3659e-02
  204.0    5.4739e-03    5.9437e-03   -7.9033e-02   -9.9448e-03
  207.0    5.4190e-03    5.9437e-03   -8.8283e-02   -6.9394e-02
  210.0    5.4243e-03    5.9437e-03   -8.7388e-02   -9.4282e-02
  213.0    5.5078e-03    5.9437e-03   -7.3337e-02   -6.0676e-02
  216.0    5.6737e-03    5.9437e-03   -4.5427e-02   -3.0548e-02
  219.0    5.9015e-03    5.9437e-03   -7.1029e-03    1.4995e-02
  222.0    6.1292e-03    5.9437e-03    3.1218e-02   -1.6832e-03
  225.0    6.2754e-03    5.9437e-03    5.5815e-02    2.1609e-02
  228.0    6.3214e-03    5.9437e-03    6.3543e-02    1.8540e-02
  231.0    6.3069e-03    5.9437e-03    6.1116e-02    5.1096e-02
   3    41  13.63   24.0    1.0    0.0   ----------------------------
  111.0    7.1258e-03    6.3821e-03    1.1653e-01   -1.2490e-02
  114.0    6.9381e-03    6.3821e-03    8.7118e-02   -3.7491e-03
  117.0    6.7358e-03    6.3821e-03    5.5417e-02    8.2344e-03
  120.0    6.6644e-03    6.3821e-03    4.4237e-02    2.8238e-02
  123.0    6.7365e-03    6.3821e-03    5.5535e-02    1.0912e-02
  126.0    6.9364e-03    6.3821e-03    8.6861e-02    1.0955e-03
  129.0    7.1223e-03    6.3821e-03    1.1599e-01    6.1878e-03
  132.0    7.1574e-03    6.3821e-03    1.2147e-01    3.4016e-02
  135.0    7.1036e-03    6.3821e-03    1.1306e-01    4.1323e-02
  138.0    6.8644e-03    6.3821e-03    7.5575e-02   -1.7176e-03
  141.0    6.4801e-03    6.3821e-03    1.5350e-02   -5.2437e-02
  144.0    6.0883e-03    6.3821e-03   -4.6033e-02   -7.5042e-02
  147.0    5.7756e-03    6.3821e-03   -9.5029e-02   -5.9561e-02
  150.0    5.5861e-03    6.3821e-03   -1.2472e-01   -3.3071e-02
  153.0    5.5979e-03    6.3821e-03   -1.2287e-01   -3.7705e-02
  156.0    5.6409e-03    6.3821e-03   -1.1613e-01   -1.3808e-02
  159.0    5.8166e-03    6.3821e-03   -8.8606e-02   -3.6766e-03
  162.0    6.0329e-03    6.3821e-03   -5.4722e-02    2.5569e-02
  165.0    6.2745e-03    6.3821e-03   -1.6863e-02    1.2107e-02
  168.0    6.3711e-03    6.3821e-03   -1.7281e-03    1.1047e-02
  171.0    6.4463e-03    6.3821e-03    1.0062e-02    2.0907e-02
  174.0    6.4129e-03    6.3821e-03    4.8286e-03    4.0032e-02
  177.0    6.3463e-03    6.3821e-03   -5.6115e-03    5.1903e-02
  180.0    6.3099e-03    6.3821e-03   -1.1310e-02    6.6655e-02
  183.0    6.3461e-03    6.3821e-03   -5.6347e-03    4.9621e-02
  186.0    6.4130e-03    6.3821e-03    4.8349e-03    4.4424e-02
  189.0    6.4468e-03    6.3821e-03    1.0136e-02    3.1874e-03
  192.0    6.3721e-03    6.3821e-03   -1.5731e-03    5.5329e-03
  195.0    6.2755e-03    6.3821e-03   -1.6706e-02   -1.3050e-02
  198.0    6.0334e-03    6.3821e-03   -5.4636e-02   -3.5530e-03
  201.0    5.8167e-03    6.3821e-03   -8.8589e-02   -3.3395e-02
  204.0    5.6406e-03    6.3821e-03   -1.1618e-01   -5.9305e-02
  207.0    5.5973e-03    6.3821e-03   -1.2297e-01   -8.9953e-02
  210.0    5.5858e-03    6.3821e-03   -1.2478e-01   -5.4632e-02
  213.0    5.7746e-03    6.3821e-03   -9.5185e-02   -4.5909e-02
  216.0    6.0869e-03    6.3821e-03   -4.6248e-02   -1.0786e-02
  219.0    6.4780e-03    6.3821e-03    1.5024e-02   -5.8877e-03
  222.0    6.8614e-03    6.3821e-03    7.5099e-02    7.6230e-02
  225.0    7.1004e-03    6.3821e-03    1.1255e-01    8.7268e-02
  228.0    7.1540e-03    6.3821e-03    1.2095e-01    4.8655e-02
  231.0    7.1192e-03    6.3821e-03    1.1550e-01   -6.3132e-02
   4    41  13.63   27.0    1.0    0.0   ----------------------------
  111.0    7.8327e-03    7.0901e-03    1.0475e-01    2.4692e-02
  114.0    7.6314e-03    7.0901e-03    7.6343e-02   -1.9055e-03
  117.0    7.4683e-03    7.0901e-03    5.3342e-02    2.6585e-03
  120.0    7.4229e-03    7.0901e-03    4.6943e-02   -2.3271e-03
  123.0    7.4679e-03    7.0901e-03    5.3294e-02    1.8172e-02
  126.0    7.6315e-03    7.0901e-03    7.6355e-02   -1.2133e-02
  129.0    7.8307e-03    7.0901e-03    1.0446e-01   -1.4493e-03
  132.0    7.9297e-03    7.0901e-03    1.1842e-01   -4.7537e-03
  135.0    8.0297e-03    7.0901e-03    1.3253e-01    1.7658e-02
  138.0    7.8613e-03    7.0901e-03    1.0877e-01    1.9383e-03
  141.0    7.4675e-03    7.0901e-03    5.3224e-02   -2.0774e-02
  144.0    6.8578e-03    7.0901e-03   -3.2765e-02   -1.8127e-02
  147.0    6.2094e-03    7.0901e-03   -1.2421e-01   -3.3409e-02
  150.0    5.7760e-03    7.0901e-03   -1.8534e-01   -3.8623e-02
  153.0    5.7236e-03    7.0901e-03   -1.9273e-01   -8.6046e-02
  156.0    5.8933e-03    7.0901e-03   -1.6880e-01   -6.4417e-02
  159.0    6.2372e-03    7.0901e-03   -1.2029e-01   -2.8085e-03
  162.0    6.6067e-03    7.0901e-03   -6.8171e-02    5.7834e-02
  165.0    6.9064e-03    7.0901e-03   -2.5909e-02    7.5508e-02
  168.0    7.1203e-03    7.0901e-03    4.2598e-03    7.6232e-02
  171.0    7.3203e-03    7.0901e-03    3.2469e-02    4.3822e-02
  174.0    7.4546e-03    7.0901e-03    5.1405e-02    3.0243e-02
  177.0    7.5961e-03    7.0901e-03    7.1368e-02   -2.2376e-02
  180.0    7.6216e-03    7.0901e-03    7.4960e-02   -2.2643e-02
  183.0    7.5958e-03    7.0901e-03    7.1327e-02    5.3222e-03
  186.0    7.4546e-03    7.0901e-03    5.1406e-02    6.6250e-03
  189.0    7.3227e-03    7.0901e-03    3.2804e-02    4.4753e-02
  192.0    7.1210e-03    7.0901e-03    4.3626e-03    2.9540e-02
  195.0    6.9070e-03    7.0901e-03   -2.5827e-02    3.9787e-02
  198.0    6.6070e-03    7.0901e-03   -6.8136e-02    2.5561e-02
  201.0    6.2372e-03    7.0901e-03   -1.2030e-01   -1.4008e-02
  204.0    5.8931e-03    7.0901e-03   -1.6883e-01   -4.4771e-03
  207.0    5.7231e-03    7.0901e-03   -1.9280e-01   -5.3857e-02
  210.0    5.7751e-03    7.0901e-03   -1.8547e-01   -7.3017e-02
  213.0    6.2077e-03    7.0901e-03   -1.2446e-01   -8.9817e-02
  216.0    6.8549e-03    7.0901e-03   -3.3178e-02   -5.8950e-02
  219.0    7.4637e-03    7.0901e-03    5.2694e-02    4.3706e-03
  222.0    7.8569e-03    7.0901e-03    1.0815e-01    1.5420e-02
  225.0    8.0252e-03    7.0901e-03    1.3189e-01    2.7836e-02
  228.0    7.9253e-03    7.0901e-03    1.1781e-01    2.4525e-02
  231.0    7.8267e-03    7.0901e-03    1.0389e-01    5.3769e-02
   5    41  13.63   30.0    1.0    0.0   ----------------------------
  111.0    8.1830e-03    7.7192e-03    6.0080e-02   -2.5039e-02
  114.0    7.6991e-03    7.7192e-03   -2.6118e-03   -3.7031e-03
  117.0    7.4337e-03    7.7192e-03   -3.6996e-02    7.7065e-03
  120.0    7.3563e-03    7.7192e-03   -4.7015e-02    4.2303e-03
  123.0    7.4333e-03    7.7192e-03   -3.7044e-02    1.2450e-02
  126.0    7.7359e-03    7.7192e-03    2.1557e-03    1.0414e-02
  129.0    8.1810e-03    7.7192e-03    5.9818e-02    1.7261e-02
  132.0    8.5160e-03    7.7192e-03    1.0321e-01    2.8846e-02
  135.0    8.7592e-03    7.7192e-03    1.3472e-01    4.3241e-02
  138.0    8.7010e-03    7.7192e-03    1.2718e-01    4.2917e-02
  141.0    8.2372e-03    7.7192e-03    6.7101e-02    7.0368e-03
  144.0    7.4279e-03    7.7192e-03   -3.7744e-02   -3.7225e-02
  147.0    6.5582e-03    7.7192e-03   -1.5041e-01   -8.0628e-02
  150.0    6.1335e-03    7.7192e-03   -2.0543e-01   -7.3895e-02
  153.0    5.9598e-03    7.7192e-03   -2.2793e-01   -6.6122e-02
  156.0    6.4738e-03    7.7192e-03   -1.6134e-01   -3.3449e-02
  159.0    7.1030e-03    7.7192e-03   -7.9832e-02   -9.4586e-03
  162.0    7.7035e-03    7.7192e-03   -2.0412e-03    2.7946e-02
  165.0    7.9731e-03    7.7192e-03    3.2884e-02    2.0426e-02
  168.0    8.1054e-03    7.7192e-03    5.0020e-02    1.6024e-02
  171.0    8.1836e-03    7.7192e-03    6.0159e-02    1.2007e-02
  174.0    8.4019e-03    7.7192e-03    8.8441e-02    2.7507e-02
  177.0    8.5691e-03    7.7192e-03    1.1009e-01    2.6511e-02
  180.0    8.7002e-03    7.7192e-03    1.2708e-01    1.3554e-02
  183.0    8.5688e-03    7.7192e-03    1.1006e-01    1.0916e-02
  186.0    8.4018e-03    7.7192e-03    8.8427e-02    1.5062e-02
  189.0    8.1840e-03    7.7192e-03    6.0210e-02    2.5573e-02
  192.0    8.1061e-03    7.7192e-03    5.0118e-02    3.8724e-02
  195.0    7.9738e-03    7.7192e-03    3.2971e-02    4.7334e-02
  198.0    7.7036e-03    7.7192e-03   -2.0323e-03    3.4943e-02
  201.0    7.1028e-03    7.7192e-03   -7.9855e-02    1.6305e-02
  204.0    6.4740e-03    7.7192e-03   -1.6131e-01   -2.7231e-02
  207.0    5.9602e-03    7.7192e-03   -2.2788e-01   -6.2070e-02
  210.0    6.1330e-03    7.7192e-03   -2.0549e-01   -8.4085e-02
  213.0    6.5560e-03    7.7192e-03   -1.5069e-01   -6.7745e-02
  216.0    7.4242e-03    7.7192e-03   -3.8222e-02   -3.5937e-02
  219.0    8.2322e-03    7.7192e-03    6.6450e-02    3.7936e-03
  222.0    8.6958e-03    7.7192e-03    1.2650e-01    1.3640e-02
  225.0    8.7543e-03    7.7192e-03    1.3409e-01    3.8415e-02
  228.0    8.5120e-03    7.7192e-03    1.0270e-01    2.7588e-02
  231.0    8.1778e-03    7.7192e-03    5.9404e-02    1.6307e-02
   6    41  13.63   33.0    1.0    0.0   ----------------------------
  111.0    8.0101e-03    7.5171e-03    6.5582e-02    9.4909e-03
  114.0    7.5994e-03    7.5171e-03    1.0948e-02   -2.1051e-02
  117.0    7.1915e-03    7.5171e-03   -4.3322e-02   -7.7975e-03
  120.0    6.9457e-03    7.5171e-03   -7.6016e-02    1.4761e-02
  123.0    7.1914e-03    7.5171e-03   -4.3329e-02    4.2367e-02
  126.0    7.6375e-03    7.5171e-03    1.6013e-02    3.3946e-02
  129.0    8.0131e-03    7.5171e-03    6.5975e-02    3.4094e-02
  132.0    8.3670e-03    7.5171e-03    1.1306e-01   -1.3862e-03
  135.0    8.3271e-03    7.5171e-03    1.0776e-01   -1.1130e-02
  138.0    8.1200e-03    7.5171e-03    8.0202e-02   -3.2220e-02
  141.0    7.5140e-03    7.5171e-03   -4.1622e-04   -1.5164e-02
  144.0    6.7855e-03    7.5171e-03   -9.7326e-02   -5.1957e-02
  147.0    6.2766e-03    7.5171e-03   -1.6503e-01   -5.9681e-02
  150.0    5.8655e-03    7.5171e-03   -2.1971e-01   -6.8588e-02
  153.0    5.8094e-03    7.5171e-03   -2.2718e-01   -3.8589e-02
  156.0    6.1642e-03    7.5171e-03   -1.7998e-01   -6.3267e-03
  159.0    6.9400e-03    7.5171e-03   -7.6769e-02    4.8693e-03
  162.0    7.6206e-03    7.5171e-03    1.3769e-02    9.8899e-03
  165.0    7.9521e-03    7.5171e-03    5.7867e-02    2.0725e-02
  168.0    8.1852e-03    7.5171e-03    8.8877e-02    1.4746e-02
  171.0    8.2578e-03    7.5171e-03    9.8540e-02    3.7918e-02
  174.0    8.4781e-03    7.5171e-03    1.2784e-01    2.8539e-02
  177.0    8.7326e-03    7.5171e-03    1.6169e-01    4.7724e-02
  180.0    8.8313e-03    7.5171e-03    1.7482e-01    4.3469e-02
  183.0    8.7324e-03    7.5171e-03    1.6167e-01    5.1377e-02
  186.0    8.4778e-03    7.5171e-03    1.2780e-01    4.3641e-02
  189.0    8.2580e-03    7.5171e-03    9.8562e-02    2.8613e-02
  192.0    8.1861e-03    7.5171e-03    8.8991e-02    2.4612e-02
  195.0    7.9526e-03    7.5171e-03    5.7935e-02    1.4749e-02
  198.0    7.6204e-03    7.5171e-03    1.3743e-02   -3.5443e-03
  201.0    6.9404e-03    7.5171e-03   -7.6724e-02   -2.6282e-02
  204.0    6.1656e-03    7.5171e-03   -1.7978e-01   -4.6665e-02
  207.0    5.8103e-03    7.5171e-03   -2.2706e-01   -5.0691e-02
  210.0    5.8645e-03    7.5171e-03   -2.1985e-01   -6.4202e-02
  213.0    6.2737e-03    7.5171e-03   -1.6540e-01   -6.1280e-02
  216.0    6.7817e-03    7.5171e-03   -9.7826e-02   -4.6884e-02
  219.0    7.5099e-03    7.5171e-03   -9.6065e-04   -2.3413e-02
  222.0    8.1162e-03    7.5171e-03    7.9703e-02    3.3600e-03
  225.0    8.3239e-03    7.5171e-03    1.0733e-01    3.1216e-02
  228.0    8.3634e-03    7.5171e-03    1.1258e-01    4.9272e-02
  231.0    8.0089e-03    7.5171e-03    6.5424e-02    4.7860e-02
   7    41  13.63   36.0    1.0    0.0   ----------------------------
  111.0    7.6411e-03    6.8194e-03    1.2049e-01    2.5849e-02
  114.0    7.2951e-03    6.8194e-03    6.9746e-02    4.0106e-03
  117.0    6.7665e-03    6.8194e-03   -7.7617e-03   -1.0516e-02
  120.0    6.5032e-03    6.8194e-03   -4.6365e-02   -8.2474e-03
  123.0    6.7692e-03    6.8194e-03   -7.3588e-03   -7.2891e-03
  126.0    7.2991e-03    6.8194e-03    7.0343e-02    1.5227e-02
  129.0    7.6446e-03    6.8194e-03    1.2100e-01    3.3361e-02
  132.0    7.4665e-03    6.8194e-03    9.4893e-02    2.9180e-02
  135.0    7.2338e-03    6.8194e-03    6.0771e-02   -5.0403e-04
  138.0    6.8122e-03    6.8194e-03   -1.0635e-03   -2.2137e-02
  141.0    6.4490e-03    6.8194e-03   -5.4314e-02   -2.8610e-02
  144.0    6.0832e-03    6.8194e-03   -1.0796e-01   -2.9272e-02
  147.0    5.7465e-03    6.8194e-03   -1.5734e-01   -2.4359e-02
  150.0    5.6867e-03    6.8194e-03   -1.6610e-01   -4.1173e-02
  153.0    5.4344e-03    6.8194e-03   -2.0310e-01   -6.5249e-02
  156.0    5.5854e-03    6.8194e-03   -1.8096e-01   -7.1382e-02
  159.0    6.0234e-03    6.8194e-03   -1.1673e-01   -5.7281e-02
  162.0    6.5580e-03    6.8194e-03   -3.8330e-02   -1.4044e-02
  165.0    7.1818e-03    6.8194e-03    5.3136e-02    2.0593e-02
  168.0    7.4446e-03    6.8194e-03    9.1683e-02    6.5874e-02
  171.0    7.7677e-03    6.8194e-03    1.3905e-01    8.3510e-02
  174.0    7.8257e-03    6.8194e-03    1.4755e-01    9.7499e-02
  177.0    7.8484e-03    6.8194e-03    1.5088e-01    6.7722e-02
  180.0    7.7590e-03    6.8194e-03    1.3778e-01    6.3434e-02
  183.0    7.8483e-03    6.8194e-03    1.5088e-01    4.0195e-02
  186.0    7.8253e-03    6.8194e-03    1.4750e-01    2.5301e-02
  189.0    7.7678e-03    6.8194e-03    1.3907e-01    9.2320e-03
  192.0    7.4451e-03    6.8194e-03    9.1746e-02    1.4814e-03
  195.0    7.1819e-03    6.8194e-03    5.3158e-02   -2.0484e-02
  198.0    6.5581e-03    6.8194e-03   -3.8326e-02   -3.5781e-02
  201.0    6.0241e-03    6.8194e-03   -1.1662e-01   -4.3690e-02
  204.0    5.5867e-03    6.8194e-03   -1.8077e-01   -3.6224e-02
  207.0    5.4347e-03    6.8194e-03   -2.0306e-01   -3.3061e-02
  210.0    5.6857e-03    6.8194e-03   -1.6624e-01   -5.2335e-02
  213.0    5.7447e-03    6.8194e-03   -1.5760e-01   -3.4788e-02
  216.0    6.0811e-03    6.8194e-03   -1.0826e-01   -3.1433e-02
  219.0    6.4474e-03    6.8194e-03   -5.4550e-02   -2.6089e-02
  222.0    6.8099e-03    6.8194e-03   -1.3927e-03   -1.1739e-02
  225.0    7.2303e-03    6.8194e-03    6.0249e-02    1.5708e-02
  228.0    7.4616e-03    6.8194e-03    9.4162e-02    5.0599e-02
  231.0    7.6386e-03    6.8194e-03    1.2012e-01    5.7604e-02
   8    41  13.63   39.0    1.0    0.0   ----------------------------
  111.0    6.9208e-03    6.4515e-03    7.2742e-02    1.7847e-02
  114.0    7.4337e-03    6.4515e-03    1.5224e-01   -9.3399e-03
  117.0    7.7466e-03    6.4515e-03    2.0075e-01   -1.6765e-02
  120.0    7.9352e-03    6.4515e-03    2.2998e-01    1.8341e-02
  123.0    7.7498e-03    6.4515e-03    2.0124e-01    3.0571e-02
  126.0    7.4376e-03    6.4515e-03    1.5285e-01    2.4047e-02
  129.0    6.9236e-03    6.4515e-03    7.3188e-02    2.1677e-02
  132.0    6.2557e-03    6.4515e-03   -3.0339e-02    2.9775e-03
  135.0    5.7234e-03    6.4515e-03   -1.1285e-01   -1.3795e-02
  138.0    5.6945e-03    6.4515e-03   -1.1734e-01   -3.6654e-02
  141.0    5.7993e-03    6.4515e-03   -1.0108e-01   -4.3589e-02
  144.0    6.0302e-03    6.4515e-03   -6.5301e-02   -9.9646e-03
  147.0    6.1294e-03    6.4515e-03   -4.9928e-02   -1.3753e-02
  150.0    5.8274e-03    6.4515e-03   -9.6735e-02   -1.0269e-02
  153.0    5.5139e-03    6.4515e-03   -1.4533e-01   -5.6565e-02
  156.0    5.2640e-03    6.4515e-03   -1.8407e-01   -5.7653e-02
  159.0    5.2139e-03    6.4515e-03   -1.9183e-01   -7.1992e-02
  162.0    5.5819e-03    6.4515e-03   -1.3479e-01   -3.5269e-02
  165.0    6.0747e-03    6.4515e-03   -5.8407e-02   -1.0877e-02
  168.0    6.6165e-03    6.4515e-03    2.5584e-02    1.1352e-02
  171.0    7.1291e-03    6.4515e-03    1.0504e-01    5.1463e-02
  174.0    7.6907e-03    6.4515e-03    1.9208e-01    9.3086e-02
  177.0    8.0801e-03    6.4515e-03    2.5245e-01    1.2506e-01
  180.0    8.2094e-03    6.4515e-03    2.7248e-01    1.0631e-01
  183.0    8.0799e-03    6.4515e-03    2.5242e-01    7.5735e-02
  186.0    7.6903e-03    6.4515e-03    1.9202e-01    3.6145e-02
  189.0    7.1291e-03    6.4515e-03    1.0503e-01    2.6449e-02
  192.0    6.6166e-03    6.4515e-03    2.5589e-02    1.5969e-02
  195.0    6.0747e-03    6.4515e-03   -5.8406e-02   -1.1287e-02
  198.0    5.5818e-03    6.4515e-03   -1.3480e-01   -4.4351e-02
  201.0    5.2142e-03    6.4515e-03   -1.9178e-01   -6.9664e-02
  204.0    5.2647e-03    6.4515e-03   -1.8395e-01   -6.2000e-02
  207.0    5.5145e-03    6.4515e-03   -1.4524e-01   -5.6913e-02
  210.0    5.8273e-03    6.4515e-03   -9.6748e-02   -5.4021e-02
  213.0    6.1281e-03    6.4515e-03   -5.0129e-02   -4.3780e-02
  216.0    6.0289e-03    6.4515e-03   -6.5496e-02   -3.1164e-02
  219.0    5.7982e-03    6.4515e-03   -1.0127e-01   -2.1344e-02
  222.0    5.6925e-03    6.4515e-03   -1.1764e-01   -3.0451e-03
  225.0    5.7204e-03    6.4515e-03   -1.1332e-01    1.3533e-02
  228.0    6.2510e-03    6.4515e-03   -3.1079e-02    4.0257e-02
  231.0    6.9171e-03    6.4515e-03    7.2167e-02    7.3877e-02
   9    41  13.63   42.0    1.0    0.0   ----------------------------
  111.0    5.9377e-03    6.0491e-03   -1.8408e-02   -5.5523e-02
  114.0    7.2170e-03    6.0491e-03    1.9308e-01   -6.9952e-03
  117.0    8.0659e-03    6.0491e-03    3.3341e-01    3.4766e-02
  120.0    8.3620e-03    6.0491e-03    3.8237e-01    6.2760e-02
  123.0    8.0664e-03    6.0491e-03    3.3349e-01    6.0475e-02
  126.0    7.2162e-03    6.0491e-03    1.9295e-01    2.5757e-02
  129.0    5.9366e-03    6.0491e-03   -1.8595e-02   -4.2905e-03
  132.0    4.9745e-03    6.0491e-03   -1.7764e-01   -4.4725e-02
  135.0    4.5599e-03    6.0491e-03   -2.4618e-01   -3.9915e-02
  138.0    4.8037e-03    6.0491e-03   -2.0588e-01   -5.1954e-02
  141.0    5.4276e-03    6.0491e-03   -1.0274e-01   -2.5289e-02
  144.0    6.1374e-03    6.0491e-03    1.4602e-02   -3.1381e-03
  147.0    6.5175e-03    6.0491e-03    7.7446e-02    2.3573e-02
  150.0    6.5248e-03    6.0491e-03    7.8655e-02    3.1621e-02
  153.0    6.0307e-03    6.0491e-03   -3.0331e-03    8.0494e-03
  156.0    5.3162e-03    6.0491e-03   -1.2114e-01   -1.2051e-02
  159.0    4.8118e-03    6.0491e-03   -2.0454e-01   -4.4419e-02
  162.0    4.5686e-03    6.0491e-03   -2.4473e-01   -6.8277e-02
  165.0    4.7579e-03    6.0491e-03   -2.1345e-01   -7.4540e-02
  168.0    5.2624e-03    6.0491e-03   -1.3005e-01   -5.4030e-02
  171.0    6.1439e-03    6.0491e-03    1.5681e-02   -7.9013e-04
  174.0    7.3578e-03    6.0491e-03    2.1635e-01    5.0250e-02
  177.0    8.1868e-03    6.0491e-03    3.5340e-01    9.8171e-02
  180.0    8.5192e-03    6.0491e-03    4.0835e-01    1.2273e-01
  183.0    8.1870e-03    6.0491e-03    3.5344e-01    1.1448e-01
  186.0    7.3576e-03    6.0491e-03    2.1632e-01    7.0593e-02
  189.0    6.1437e-03    6.0491e-03    1.5644e-02    1.3646e-02
  192.0    5.2622e-03    6.0491e-03   -1.3008e-01   -2.5541e-02
  195.0    4.7579e-03    6.0491e-03   -2.1345e-01   -5.1623e-02
  198.0    4.5686e-03    6.0491e-03   -2.4474e-01   -5.9106e-02
  201.0    4.8116e-03    6.0491e-03   -2.0458e-01   -6.3265e-02
  204.0    5.3169e-03    6.0491e-03   -1.2103e-01   -3.3498e-02
  207.0    6.0322e-03    6.0491e-03   -2.7882e-03   -1.5428e-02
  210.0    6.5246e-03    6.0491e-03    7.8609e-02    4.5335e-03
  213.0    6.5159e-03    6.0491e-03    7.7183e-02   -1.7918e-03
  216.0    6.1369e-03    6.0491e-03    1.4522e-02   -1.7471e-02
  219.0    5.4278e-03    6.0491e-03   -1.0270e-01   -2.2091e-02
  222.0    4.8034e-03    6.0491e-03   -2.0592e-01   -1.7417e-02
  225.0    4.5590e-03    6.0491e-03   -2.4634e-01    4.5348e-03
  228.0    4.9722e-03    6.0491e-03   -1.7802e-01    2.6046e-02
  231.0    5.9314e-03    6.0491e-03   -1.9451e-02    4.1364e-02
  10    41  13.63   45.0    1.0    0.0   ----------------------------
  111.0    5.2510e-03    5.7376e-03   -8.4817e-02   -5.1333e-02
  114.0    6.4808e-03    5.7376e-03    1.2953e-01   -4.8680e-03
  117.0    7.5537e-03    5.7376e-03    3.1652e-01    5.2641e-02
  120.0    7.8656e-03    5.7376e-03    3.7088e-01    5.7244e-02
  123.0    7.5536e-03    5.7376e-03    3.1651e-01    7.3831e-02
  126.0    6.4782e-03    5.7376e-03    1.2907e-01    1.2707e-02
  129.0    5.2453e-03    5.7376e-03   -8.5797e-02   -2.1424e-02
  132.0    4.5666e-03    5.7376e-03   -2.0410e-01   -8.5646e-02
  135.0    4.3970e-03    5.7376e-03   -2.3365e-01   -7.2264e-02
  138.0    4.8268e-03    5.7376e-03   -1.5875e-01   -4.5088e-02
  141.0    5.5002e-03    5.7376e-03   -4.1371e-02    2.6317e-03
  144.0    6.2171e-03    5.7376e-03    8.3565e-02    1.6458e-02
  147.0    6.8869e-03    5.7376e-03    2.0030e-01    2.8378e-02
  150.0    7.2317e-03    5.7376e-03    2.6040e-01    2.3871e-02
  153.0    6.5347e-03    5.7376e-03    1.3892e-01    5.3816e-03
  156.0    5.5767e-03    5.7376e-03   -2.8055e-02   -1.9821e-02
  159.0    4.8645e-03    5.7376e-03   -1.5217e-01   -4.5555e-02
  162.0    4.2833e-03    5.7376e-03   -2.5347e-01   -3.2011e-02
  165.0    3.8956e-03    5.7376e-03   -3.2104e-01   -3.1929e-02
  168.0    4.2116e-03    5.7376e-03   -2.6597e-01    7.8895e-03
  171.0    5.1014e-03    5.7376e-03   -1.1088e-01    2.0971e-02
  174.0    6.3944e-03    5.7376e-03    1.1447e-01    5.5909e-02
  177.0    7.4046e-03    5.7376e-03    2.9053e-01    4.6220e-02
  180.0    7.7794e-03    5.7376e-03    3.5586e-01    5.9292e-02
  183.0    7.4046e-03    5.7376e-03    2.9053e-01    6.3894e-02
  186.0    6.3946e-03    5.7376e-03    1.1450e-01    5.8331e-02
  189.0    5.1012e-03    5.7376e-03   -1.1091e-01    3.0771e-02
  192.0    4.2116e-03    5.7376e-03   -2.6597e-01   -3.4532e-02
  195.0    3.8957e-03    5.7376e-03   -3.2103e-01   -5.9524e-02
  198.0    4.2830e-03    5.7376e-03   -2.5352e-01   -8.2028e-02
  201.0    4.8640e-03    5.7376e-03   -1.5226e-01   -5.1364e-02
  204.0    5.5772e-03    5.7376e-03   -2.7958e-02   -2.1167e-02
  207.0    6.5365e-03    5.7376e-03    1.3924e-01    1.8470e-03
  210.0    7.2322e-03    5.7376e-03    2.6049e-01    1.8783e-02
  213.0    6.8866e-03    5.7376e-03    2.0025e-01    1.4107e-02
  216.0    6.2179e-03    5.7376e-03    8.3712e-02    9.9425e-03
  219.0    5.5009e-03    5.7376e-03   -4.1251e-02   -8.5234e-03
  222.0    4.8268e-03    5.7376e-03   -1.5875e-01   -2.4272e-02
  225.0    4.3973e-03    5.7376e-03   -2.3361e-01   -2.9116e-02
  228.0    4.5670e-03    5.7376e-03   -2.0402e-01   -2.0694e-03
  231.0    5.2447e-03    5.7376e-03   -8.5906e-02    6.1597e-02
  11    41  13.63   48.0    1.0    0.0   ----------------------------
  111.0    6.0201e-03    5.9735e-03    7.8002e-03   -5.5145e-02
  114.0    6.9445e-03    5.9735e-03    1.6255e-01    1.0323e-03
  117.0    7.8867e-03    5.9735e-03    3.2029e-01    4.1790e-02
  120.0    8.0495e-03    5.9735e-03    3.4754e-01    5.9876e-02
  123.0    7.8820e-03    5.9735e-03    3.1949e-01    4.4919e-02
  126.0    6.9321e-03    5.9735e-03    1.6048e-01    2.4345e-02
  129.0    6.0139e-03    5.9735e-03    6.7642e-03   -2.5239e-03
  132.0    5.4582e-03    5.9735e-03   -8.6260e-02   -2.8956e-02
  135.0    5.1163e-03    5.9735e-03   -1.4350e-01   -3.5614e-02
  138.0    5.2206e-03    5.9735e-03   -1.2603e-01   -2.8166e-02
  141.0    5.7472e-03    5.9735e-03   -3.7872e-02   -2.3371e-02
  144.0    6.1569e-03    5.9735e-03    3.0703e-02   -2.6761e-02
  147.0    6.1685e-03    5.9735e-03    3.2655e-02   -1.9742e-02
  150.0    6.1146e-03    5.9735e-03    2.3627e-02   -2.5240e-02
  153.0    5.9708e-03    5.9735e-03   -4.5270e-04   -4.2170e-02
  156.0    5.6790e-03    5.9735e-03   -4.9292e-02   -4.0370e-02
  159.0    5.2533e-03    5.9735e-03   -1.2056e-01   -2.6106e-02
  162.0    4.6689e-03    5.9735e-03   -2.1839e-01   -9.5315e-04
  165.0    4.3590e-03    5.9735e-03   -2.7027e-01   -3.0074e-03
  168.0    4.8733e-03    5.9735e-03   -1.8417e-01    1.3310e-02
  171.0    5.8477e-03    5.9735e-03   -2.1062e-02    4.1871e-02
  174.0    6.9282e-03    5.9735e-03    1.5984e-01    8.4753e-02
  177.0    7.3876e-03    5.9735e-03    2.3674e-01    9.7467e-02
  180.0    7.2721e-03    5.9735e-03    2.1739e-01    8.4553e-02
  183.0    7.3876e-03    5.9735e-03    2.3674e-01    6.5259e-02
  186.0    6.9283e-03    5.9735e-03    1.5985e-01    2.9383e-02
  189.0    5.8472e-03    5.9735e-03   -2.1143e-02   -4.2236e-03
  192.0    4.8736e-03    5.9735e-03   -1.8412e-01   -4.1122e-02
  195.0    4.3595e-03    5.9735e-03   -2.7018e-01   -5.3725e-02
  198.0    4.6687e-03    5.9735e-03   -2.1842e-01   -4.0821e-02
  201.0    5.2525e-03    5.9735e-03   -1.2070e-01   -4.5094e-02
  204.0    5.6793e-03    5.9735e-03   -4.9244e-02   -4.7214e-02
  207.0    5.9722e-03    5.9735e-03   -2.1374e-04   -3.8709e-02
  210.0    6.1149e-03    5.9735e-03    2.3678e-02   -1.9988e-02
  213.0    6.1682e-03    5.9735e-03    3.2592e-02    1.6120e-03
  216.0    6.1571e-03    5.9735e-03    3.0737e-02    2.2071e-03
  219.0    5.7475e-03    5.9735e-03   -3.7822e-02   -4.8838e-03
  222.0    5.2211e-03    5.9735e-03   -1.2595e-01    1.3877e-02
  225.0    5.1161e-03    5.9735e-03   -1.4353e-01    3.2935e-04
  228.0    5.4563e-03    5.9735e-03   -8.6586e-02    1.7028e-02
  231.0    6.0111e-03    5.9735e-03    6.2962e-03    3.0666e-02
  12    41  13.63   51.0    1.0    0.0   ----------------------------
  111.0    5.8721e-03    6.1413e-03   -4.3829e-02   -6.4633e-02
  114.0    6.8618e-03    6.1413e-03    1.1733e-01   -1.4734e-02
  117.0    7.3410e-03    6.1413e-03    1.9536e-01    4.6329e-02
  120.0    7.2850e-03    6.1413e-03    1.8623e-01    8.8661e-02
  123.0    7.3365e-03    6.1413e-03    1.9462e-01    6.7248e-02
  126.0    6.8466e-03    6.1413e-03    1.1485e-01    1.8602e-02
  129.0    5.8859e-03    6.1413e-03   -4.1589e-02   -3.8811e-02
  132.0    5.3315e-03    6.1413e-03   -1.3186e-01   -6.0861e-02
  135.0    5.0608e-03    6.1413e-03   -1.7594e-01   -7.1684e-02
  138.0    5.1342e-03    6.1413e-03   -1.6398e-01   -5.4671e-02
  141.0    5.7050e-03    6.1413e-03   -7.1033e-02   -3.3815e-02
  144.0    6.5629e-03    6.1413e-03    6.8652e-02    1.8026e-02
  147.0    7.2560e-03    6.1413e-03    1.8151e-01    3.9391e-02
  150.0    7.6875e-03    6.1413e-03    2.5177e-01    4.7117e-02
  153.0    6.9966e-03    6.1413e-03    1.3928e-01    2.5533e-02
  156.0    6.2056e-03    6.1413e-03    1.0477e-02    3.2233e-02
  159.0    5.6384e-03    6.1413e-03   -8.1885e-02    2.0664e-02
  162.0    5.1183e-03    6.1413e-03   -1.6658e-01    5.0497e-03
  165.0    4.8148e-03    6.1413e-03   -2.1599e-01   -3.4795e-02
  168.0    5.0061e-03    6.1413e-03   -1.8485e-01   -3.9579e-02
  171.0    5.8141e-03    6.1413e-03   -5.3269e-02   -4.5172e-02
  174.0    6.7756e-03    6.1413e-03    1.0328e-01   -2.2517e-02
  177.0    6.8626e-03    6.1413e-03    1.1746e-01   -4.5389e-03
  180.0    6.5410e-03    6.1413e-03    6.5088e-02    3.2704e-02
  183.0    6.8625e-03    6.1413e-03    1.1743e-01    3.8203e-02
  186.0    6.7764e-03    6.1413e-03    1.0341e-01    3.1283e-02
  189.0    5.8138e-03    6.1413e-03   -5.3320e-02   -2.9217e-03
  192.0    5.0058e-03    6.1413e-03   -1.8489e-01   -5.9339e-03
  195.0    4.8148e-03    6.1413e-03   -2.1600e-01   -4.1661e-03
  198.0    5.1183e-03    6.1413e-03   -1.6658e-01   -3.7413e-03
  201.0    5.6379e-03    6.1413e-03   -8.1962e-02   -7.2932e-03
  204.0    6.2047e-03    6.1413e-03    1.0320e-02    1.5785e-02
  207.0    6.9973e-03    6.1413e-03    1.3938e-01    1.3026e-02
  210.0    7.6889e-03    6.1413e-03    2.5200e-01    1.3144e-02
  213.0    7.2560e-03    6.1413e-03    1.8152e-01   -2.4487e-02
  216.0    6.5626e-03    6.1413e-03    6.8611e-02   -1.4661e-03
  219.0    5.7049e-03    6.1413e-03   -7.1054e-02    2.3485e-03
  222.0    5.1344e-03    6.1413e-03   -1.6395e-01   -1.5324e-02
  225.0    5.0604e-03    6.1413e-03   -1.7600e-01   -4.0664e-02
  228.0    5.3300e-03    6.1413e-03   -1.3210e-01   -2.4107e-02
  231.0    5.8838e-03    6.1413e-03   -4.1928e-02    6.0497e-02
  13    41  13.63   54.0    1.0    0.0   ----------------------------
  111.0    5.6054e-03    5.8806e-03   -4.6799e-02   -7.7534e-02
  114.0    6.2189e-03    5.8806e-03    5.7518e-02    5.1769e-03
  117.0    7.0603e-03    5.8806e-03    2.0060e-01    5.6571e-02
  120.0    7.4211e-03    5.8806e-03    2.6197e-01    5.8556e-02
  123.0    7.0521e-03    5.8806e-03    1.9920e-01    4.2650e-02
  126.0    6.2058e-03    5.8806e-03    5.5294e-02    2.0317e-02
  129.0    5.5997e-03    5.8806e-03   -4.7776e-02   -5.7716e-03
  132.0    5.3178e-03    5.8806e-03   -9.5715e-02   -1.5034e-02
  135.0    5.1198e-03    5.8806e-03   -1.2937e-01   -4.6673e-02
  138.0    4.9583e-03    5.8806e-03   -1.5683e-01   -4.1976e-02
  141.0    4.9334e-03    5.8806e-03   -1.6107e-01   -5.2205e-02
  144.0    5.7305e-03    5.8806e-03   -2.5534e-02   -2.8548e-02
  147.0    6.7412e-03    5.8806e-03    1.4634e-01   -1.2979e-04
  150.0    7.1012e-03    5.8806e-03    2.0755e-01    3.5857e-02
  153.0    6.6037e-03    5.8806e-03    1.2295e-01    2.5682e-02
  156.0    5.8398e-03    5.8806e-03   -6.9332e-03    1.0107e-02
  159.0    5.4117e-03    5.8806e-03   -7.9738e-02   -1.9692e-03
  162.0    5.6532e-03    5.8806e-03   -3.8678e-02    6.9814e-03
  165.0    5.7098e-03    5.8806e-03   -2.9054e-02   -2.0606e-02
  168.0    5.4592e-03    5.8806e-03   -7.1665e-02   -2.5322e-02
  171.0    5.3345e-03    5.8806e-03   -9.2870e-02   -1.3468e-02
  174.0    5.3790e-03    5.8806e-03   -8.5296e-02    8.2217e-03
  177.0    6.3155e-03    5.8806e-03    7.3945e-02    3.4279e-02
  180.0    7.1252e-03    5.8806e-03    2.1165e-01    4.6291e-02
  183.0    6.3155e-03    5.8806e-03    7.3953e-02    3.9056e-02
  186.0    5.3790e-03    5.8806e-03   -8.5301e-02   -1.3063e-02
  189.0    5.3344e-03    5.8806e-03   -9.2876e-02   -5.5839e-03
  192.0    5.4591e-03    5.8806e-03   -7.1674e-02    1.1133e-02
  195.0    5.7098e-03    5.8806e-03   -2.9048e-02    2.5480e-02
  198.0    5.6531e-03    5.8806e-03   -3.8687e-02   -7.9629e-03
  201.0    5.4121e-03    5.8806e-03   -7.9676e-02   -3.2604e-02
  204.0    5.8396e-03    5.8806e-03   -6.9737e-03   -5.0582e-02
  207.0    6.6034e-03    5.8806e-03    1.2291e-01   -3.7029e-02
  210.0    7.1018e-03    5.8806e-03    2.0766e-01    5.5596e-03
  213.0    6.7417e-03    5.8806e-03    1.4643e-01    4.0302e-02
  216.0    5.7313e-03    5.8806e-03   -2.5388e-02    2.5473e-02
  219.0    4.9328e-03    5.8806e-03   -1.6118e-01   -9.6613e-03
  222.0    4.9572e-03    5.8806e-03   -1.5703e-01   -1.8747e-02
  225.0    5.1196e-03    5.8806e-03   -1.2941e-01   -2.3360e-02
  228.0    5.3182e-03    5.8806e-03   -9.5634e-02   -3.8827e-03
  231.0    5.5998e-03    5.8806e-03   -4.7759e-02    3.4024e-02
  14    41  13.63   57.0    1.0    0.0   ----------------------------
  111.0    6.2889e-03    5.7172e-03    9.9996e-02    4.9504e-02
  114.0    5.7876e-03    5.7172e-03    1.2307e-02   -1.9227e-03
  117.0    5.7959e-03    5.7172e-03    1.3766e-02   -1.8234e-02
  120.0    6.0012e-03    5.7172e-03    4.9667e-02    2.1163e-03
  123.0    5.7947e-03    5.7172e-03    1.3551e-02    2.0171e-03
  126.0    5.7850e-03    5.7172e-03    1.1857e-02   -1.5184e-02
  129.0    6.2819e-03    5.7172e-03    9.8775e-02   -3.9644e-02
  132.0    6.4952e-03    5.7172e-03    1.3608e-01   -2.6469e-02
  135.0    5.8302e-03    5.7172e-03    1.9763e-02   -1.0971e-02
  138.0    5.1026e-03    5.7172e-03   -1.0750e-01   -7.3808e-03
  141.0    4.8578e-03    5.7172e-03   -1.5032e-01   -3.7644e-02
  144.0    4.8583e-03    5.7172e-03   -1.5023e-01   -1.6183e-02
  147.0    5.8637e-03    5.7172e-03    2.5626e-02    1.3497e-02
  150.0    6.1413e-03    5.7172e-03    7.4175e-02    5.6186e-02
  153.0    5.8573e-03    5.7172e-03    2.4496e-02    4.6772e-02
  156.0    5.1214e-03    5.7172e-03   -1.0422e-01    1.5214e-02
  159.0    5.2478e-03    5.7172e-03   -8.2109e-02    2.5436e-02
  162.0    5.8019e-03    5.7172e-03    1.4812e-02    1.5196e-02
  165.0    6.2696e-03    5.7172e-03    9.6618e-02    4.0904e-02
  168.0    6.7336e-03    5.7172e-03    1.7778e-01    1.1048e-02
  171.0    6.3432e-03    5.7172e-03    1.0949e-01    8.5931e-03
  174.0    5.3493e-03    5.7172e-03   -6.4349e-02   -2.6763e-02
  177.0    4.7774e-03    5.7172e-03   -1.6438e-01   -2.8086e-02
  180.0    5.0951e-03    5.7172e-03   -1.0882e-01   -4.2992e-02
  183.0    4.7768e-03    5.7172e-03   -1.6448e-01   -3.1181e-02
  186.0    5.3494e-03    5.7172e-03   -6.4338e-02   -1.7250e-02
  189.0    6.3433e-03    5.7172e-03    1.0951e-01    1.3773e-02
  192.0    6.7332e-03    5.7172e-03    1.7770e-01    1.0038e-02
  195.0    6.2691e-03    5.7172e-03    9.6533e-02   -4.1567e-04
  198.0    5.8015e-03    5.7172e-03    1.4738e-02   -2.0845e-02
  201.0    5.2472e-03    5.7172e-03   -8.2211e-02    5.4863e-03
  204.0    5.1219e-03    5.7172e-03   -1.0412e-01    2.9192e-03
  207.0    5.8576e-03    5.7172e-03    2.4557e-02    2.1504e-02
  210.0    6.1410e-03    5.7172e-03    7.4118e-02    1.1891e-02
  213.0    5.8641e-03    5.7172e-03    2.5688e-02    1.5567e-02
  216.0    4.8590e-03    5.7172e-03   -1.5011e-01   -2.2154e-02
  219.0    4.8560e-03    5.7172e-03   -1.5064e-01   -1.3421e-02
  222.0    5.1000e-03    5.7172e-03   -1.0795e-01   -1.5756e-02
  225.0    5.8290e-03    5.7172e-03    1.9552e-02    1.2266e-02
  228.0    6.4943e-03    5.7172e-03    1.3592e-01    3.5232e-03
  231.0    6.2816e-03    5.7172e-03    9.8719e-02    8.6552e-03
  15    41  13.63   60.0    1.0    0.0   ----------------------------
  111.0    5.9113e-03    5.5693e-03    6.1406e-02    8.2103e-02
  114.0    5.6747e-03    5.5693e-03    1.8920e-02    5.4280e-03
  117.0    4.5133e-03    5.5693e-03   -1.8962e-01   -5.1579e-02
  120.0    4.3653e-03    5.5693e-03   -2.1620e-01   -7.1985e-02
  123.0    4.5152e-03    5.5693e-03   -1.8928e-01   -6.1908e-02
  126.0    5.6799e-03    5.5693e-03    1.9854e-02   -2.5408e-02
  129.0    5.9372e-03    5.5693e-03    6.6052e-02   -5.7373e-03
  132.0    5.4343e-03    5.5693e-03   -2.4257e-02    1.6919e-02
  135.0    5.8299e-03    5.5693e-03    4.6792e-02    4.0225e-02
  138.0    5.8664e-03    5.5693e-03    5.3339e-02    4.7135e-02
  141.0    5.3792e-03    5.5693e-03   -3.4141e-02    3.8838e-02
  144.0    4.8417e-03    5.5693e-03   -1.3065e-01    1.6332e-02
  147.0    5.2782e-03    5.5693e-03   -5.2268e-02    2.8530e-02
  150.0    6.1412e-03    5.5693e-03    1.0267e-01    8.9473e-03
  153.0    5.7377e-03    5.5693e-03    3.0231e-02   -3.2058e-03
  156.0    5.5364e-03    5.5693e-03   -5.9115e-03   -5.4877e-03
  159.0    6.1624e-03    5.5693e-03    1.0648e-01    2.5588e-02
  162.0    6.7160e-03    5.5693e-03    2.0588e-01    5.7749e-02
  165.0    6.3202e-03    5.5693e-03    1.3481e-01    3.3549e-02
  168.0    5.7722e-03    5.5693e-03    3.6425e-02    1.3210e-02
  171.0    5.9556e-03    5.5693e-03    6.9360e-02   -4.3389e-02
  174.0    5.3723e-03    5.5693e-03   -3.5383e-02   -6.1228e-02
  177.0    4.4232e-03    5.5693e-03   -2.0580e-01   -8.1454e-02
  180.0    4.2325e-03    5.5693e-03   -2.4004e-01   -8.2905e-02
  183.0    4.4235e-03    5.5693e-03   -2.0574e-01   -7.4316e-02
  186.0    5.3720e-03    5.5693e-03   -3.5441e-02   -4.5045e-02
  189.0    5.9551e-03    5.5693e-03    6.9255e-02   -9.1712e-03
  192.0    5.7721e-03    5.5693e-03    3.6408e-02    3.0589e-02
  195.0    6.3205e-03    5.5693e-03    1.3488e-01    5.7499e-02
  198.0    6.7161e-03    5.5693e-03    2.0590e-01    6.3142e-02
  201.0    6.1629e-03    5.5693e-03    1.0657e-01    3.3780e-02
  204.0    5.5365e-03    5.5693e-03   -5.9056e-03    1.5240e-02
  207.0    5.7373e-03    5.5693e-03    3.0155e-02    4.4832e-03
  210.0    6.1923e-03    5.5693e-03    1.1186e-01    1.5213e-02
  213.0    5.2794e-03    5.5693e-03   -5.2068e-02    6.9380e-03
  216.0    4.8425e-03    5.5693e-03   -1.3051e-01    4.5310e-03
  219.0    5.3773e-03    5.5693e-03   -3.4482e-02    1.1376e-02
  222.0    5.8645e-03    5.5693e-03    5.2996e-02    1.9487e-02
  225.0    5.8276e-03    5.5693e-03    4.6362e-02    4.5345e-03
  228.0    5.4318e-03    5.5693e-03   -2.4691e-02   -2.1905e-02
  231.0    5.9357e-03    5.5693e-03    6.5778e-02   -3.6503e-02
  16    41  13.63   63.0    1.0    0.0   ----------------------------
  111.0    4.8698e-03    5.3857e-03   -9.5803e-02    3.4503e-02
  114.0    4.2846e-03    5.3857e-03   -2.0445e-01    2.7105e-03
  117.0    4.4136e-03    5.3857e-03   -1.8050e-01   -3.3497e-02
  120.0    4.3932e-03    5.3857e-03   -1.8428e-01   -1.1026e-02
  123.0    4.4570e-03    5.3857e-03   -1.7245e-01   -3.0871e-02
  126.0    4.2817e-03    5.3857e-03   -2.0500e-01   -2.6508e-02
  129.0    4.8699e-03    5.3857e-03   -9.5778e-02   -1.0978e-02
  132.0    5.2494e-03    5.3857e-03   -2.5320e-02    4.4921e-03
  135.0    6.0152e-03    5.3857e-03    1.1688e-01    3.0940e-02
  138.0    6.7438e-03    5.3857e-03    2.5217e-01    2.8810e-02
  141.0    5.8496e-03    5.3857e-03    8.6137e-02    4.8646e-02
  144.0    5.1589e-03    5.3857e-03   -4.2115e-02    1.7058e-02
  147.0    4.4019e-03    5.3857e-03   -1.8268e-01   -2.8525e-02
  150.0    4.9647e-03    5.3857e-03   -7.8173e-02   -5.3470e-02
  153.0    4.9174e-03    5.3857e-03   -8.6965e-02   -2.0044e-02
  156.0    6.1380e-03    5.3857e-03    1.3968e-01    2.9968e-02
  159.0    7.3395e-03    5.3857e-03    3.6277e-01    5.5871e-02
  162.0    7.6588e-03    5.3857e-03    4.2206e-01    6.6924e-02
  165.0    6.2173e-03    5.3857e-03    1.5440e-01    3.1940e-02
  168.0    4.9743e-03    5.3857e-03   -7.6394e-02    1.6563e-02
  171.0    4.6763e-03    5.3857e-03   -1.3173e-01   -2.2301e-02
  174.0    4.6985e-03    5.3857e-03   -1.2761e-01   -2.0118e-02
  177.0    4.9258e-03    5.3857e-03   -8.5397e-02   -4.6966e-02
  180.0    4.5123e-03    5.3857e-03   -1.6217e-01   -2.7549e-02
  183.0    4.9257e-03    5.3857e-03   -8.5424e-02   -5.2924e-02
  186.0    4.6993e-03    5.3857e-03   -1.2745e-01   -5.2781e-02
  189.0    4.6766e-03    5.3857e-03   -1.3167e-01   -5.8630e-02
  192.0    4.9745e-03    5.3857e-03   -7.6354e-02   -2.8886e-02
  195.0    6.2177e-03    5.3857e-03    1.5448e-01    2.8338e-02
  198.0    7.6596e-03    5.3857e-03    4.2221e-01    3.1307e-02
  201.0    7.3386e-03    5.3857e-03    3.6260e-01    2.4804e-02
  204.0    6.1379e-03    5.3857e-03    1.3967e-01   -5.7552e-03
  207.0    4.9173e-03    5.3857e-03   -8.6975e-02    3.2558e-03
  210.0    4.9636e-03    5.3857e-03   -7.8372e-02    1.0419e-02
  213.0    4.4011e-03    5.3857e-03   -1.8281e-01   -7.0099e-03
  216.0    5.1610e-03    5.3857e-03   -4.1731e-02    1.1499e-02
  219.0    5.8525e-03    5.3857e-03    8.6663e-02    5.0039e-02
  222.0    6.7454e-03    5.3857e-03    2.5247e-01    9.7487e-02
  225.0    6.0163e-03    5.3857e-03    1.1708e-01    6.3589e-02
  228.0    5.2489e-03    5.3857e-03   -2.5410e-02   -1.7767e-02
  231.0    4.8674e-03    5.3857e-03   -9.6235e-02   -1.3273e-01
  17    41  13.63   66.0    1.0    0.0   ----------------------------
  111.0    5.0193e-03    5.2621e-03   -4.6154e-02    4.5579e-03
  114.0    4.6492e-03    5.2621e-03   -1.1648e-01    1.2457e-02
  117.0    4.6043e-03    5.2621e-03   -1.2501e-01    2.0778e-02
  120.0    4.5799e-03    5.2621e-03   -1.2965e-01   -2.6989e-02
  123.0    4.5874e-03    5.2621e-03   -1.2822e-01   -1.6422e-02
  126.0    4.6662e-03    5.2621e-03   -1.1325e-01   -2.2255e-02
  129.0    5.0113e-03    5.2621e-03   -4.7665e-02   -3.4049e-04
  132.0    5.1035e-03    5.2621e-03   -3.0150e-02   -4.6006e-03
  135.0    5.8177e-03    5.2621e-03    1.0557e-01   -1.8625e-02
  138.0    6.1950e-03    5.2621e-03    1.7729e-01    1.6186e-02
  141.0    5.6583e-03    5.2621e-03    7.5281e-02    4.8483e-02
  144.0    6.1592e-03    5.2621e-03    1.7048e-01    4.6018e-02
  147.0    4.5707e-03    5.2621e-03   -1.3139e-01   -1.0630e-02
  150.0    3.3352e-03    5.2621e-03   -3.6618e-01   -6.2267e-02
  153.0    5.0391e-03    5.2621e-03   -4.2375e-02   -3.9014e-02
  156.0    7.4423e-03    5.2621e-03    4.1432e-01    1.7466e-02
  159.0    6.6370e-03    5.2621e-03    2.6128e-01    4.3599e-02
  162.0    5.6718e-03    5.2621e-03    7.7847e-02    2.9235e-02
  165.0    4.9482e-03    5.2621e-03   -5.9660e-02    1.7990e-02
  168.0    4.5664e-03    5.2621e-03   -1.3222e-01    6.5581e-03
  171.0    5.1454e-03    5.2621e-03   -2.2183e-02   -2.2748e-04
  174.0    5.1022e-03    5.2621e-03   -3.0393e-02   -3.0330e-02
  177.0    5.0479e-03    5.2621e-03   -4.0712e-02   -4.2641e-02
  180.0    4.7343e-03    5.2621e-03   -1.0031e-01   -3.7304e-02
  183.0    5.0480e-03    5.2621e-03   -4.0686e-02   -1.5905e-02
  186.0    5.1022e-03    5.2621e-03   -3.0402e-02    6.6580e-03
  189.0    5.1459e-03    5.2621e-03   -2.2089e-02    1.2928e-02
  192.0    4.5674e-03    5.2621e-03   -1.3202e-01    1.4656e-02
  195.0    4.9492e-03    5.2621e-03   -5.9463e-02    3.1378e-02
  198.0    5.6730e-03    5.2621e-03    7.8080e-02    2.2104e-02
  201.0    6.6378e-03    5.2621e-03    2.6144e-01    2.5796e-02
  204.0    7.4420e-03    5.2621e-03    4.1426e-01   -4.8175e-03
  207.0    5.0388e-03    5.2621e-03   -4.2445e-02   -4.9571e-03
  210.0    3.3354e-03    5.2621e-03   -3.6615e-01   -4.4038e-02
  213.0    4.5711e-03    5.2621e-03   -1.3132e-01   -3.1319e-02
  216.0    6.1603e-03    5.2621e-03    1.7069e-01   -3.8567e-03
  219.0    5.6605e-03    5.2621e-03    7.5700e-02    2.1676e-02
  222.0    6.1951e-03    5.2621e-03    1.7730e-01    2.8755e-02
  225.0    5.8182e-03    5.2621e-03    1.0568e-01    6.5927e-04
  228.0    5.1029e-03    5.2621e-03   -3.0264e-02   -3.9210e-03
  231.0    5.0076e-03    5.2621e-03   -4.8379e-02   -7.5541e-03
  18    41  13.63   69.0    1.0    0.0   ----------------------------
  111.0    5.5751e-03    5.1034e-03    9.2419e-02    5.6681e-02
  114.0    5.0008e-03    5.1034e-03   -2.0110e-02    1.2929e-02
  117.0    4.5489e-03    5.1034e-03   -1.0865e-01   -2.4320e-02
  120.0    4.3108e-03    5.1034e-03   -1.5532e-01   -4.7138e-02
  123.0    4.5474e-03    5.1034e-03   -1.0896e-01   -4.4052e-02
  126.0    5.0006e-03    5.1034e-03   -2.0140e-02   -2.1100e-02
  129.0    5.5713e-03    5.1034e-03    9.1677e-02   -8.5998e-04
  132.0    5.2118e-03    5.1034e-03    2.1233e-02    1.9854e-02
  135.0    5.7641e-03    5.1034e-03    1.2945e-01    1.2304e-02
  138.0    5.7577e-03    5.1034e-03    1.2821e-01    2.3902e-02
  141.0    4.9795e-03    5.1034e-03   -2.4289e-02    4.2784e-02
  144.0    5.5953e-03    5.1034e-03    9.6373e-02    2.1828e-02
  147.0    4.2840e-03    5.1034e-03   -1.6057e-01   -9.9606e-03
  150.0    3.3842e-03    5.1034e-03   -3.3688e-01   -5.5166e-02
  153.0    4.7207e-03    5.1034e-03   -7.4991e-02   -3.5335e-02
  156.0    6.5424e-03    5.1034e-03    2.8197e-01   -1.1701e-02
  159.0    5.0229e-03    5.1034e-03   -1.5773e-02    1.9627e-02
  162.0    4.8607e-03    5.1034e-03   -4.7570e-02    1.1072e-02
  165.0    5.6652e-03    5.1034e-03    1.1007e-01    5.2143e-03
  168.0    4.9043e-03    5.1034e-03   -3.9026e-02   -3.8574e-03
  171.0    5.3237e-03    5.1034e-03    4.3162e-02    3.5885e-02
  174.0    5.3424e-03    5.1034e-03    4.6833e-02    2.9935e-02
  177.0    4.9616e-03    5.1034e-03   -2.7786e-02    2.0826e-02
  180.0    4.4683e-03    5.1034e-03   -1.2445e-01   -1.7290e-02
  183.0    4.9614e-03    5.1034e-03   -2.7835e-02   -5.4064e-03
  186.0    5.3423e-03    5.1034e-03    4.6802e-02   -2.5175e-02
  189.0    5.3231e-03    5.1034e-03    4.3042e-02    2.6254e-04
  192.0    4.9051e-03    5.1034e-03   -3.8861e-02   -2.6269e-03
  195.0    5.6653e-03    5.1034e-03    1.1009e-01    2.5527e-02
  198.0    4.8611e-03    5.1034e-03   -4.7486e-02    2.0110e-03
  201.0    5.0229e-03    5.1034e-03   -1.5782e-02    1.3884e-02
  204.0    6.5415e-03    5.1034e-03    2.8178e-01    1.1968e-02
  207.0    4.7218e-03    5.1034e-03   -7.4779e-02   -2.0148e-02
  210.0    3.3844e-03    5.1034e-03   -3.3684e-01   -4.0176e-02
  213.0    4.2860e-03    5.1034e-03   -1.6016e-01   -4.6033e-02
  216.0    5.5968e-03    5.1034e-03    9.6680e-02   -4.8067e-03
  219.0    4.9803e-03    5.1034e-03   -2.4128e-02    2.1693e-02
  222.0    5.7584e-03    5.1034e-03    1.2834e-01   -5.3406e-04
  225.0    5.7639e-03    5.1034e-03    1.2942e-01    6.8596e-05
  228.0    5.2131e-03    5.1034e-03    2.1497e-02   -3.2512e-03
  231.0    5.5696e-03    5.1034e-03    9.1338e-02    3.0212e-02
  19    41  13.63   72.0    1.0    0.0   ----------------------------
  111.0    4.6891e-03    4.4371e-03    5.6802e-02   -4.5857e-02
  114.0    5.1511e-03    4.4371e-03    1.6092e-01   -2.0811e-02
  117.0    3.9792e-03    4.4371e-03   -1.0320e-01   -1.8817e-04
  120.0    4.4201e-03    4.4371e-03   -3.8358e-03    3.2241e-02
  123.0    3.9860e-03    4.4371e-03   -1.0166e-01    3.7311e-02
  126.0    5.1299e-03    4.4371e-03    1.5615e-01    3.7041e-02
  129.0    4.6981e-03    4.4371e-03    5.8828e-02   -1.9961e-03
  132.0    4.6979e-03    4.4371e-03    5.8784e-02    2.6812e-02
  135.0    6.1172e-03    4.4371e-03    3.7864e-01    2.6184e-02
  138.0    6.2238e-03    4.4371e-03    4.0267e-01    1.1326e-02
  141.0    4.2166e-03    4.4371e-03   -4.9693e-02   -7.2880e-03
  144.0    2.9796e-03    4.4371e-03   -3.2848e-01   -9.4223e-03
  147.0    2.3933e-03    4.4371e-03   -4.6061e-01   -2.4928e-02
  150.0    2.5543e-03    4.4371e-03   -4.2433e-01   -9.1082e-02
  153.0    3.7176e-03    4.4371e-03   -1.6215e-01   -7.3257e-02
  156.0    3.4591e-03    4.4371e-03   -2.2042e-01   -2.0920e-02
  159.0    4.0517e-03    4.4371e-03   -8.6862e-02    6.5417e-02
  162.0    5.6268e-03    4.4371e-03    2.6812e-01    3.5777e-02
  165.0    6.0526e-03    4.4371e-03    3.6409e-01    4.3288e-02
  168.0    4.5022e-03    4.4371e-03    1.4666e-02   -2.4941e-02
  171.0    4.4076e-03    4.4371e-03   -6.6446e-03   -2.4014e-02
  174.0    5.0267e-03    4.4371e-03    1.3287e-01   -3.0105e-02
  177.0    4.1442e-03    4.4371e-03   -6.6013e-02    2.7130e-04
  180.0    4.8348e-03    4.4371e-03    8.9629e-02    2.5675e-02
  183.0    4.1443e-03    4.4371e-03   -6.5989e-02   -8.9069e-03
  186.0    5.0267e-03    4.4371e-03    1.3287e-01   -4.9613e-03
  189.0    4.4075e-03    4.4371e-03   -6.6682e-03   -1.5606e-02
  192.0    4.5028e-03    4.4371e-03    1.4816e-02    1.7231e-02
  195.0    6.0533e-03    4.4371e-03    3.6424e-01    5.1319e-02
  198.0    5.6272e-03    4.4371e-03    2.6822e-01    7.1924e-02
  201.0    4.0514e-03    4.4371e-03   -8.6930e-02    4.2410e-02
  204.0    3.4594e-03    4.4371e-03   -2.2035e-01    1.8820e-02
  207.0    3.7171e-03    4.4371e-03   -1.6228e-01   -7.5409e-02
  210.0    2.5535e-03    4.4371e-03   -4.2451e-01   -4.3317e-02
  213.0    2.3945e-03    4.4371e-03   -4.6036e-01   -6.4748e-02
  216.0    2.9809e-03    4.4371e-03   -3.2819e-01   -1.3447e-02
  219.0    4.2150e-03    4.4371e-03   -5.0047e-02    2.1007e-02
  222.0    6.2211e-03    4.4371e-03    4.0206e-01    4.6377e-02
  225.0    6.1153e-03    4.4371e-03    3.7822e-01    2.2611e-02
  228.0    4.6968e-03    4.4371e-03    5.8518e-02   -2.8860e-02
  231.0    4.6950e-03    4.4371e-03    5.8132e-02   -7.4749e-04

fitted parameters ( nfit =  0  nfollow =  0  )

   r-factora =    0.6707   r-factorb =    0.8640

    0     0.10    174.0    4.086           general vinner tdebye lattice
    1  0.00000  0.00000  0.61400  0.61400  layer spacing length units
    2  0.53100  0.35414  0.61356  0.61356  layer spacing length units
    3  0.53100  0.00000  0.61356  0.61356  layer spacing length units
    4  0.43100  0.00000  0.70705  0.70705  layer spacing length units
    5  0.65000  0.40822  0.70705  0.70705  layer spacing length units
    6  0.75000  0.40822  0.70705  0.70705  layer spacing length units
    7  0.57562  0.00000  0.70705  0.70705  layer spacing length units
    8  0.57562  0.40822  0.70705  0.70705  layer spacing length units
    9  0.57562  0.40822  0.70705  0.70705  layer spacing length units
                                           unit: lattice constant

   r-factora=sum((chic-chie)*(chic-chie))/(sum(chic*chic+chie*chie)
   r-factorb=sum(chic*chic-chie*chie)/sum(chic*chic+chie*chie)

This calculation took   47 processor seconds on    1 Linux Cluster
     starting on Fri Oct  9 02:36:47 2026
   and ending on Fri Oct  9 02:36:54 2026

