   223    26     0     datakind beginning-row multi-curves
-----------------------------------------------------------------
Calculation of photoelectron diffraction and dichroism
MSCD Parallel  Version 1.37 Yufeng Chen and Michel A Van Hove
Lawrence Berkeley National Laboratory (LBNL), Berkeley, CA 94720
Copyright (c) Van Hove Group 1997-1998. All rights reserved
-----------------------------------------------------------------
 angle-resolved photoemission extended fine structure (ARPEFS)
 multiple scattering calculation of Ag(111)-3d
 calculated by Guilherme (IFGW) on Oct  9, 2026

   initial angular momentum (li) = 1   msorder=  8   raorder= 4
   photon polarization angle (polar,azimuth) =(  30.0   0.0 ) (deg)

   radius, depth and lattice constant=  16.0,  24.0 and   4.09 angstrom
   cluster size= 932 atoms and spacings=  0.00  2.17  2.17  1.76 angs
   inner potential=  0.1 V  debye and sample temperature= 174, 300 K
   number of valence electrons=   9     bandgap energy=   0.00 eV
   density of bulk=   8.90 g/cm3     molecular weight=  58.93 amu
   effective weight for kind 1-2 =  107.9   58.9 amu
   half aperture angle=    1.5 deg            pathcut=     0.0050

   photoemission azimuthal scan curves
     parameters: curve point theta phi weightc weighte
     columns: phi intensity background chical chiexp
    19   779    1   19   41  779  ncurve npoint nk ntheta nphi nangle
   1    41  13.63   18.0    1.0    0.0   ----------------------------
  111.0    6.3474e-03    5.8404e-03    8.6817e-02   -1.3333e-02
  114.0    6.4029e-03    5.8404e-03    9.6323e-02   -2.6705e-02
  117.0    6.4576e-03    5.8404e-03    1.0568e-01   -1.1138e-02
  120.0    6.4671e-03    5.8404e-03    1.0732e-01    1.0988e-02
  123.0    6.4563e-03    5.8404e-03    1.0545e-01    1.5717e-02
  126.0    6.4001e-03    5.8404e-03    9.5846e-02    2.5430e-02
  129.0    6.3440e-03    5.8404e-03    8.6232e-02    5.2995e-02
  132.0    6.2635e-03    5.8404e-03    7.2447e-02    5.4504e-02
  135.0    6.1126e-03    5.8404e-03    4.6608e-02    1.1787e-02
  138.0    5.9767e-03    5.8404e-03    2.3335e-02   -2.4085e-02
  141.0    5.8222e-03    5.8404e-03   -3.1044e-03   -4.8855e-02
  144.0    5.5812e-03    5.8404e-03   -4.4385e-02   -1.4787e-02
  147.0    5.3847e-03    5.8404e-03   -7.8028e-02   -2.0491e-02
  150.0    5.3281e-03    5.8404e-03   -8.7707e-02    1.1745e-02
  153.0    5.2187e-03    5.8404e-03   -1.0644e-01   -1.5968e-02
  156.0    5.2198e-03    5.8404e-03   -1.0626e-01   -1.2477e-02
  159.0    5.3676e-03    5.8404e-03   -8.0948e-02   -4.5813e-02
  162.0    5.4394e-03    5.8404e-03   -6.8663e-02   -6.3418e-02
  165.0    5.5833e-03    5.8404e-03   -4.4014e-02   -3.7200e-02
  168.0    5.8060e-03    5.8404e-03   -5.8856e-03   -8.1792e-03
  171.0    5.9158e-03    5.8404e-03    1.2921e-02    2.6642e-02
  174.0    5.9967e-03    5.8404e-03    2.6759e-02    2.0564e-02
  177.0    6.0721e-03    5.8404e-03    3.9679e-02    3.0183e-02
  180.0    6.0611e-03    5.8404e-03    3.7797e-02    7.7510e-02
  183.0    6.0721e-03    5.8404e-03    3.9675e-02    4.6800e-02
  186.0    5.9966e-03    5.8404e-03    2.6743e-02    4.7168e-02
  189.0    5.9157e-03    5.8404e-03    1.2894e-02    1.9678e-02
  192.0    5.8060e-03    5.8404e-03   -5.8846e-03    1.9096e-02
  195.0    5.5833e-03    5.8404e-03   -4.4021e-02   -6.0049e-03
  198.0    5.4394e-03    5.8404e-03   -6.8649e-02   -3.3532e-02
  201.0    5.3678e-03    5.8404e-03   -8.0914e-02   -2.7964e-03
  204.0    5.2200e-03    5.8404e-03   -1.0622e-01   -3.5458e-02
  207.0    5.2189e-03    5.8404e-03   -1.0641e-01   -3.7249e-02
  210.0    5.3283e-03    5.8404e-03   -8.7680e-02   -6.7729e-02
  213.0    5.3846e-03    5.8404e-03   -7.8031e-02   -1.5264e-02
  216.0    5.5810e-03    5.8404e-03   -4.4417e-02   -1.5289e-02
  219.0    5.8218e-03    5.8404e-03   -3.1717e-03    3.4591e-02
  222.0    5.9762e-03    5.8404e-03    2.3255e-02    2.5457e-02
  225.0    6.1121e-03    5.8404e-03    4.6528e-02    3.3885e-02
  228.0    6.2630e-03    5.8404e-03    7.2366e-02    4.5536e-03
  231.0    6.3436e-03    5.8404e-03    8.6158e-02   -1.3528e-02
   2    41  13.63   21.0    1.0    0.0   ----------------------------
  111.0    6.3088e-03    5.9429e-03    6.1554e-02   -7.3413e-02
  114.0    6.2435e-03    5.9429e-03    5.0580e-02    1.8364e-02
  117.0    6.1920e-03    5.9429e-03    4.1902e-02    5.1760e-02
  120.0    6.1596e-03    5.9429e-03    3.6456e-02    6.3395e-02
  123.0    6.1912e-03    5.9429e-03    4.1770e-02    2.5307e-02
  126.0    6.2416e-03    5.9429e-03    5.0248e-02    2.2145e-02
  129.0    6.3054e-03    5.9429e-03    6.0986e-02    1.1997e-02
  132.0    6.3190e-03    5.9429e-03    6.3282e-02    1.2015e-02
  135.0    6.2734e-03    5.9429e-03    5.5605e-02   -7.5110e-03
  138.0    6.1278e-03    5.9429e-03    3.1112e-02   -5.9268e-02
  141.0    5.9010e-03    5.9429e-03   -7.0583e-03   -7.6990e-02
  144.0    5.6737e-03    5.9429e-03   -4.5308e-02   -6.9689e-02
  147.0    5.5083e-03    5.9429e-03   -7.3132e-02   -3.2383e-02
  150.0    5.4251e-03    5.9429e-03   -8.7140e-02   -3.9124e-02
  153.0    5.4194e-03    5.9429e-03   -8.8092e-02   -3.1160e-02
  156.0    5.4739e-03    5.9429e-03   -7.8929e-02   -1.3027e-02
  159.0    5.5896e-03    5.9429e-03   -5.9452e-02    1.0815e-02
  162.0    5.7649e-03    5.9429e-03   -2.9956e-02    2.2556e-02
  165.0    5.9025e-03    5.9429e-03   -6.8136e-03    4.8580e-02
  168.0    5.9511e-03    5.9429e-03    1.3700e-03    7.8555e-02
  171.0    6.0723e-03    5.9429e-03    2.1774e-02    6.9755e-02
  174.0    6.1417e-03    5.9429e-03    3.3451e-02    1.4306e-02
  177.0    6.2045e-03    5.9429e-03    4.4011e-02   -2.7015e-02
  180.0    6.2168e-03    5.9429e-03    4.6083e-02    2.9564e-04
  183.0    6.2044e-03    5.9429e-03    4.4002e-02   -1.2900e-02
  186.0    6.1416e-03    5.9429e-03    3.3425e-02    3.8259e-02
  189.0    6.0722e-03    5.9429e-03    2.1741e-02    3.4685e-02
  192.0    5.9511e-03    5.9429e-03    1.3731e-03    5.2255e-02
  195.0    5.9027e-03    5.9429e-03   -6.7649e-03    1.3629e-02
  198.0    5.7654e-03    5.9429e-03   -2.9883e-02    6.6550e-04
  201.0    5.5898e-03    5.9429e-03   -5.9421e-02    1.3659e-02
  204.0    5.4734e-03    5.9429e-03   -7.9002e-02   -9.9448e-03
  207.0    5.4189e-03    5.9429e-03   -8.8176e-02   -6.9394e-02
  210.0    5.4245e-03    5.9429e-03   -8.7238e-02   -9.4282e-02
  213.0    5.5079e-03    5.9429e-03   -7.3206e-02   -6.0676e-02
  216.0    5.6735e-03    5.9429e-03   -4.5339e-02   -3.0548e-02
  219.0    5.9010e-03    5.9429e-03   -7.0516e-03    1.4995e-02
  222.0    6.1281e-03    5.9429e-03    3.1153e-02   -1.6832e-03
  225.0    6.2738e-03    5.9429e-03    5.5669e-02    2.1609e-02
  228.0    6.3195e-03    5.9429e-03    6.3355e-02    1.8540e-02
  231.0    6.3058e-03    5.9429e-03    6.1057e-02    5.1096e-02
   3    41  13.63   24.0    1.0    0.0   ----------------------------
  111.0    7.1230e-03    6.3809e-03    1.1631e-01   -1.2490e-02
  114.0    6.9351e-03    6.3809e-03    8.6854e-02   -3.7491e-03
  117.0    6.7330e-03    6.3809e-03    5.5180e-02    8.2344e-03
  120.0    6.6623e-03    6.3809e-03    4.4102e-02    2.8238e-02
  123.0    6.7338e-03    6.3809e-03    5.5311e-02    1.0912e-02
  126.0    6.9334e-03    6.3809e-03    8.6588e-02    1.0955e-03
  129.0    7.1195e-03    6.3809e-03    1.1575e-01    6.1878e-03
  132.0    7.1549e-03    6.3809e-03    1.2130e-01    3.4016e-02
  135.0    7.1015e-03    6.3809e-03    1.1293e-01    4.1323e-02
  138.0    6.8616e-03    6.3809e-03    7.5329e-02   -1.7176e-03
  141.0    6.4770e-03    6.3809e-03    1.5060e-02   -5.2437e-02
  144.0    6.0858e-03    6.3809e-03   -4.6243e-02   -7.5042e-02
  147.0    5.7733e-03    6.3809e-03   -9.5221e-02   -5.9561e-02
  150.0    5.5840e-03    6.3809e-03   -1.2489e-01   -3.3071e-02
  153.0    5.5965e-03    6.3809e-03   -1.2292e-01   -3.7705e-02
  156.0    5.6403e-03    6.3809e-03   -1.1606e-01   -1.3808e-02
  159.0    5.8156e-03    6.3809e-03   -8.8584e-02   -3.6766e-03
  162.0    6.0323e-03    6.3809e-03   -5.4628e-02    2.5569e-02
  165.0    6.2749e-03    6.3809e-03   -1.6609e-02    1.2107e-02
  168.0    6.3714e-03    6.3809e-03   -1.4853e-03    1.1047e-02
  171.0    6.4464e-03    6.3809e-03    1.0260e-02    2.0907e-02
  174.0    6.4121e-03    6.3809e-03    4.8933e-03    4.0032e-02
  177.0    6.3454e-03    6.3809e-03   -5.5652e-03    5.1903e-02
  180.0    6.3092e-03    6.3809e-03   -1.1235e-02    6.6655e-02
  183.0    6.3452e-03    6.3809e-03   -5.6008e-03    4.9621e-02
  186.0    6.4119e-03    6.3809e-03    4.8587e-03    4.4424e-02
  189.0    6.4464e-03    6.3809e-03    1.0269e-02    3.1874e-03
  192.0    6.3718e-03    6.3809e-03   -1.4191e-03    5.5329e-03
  195.0    6.2752e-03    6.3809e-03   -1.6557e-02   -1.3050e-02
  198.0    6.0321e-03    6.3809e-03   -5.4658e-02   -3.5530e-03
  201.0    5.8152e-03    6.3809e-03   -8.8657e-02   -3.3395e-02
  204.0    5.6398e-03    6.3809e-03   -1.1615e-01   -5.9305e-02
  207.0    5.5961e-03    6.3809e-03   -1.2300e-01   -8.9953e-02
  210.0    5.5844e-03    6.3809e-03   -1.2483e-01   -5.4632e-02
  213.0    5.7737e-03    6.3809e-03   -9.5165e-02   -4.5909e-02
  216.0    6.0866e-03    6.3809e-03   -4.6113e-02   -1.0786e-02
  219.0    6.4777e-03    6.3809e-03    1.5168e-02   -5.8877e-03
  222.0    6.8618e-03    6.3809e-03    7.5361e-02    7.6230e-02
  225.0    7.1015e-03    6.3809e-03    1.1294e-01    8.7268e-02
  228.0    7.1550e-03    6.3809e-03    1.2131e-01    4.8655e-02
  231.0    7.1198e-03    6.3809e-03    1.1581e-01   -6.3132e-02
   4    41  13.63   27.0    1.0    0.0   ----------------------------
  111.0    7.8276e-03    7.0885e-03    1.0427e-01    2.4692e-02
  114.0    7.6267e-03    7.0885e-03    7.5929e-02   -1.9055e-03
  117.0    7.4631e-03    7.0885e-03    5.2854e-02    2.6585e-03
  120.0    7.4189e-03    7.0885e-03    4.6612e-02   -2.3271e-03
  123.0    7.4629e-03    7.0885e-03    5.2819e-02    1.8172e-02
  126.0    7.6268e-03    7.0885e-03    7.5951e-02   -1.2133e-02
  129.0    7.8257e-03    7.0885e-03    1.0401e-01   -1.4493e-03
  132.0    7.9251e-03    7.0885e-03    1.1802e-01   -4.7537e-03
  135.0    8.0247e-03    7.0885e-03    1.3207e-01    1.7658e-02
  138.0    7.8554e-03    7.0885e-03    1.0819e-01    1.9383e-03
  141.0    7.4618e-03    7.0885e-03    5.2666e-02   -2.0774e-02
  144.0    6.8536e-03    7.0885e-03   -3.3126e-02   -1.8127e-02
  147.0    6.2078e-03    7.0885e-03   -1.2424e-01   -3.3409e-02
  150.0    5.7747e-03    7.0885e-03   -1.8534e-01   -3.8623e-02
  153.0    5.7221e-03    7.0885e-03   -1.9276e-01   -8.6046e-02
  156.0    5.8921e-03    7.0885e-03   -1.6877e-01   -6.4417e-02
  159.0    6.2372e-03    7.0885e-03   -1.2008e-01   -2.8085e-03
  162.0    6.6076e-03    7.0885e-03   -6.7840e-02    5.7834e-02
  165.0    6.9073e-03    7.0885e-03   -2.5561e-02    7.5508e-02
  168.0    7.1205e-03    7.0885e-03    4.5222e-03    7.6232e-02
  171.0    7.3203e-03    7.0885e-03    3.2706e-02    4.3822e-02
  174.0    7.4549e-03    7.0885e-03    5.1700e-02    3.0243e-02
  177.0    7.5967e-03    7.0885e-03    7.1701e-02   -2.2376e-02
  180.0    7.6231e-03    7.0885e-03    7.5420e-02   -2.2643e-02
  183.0    7.5964e-03    7.0885e-03    7.1656e-02    5.3222e-03
  186.0    7.4548e-03    7.0885e-03    5.1682e-02    6.6250e-03
  189.0    7.3223e-03    7.0885e-03    3.2991e-02    4.4753e-02
  192.0    7.1208e-03    7.0885e-03    4.5578e-03    2.9540e-02
  195.0    6.9073e-03    7.0885e-03   -2.5563e-02    3.9787e-02
  198.0    6.6072e-03    7.0885e-03   -6.7893e-02    2.5561e-02
  201.0    6.2368e-03    7.0885e-03   -1.2015e-01   -1.4008e-02
  204.0    5.8919e-03    7.0885e-03   -1.6881e-01   -4.4771e-03
  207.0    5.7222e-03    7.0885e-03   -1.9274e-01   -5.3857e-02
  210.0    5.7752e-03    7.0885e-03   -1.8527e-01   -7.3017e-02
  213.0    6.2083e-03    7.0885e-03   -1.2417e-01   -8.9817e-02
  216.0    6.8540e-03    7.0885e-03   -3.3075e-02   -5.8950e-02
  219.0    7.4620e-03    7.0885e-03    5.2697e-02    4.3706e-03
  222.0    7.8554e-03    7.0885e-03    1.0819e-01    1.5420e-02
  225.0    8.0246e-03    7.0885e-03    1.3207e-01    2.7836e-02
  228.0    7.9252e-03    7.0885e-03    1.1804e-01    2.4525e-02
  231.0    7.8260e-03    7.0885e-03    1.0406e-01    5.3769e-02
   5    41  13.63   30.0    1.0    0.0   ----------------------------
  111.0    8.1767e-03    7.7184e-03    5.9377e-02   -2.5039e-02
  114.0    7.6937e-03    7.7184e-03   -3.2032e-03   -3.7031e-03
  117.0    7.4282e-03    7.7184e-03   -3.7601e-02    7.7065e-03
  120.0    7.3521e-03    7.7184e-03   -4.7454e-02    4.2303e-03
  123.0    7.4277e-03    7.7184e-03   -3.7657e-02    1.2450e-02
  126.0    7.7303e-03    7.7184e-03    1.5466e-03    1.0414e-02
  129.0    8.1746e-03    7.7184e-03    5.9107e-02    1.7261e-02
  132.0    8.5098e-03    7.7184e-03    1.0253e-01    2.8846e-02
  135.0    8.7510e-03    7.7184e-03    1.3379e-01    4.3241e-02
  138.0    8.6976e-03    7.7184e-03    1.2687e-01    4.2917e-02
  141.0    8.2377e-03    7.7184e-03    6.7285e-02    7.0368e-03
  144.0    7.4296e-03    7.7184e-03   -3.7414e-02   -3.7225e-02
  147.0    6.5589e-03    7.7184e-03   -1.5023e-01   -8.0628e-02
  150.0    6.1349e-03    7.7184e-03   -2.0516e-01   -7.3895e-02
  153.0    5.9635e-03    7.7184e-03   -2.2737e-01   -6.6122e-02
  156.0    6.4789e-03    7.7184e-03   -1.6058e-01   -3.3449e-02
  159.0    7.1062e-03    7.7184e-03   -7.9309e-02   -9.4586e-03
  162.0    7.7035e-03    7.7184e-03   -1.9224e-03    2.7946e-02
  165.0    7.9704e-03    7.7184e-03    3.2651e-02    2.0426e-02
  168.0    8.1051e-03    7.7184e-03    5.0098e-02    1.6024e-02
  171.0    8.1818e-03    7.7184e-03    6.0041e-02    1.2007e-02
  174.0    8.4000e-03    7.7184e-03    8.8309e-02    2.7507e-02
  177.0    8.5673e-03    7.7184e-03    1.0999e-01    2.6511e-02
  180.0    8.7012e-03    7.7184e-03    1.2734e-01    1.3554e-02
  183.0    8.5671e-03    7.7184e-03    1.0997e-01    1.0916e-02
  186.0    8.3999e-03    7.7184e-03    8.8292e-02    1.5062e-02
  189.0    8.1820e-03    7.7184e-03    6.0070e-02    2.5573e-02
  192.0    8.1055e-03    7.7184e-03    5.0151e-02    3.8724e-02
  195.0    7.9704e-03    7.7184e-03    3.2657e-02    4.7334e-02
  198.0    7.7030e-03    7.7184e-03   -1.9975e-03    3.4943e-02
  201.0    7.1055e-03    7.7184e-03   -7.9409e-02    1.6305e-02
  204.0    6.4790e-03    7.7184e-03   -1.6058e-01   -2.7231e-02
  207.0    5.9643e-03    7.7184e-03   -2.2726e-01   -6.2070e-02
  210.0    6.1357e-03    7.7184e-03   -2.0505e-01   -8.4085e-02
  213.0    6.5593e-03    7.7184e-03   -1.5018e-01   -6.7745e-02
  216.0    7.4294e-03    7.7184e-03   -3.7434e-02   -3.5937e-02
  219.0    8.2373e-03    7.7184e-03    6.7227e-02    3.7936e-03
  222.0    8.6973e-03    7.7184e-03    1.2682e-01    1.3640e-02
  225.0    8.7512e-03    7.7184e-03    1.3381e-01    3.8415e-02
  228.0    8.5105e-03    7.7184e-03    1.0263e-01    2.7588e-02
  231.0    8.1756e-03    7.7184e-03    5.9236e-02    1.6307e-02
   6    41  13.63   33.0    1.0    0.0   ----------------------------
  111.0    8.0076e-03    7.5147e-03    6.5591e-02    9.4909e-03
  114.0    7.6004e-03    7.5147e-03    1.1399e-02   -2.1051e-02
  117.0    7.1925e-03    7.5147e-03   -4.2876e-02   -7.7975e-03
  120.0    6.9466e-03    7.5147e-03   -7.5596e-02    1.4761e-02
  123.0    7.1924e-03    7.5147e-03   -4.2885e-02    4.2367e-02
  126.0    7.6387e-03    7.5147e-03    1.6500e-02    3.3946e-02
  129.0    8.0107e-03    7.5147e-03    6.5999e-02    3.4094e-02
  132.0    8.3612e-03    7.5147e-03    1.1265e-01   -1.3862e-03
  135.0    8.3168e-03    7.5147e-03    1.0674e-01   -1.1130e-02
  138.0    8.1112e-03    7.5147e-03    7.9369e-02   -3.2220e-02
  141.0    7.5062e-03    7.5147e-03   -1.1287e-03   -1.5164e-02
  144.0    6.7809e-03    7.5147e-03   -9.7650e-02   -5.1957e-02
  147.0    6.2725e-03    7.5147e-03   -1.6531e-01   -5.9681e-02
  150.0    5.8621e-03    7.5147e-03   -2.1991e-01   -6.8588e-02
  153.0    5.8078e-03    7.5147e-03   -2.2714e-01   -3.8589e-02
  156.0    6.1629e-03    7.5147e-03   -1.7989e-01   -6.3267e-03
  159.0    6.9364e-03    7.5147e-03   -7.6954e-02    4.8693e-03
  162.0    7.6162e-03    7.5147e-03    1.3507e-02    9.8899e-03
  165.0    7.9442e-03    7.5147e-03    5.7153e-02    2.0725e-02
  168.0    8.1822e-03    7.5147e-03    8.8826e-02    1.4746e-02
  171.0    8.2586e-03    7.5147e-03    9.8992e-02    3.7918e-02
  174.0    8.4816e-03    7.5147e-03    1.2866e-01    2.8539e-02
  177.0    8.7333e-03    7.5147e-03    1.6216e-01    4.7724e-02
  180.0    8.8339e-03    7.5147e-03    1.7555e-01    4.3469e-02
  183.0    8.7332e-03    7.5147e-03    1.6215e-01    5.1377e-02
  186.0    8.4814e-03    7.5147e-03    1.2864e-01    4.3641e-02
  189.0    8.2588e-03    7.5147e-03    9.9018e-02    2.8613e-02
  192.0    8.1827e-03    7.5147e-03    8.8892e-02    2.4612e-02
  195.0    7.9441e-03    7.5147e-03    5.7137e-02    1.4749e-02
  198.0    7.6152e-03    7.5147e-03    1.3366e-02   -3.5443e-03
  201.0    6.9360e-03    7.5147e-03   -7.7008e-02   -2.6282e-02
  204.0    6.1640e-03    7.5147e-03   -1.7975e-01   -4.6665e-02
  207.0    5.8089e-03    7.5147e-03   -2.2699e-01   -5.0691e-02
  210.0    5.8623e-03    7.5147e-03   -2.1989e-01   -6.4202e-02
  213.0    6.2719e-03    7.5147e-03   -1.6539e-01   -6.1280e-02
  216.0    6.7801e-03    7.5147e-03   -9.7756e-02   -4.6884e-02
  219.0    7.5059e-03    7.5147e-03   -1.1664e-03   -2.3413e-02
  222.0    8.1118e-03    7.5147e-03    7.9456e-02    3.3600e-03
  225.0    8.3179e-03    7.5147e-03    1.0688e-01    3.1216e-02
  228.0    8.3618e-03    7.5147e-03    1.1272e-01    4.9272e-02
  231.0    8.0103e-03    7.5147e-03    6.5946e-02    4.7860e-02
   7    41  13.63   36.0    1.0    0.0   ----------------------------
  111.0    7.6336e-03    6.8191e-03    1.1945e-01    2.5849e-02
  114.0    7.2863e-03    6.8191e-03    6.8521e-02    4.0106e-03
  117.0    6.7560e-03    6.8191e-03   -9.2525e-03   -1.0516e-02
  120.0    6.4937e-03    6.8191e-03   -4.7718e-02   -8.2474e-03
  123.0    6.7589e-03    6.8191e-03   -8.8285e-03   -7.2891e-03
  126.0    7.2901e-03    6.8191e-03    6.9073e-02    1.5227e-02
  129.0    7.6369e-03    6.8191e-03    1.1993e-01    3.3361e-02
  132.0    7.4639e-03    6.8191e-03    9.4565e-02    2.9180e-02
  135.0    7.2326e-03    6.8191e-03    6.0636e-02   -5.0403e-04
  138.0    6.8125e-03    6.8191e-03   -9.6017e-04   -2.2137e-02
  141.0    6.4481e-03    6.8191e-03   -5.4411e-02   -2.8610e-02
  144.0    6.0845e-03    6.8191e-03   -1.0773e-01   -2.9272e-02
  147.0    5.7505e-03    6.8191e-03   -1.5671e-01   -2.4359e-02
  150.0    5.6915e-03    6.8191e-03   -1.6536e-01   -4.1173e-02
  153.0    5.4389e-03    6.8191e-03   -2.0239e-01   -6.5249e-02
  156.0    5.5900e-03    6.8191e-03   -1.8025e-01   -7.1382e-02
  159.0    6.0275e-03    6.8191e-03   -1.1608e-01   -5.7281e-02
  162.0    6.5632e-03    6.8191e-03   -3.7529e-02   -1.4044e-02
  165.0    7.1809e-03    6.8191e-03    5.3063e-02    2.0593e-02
  168.0    7.4430e-03    6.8191e-03    9.1494e-02    6.5874e-02
  171.0    7.7651e-03    6.8191e-03    1.3873e-01    8.3510e-02
  174.0    7.8235e-03    6.8191e-03    1.4729e-01    9.7499e-02
  177.0    7.8485e-03    6.8191e-03    1.5096e-01    6.7722e-02
  180.0    7.7650e-03    6.8191e-03    1.3872e-01    6.3434e-02
  183.0    7.8486e-03    6.8191e-03    1.5098e-01    4.0195e-02
  186.0    7.8233e-03    6.8191e-03    1.4726e-01    2.5301e-02
  189.0    7.7653e-03    6.8191e-03    1.3876e-01    9.2320e-03
  192.0    7.4434e-03    6.8191e-03    9.1554e-02    1.4814e-03
  195.0    7.1807e-03    6.8191e-03    5.3032e-02   -2.0484e-02
  198.0    6.5625e-03    6.8191e-03   -3.7627e-02   -3.5781e-02
  201.0    6.0275e-03    6.8191e-03   -1.1608e-01   -4.3690e-02
  204.0    5.5908e-03    6.8191e-03   -1.8013e-01   -3.6224e-02
  207.0    5.4393e-03    6.8191e-03   -2.0234e-01   -3.3061e-02
  210.0    5.6913e-03    6.8191e-03   -1.6539e-01   -5.2335e-02
  213.0    5.7502e-03    6.8191e-03   -1.5675e-01   -3.4788e-02
  216.0    6.0845e-03    6.8191e-03   -1.0773e-01   -3.1433e-02
  219.0    6.4488e-03    6.8191e-03   -5.4304e-02   -2.6089e-02
  222.0    6.8130e-03    6.8191e-03   -8.8823e-04   -1.1739e-02
  225.0    7.2321e-03    6.8191e-03    6.0568e-02    1.5708e-02
  228.0    7.4622e-03    6.8191e-03    9.4307e-02    5.0599e-02
  231.0    7.6345e-03    6.8191e-03    1.1958e-01    5.7604e-02
   8    41  13.63   39.0    1.0    0.0   ----------------------------
  111.0    6.9311e-03    6.4564e-03    7.3525e-02    1.7847e-02
  114.0    7.4494e-03    6.4564e-03    1.5379e-01   -9.3399e-03
  117.0    7.7589e-03    6.4564e-03    2.0173e-01   -1.6765e-02
  120.0    7.9517e-03    6.4564e-03    2.3159e-01    1.8341e-02
  123.0    7.7620e-03    6.4564e-03    2.0221e-01    3.0571e-02
  126.0    7.4533e-03    6.4564e-03    1.5440e-01    2.4047e-02
  129.0    6.9349e-03    6.4564e-03    7.4103e-02    2.1677e-02
  132.0    6.2690e-03    6.4564e-03   -2.9036e-02    2.9775e-03
  135.0    5.7364e-03    6.4564e-03   -1.1152e-01   -1.3795e-02
  138.0    5.7021e-03    6.4564e-03   -1.1684e-01   -3.6654e-02
  141.0    5.7989e-03    6.4564e-03   -1.0184e-01   -4.3589e-02
  144.0    6.0204e-03    6.4564e-03   -6.7536e-02   -9.9646e-03
  147.0    6.1149e-03    6.4564e-03   -5.2903e-02   -1.3753e-02
  150.0    5.8108e-03    6.4564e-03   -9.9996e-02   -1.0269e-02
  153.0    5.4993e-03    6.4564e-03   -1.4825e-01   -5.6565e-02
  156.0    5.2543e-03    6.4564e-03   -1.8619e-01   -5.7653e-02
  159.0    5.2102e-03    6.4564e-03   -1.9302e-01   -7.1992e-02
  162.0    5.5908e-03    6.4564e-03   -1.3407e-01   -3.5269e-02
  165.0    6.0903e-03    6.4564e-03   -5.6713e-02   -1.0877e-02
  168.0    6.6328e-03    6.4564e-03    2.7316e-02    1.1352e-02
  171.0    7.1446e-03    6.4564e-03    1.0659e-01    5.1463e-02
  174.0    7.7040e-03    6.4564e-03    1.9322e-01    9.3086e-02
  177.0    8.0862e-03    6.4564e-03    2.5243e-01    1.2506e-01
  180.0    8.2141e-03    6.4564e-03    2.7224e-01    1.0631e-01
  183.0    8.0862e-03    6.4564e-03    2.5243e-01    7.5735e-02
  186.0    7.7038e-03    6.4564e-03    1.9319e-01    3.6145e-02
  189.0    7.1446e-03    6.4564e-03    1.0659e-01    2.6449e-02
  192.0    6.6328e-03    6.4564e-03    2.7323e-02    1.5969e-02
  195.0    6.0903e-03    6.4564e-03   -5.6709e-02   -1.1287e-02
  198.0    5.5907e-03    6.4564e-03   -1.3408e-01   -4.4351e-02
  201.0    5.2102e-03    6.4564e-03   -1.9303e-01   -6.9664e-02
  204.0    5.2546e-03    6.4564e-03   -1.8614e-01   -6.2000e-02
  207.0    5.4996e-03    6.4564e-03   -1.4819e-01   -5.6913e-02
  210.0    5.8109e-03    6.4564e-03   -9.9983e-02   -5.4021e-02
  213.0    6.1143e-03    6.4564e-03   -5.2993e-02   -4.3780e-02
  216.0    6.0201e-03    6.4564e-03   -6.7581e-02   -3.1164e-02
  219.0    5.7989e-03    6.4564e-03   -1.0184e-01   -2.1344e-02
  222.0    5.7016e-03    6.4564e-03   -1.1691e-01   -3.0451e-03
  225.0    5.7355e-03    6.4564e-03   -1.1167e-01    1.3533e-02
  228.0    6.2673e-03    6.4564e-03   -2.9300e-02    4.0257e-02
  231.0    6.9320e-03    6.4564e-03    7.3657e-02    7.3877e-02
   9    41  13.63   42.0    1.0    0.0   ----------------------------
  111.0    5.9309e-03    6.0536e-03   -2.0264e-02   -5.5523e-02
  114.0    7.2262e-03    6.0536e-03    1.9370e-01   -6.9952e-03
  117.0    8.0742e-03    6.0536e-03    3.3378e-01    3.4766e-02
  120.0    8.3767e-03    6.0536e-03    3.8375e-01    6.2760e-02
  123.0    8.0750e-03    6.0536e-03    3.3391e-01    6.0475e-02
  126.0    7.2256e-03    6.0536e-03    1.9359e-01    2.5757e-02
  129.0    5.9292e-03    6.0536e-03   -2.0558e-02   -4.2905e-03
  132.0    4.9606e-03    6.0536e-03   -1.8055e-01   -4.4725e-02
  135.0    4.5462e-03    6.0536e-03   -2.4900e-01   -3.9915e-02
  138.0    4.7921e-03    6.0536e-03   -2.0839e-01   -5.1954e-02
  141.0    5.4213e-03    6.0536e-03   -1.0446e-01   -2.5289e-02
  144.0    6.1531e-03    6.0536e-03    1.6436e-02   -3.1381e-03
  147.0    6.5623e-03    6.0536e-03    8.4039e-02    2.3573e-02
  150.0    6.5718e-03    6.0536e-03    8.5598e-02    3.1621e-02
  153.0    6.0749e-03    6.0536e-03    3.5175e-03    8.0494e-03
  156.0    5.3344e-03    6.0536e-03   -1.1880e-01   -1.2051e-02
  159.0    4.8036e-03    6.0536e-03   -2.0650e-01   -4.4419e-02
  162.0    4.5530e-03    6.0536e-03   -2.4789e-01   -6.8277e-02
  165.0    4.7424e-03    6.0536e-03   -2.1659e-01   -7.4540e-02
  168.0    5.2504e-03    6.0536e-03   -1.3268e-01   -5.4030e-02
  171.0    6.1372e-03    6.0536e-03    1.3808e-02   -7.9013e-04
  174.0    7.3591e-03    6.0536e-03    2.1566e-01    5.0250e-02
  177.0    8.1924e-03    6.0536e-03    3.5331e-01    9.8171e-02
  180.0    8.5240e-03    6.0536e-03    4.0808e-01    1.2273e-01
  183.0    8.1925e-03    6.0536e-03    3.5333e-01    1.1448e-01
  186.0    7.3591e-03    6.0536e-03    2.1565e-01    7.0593e-02
  189.0    6.1372e-03    6.0536e-03    1.3808e-02    1.3646e-02
  192.0    5.2504e-03    6.0536e-03   -1.3269e-01   -2.5541e-02
  195.0    4.7424e-03    6.0536e-03   -2.1659e-01   -5.1623e-02
  198.0    4.5528e-03    6.0536e-03   -2.4792e-01   -5.9106e-02
  201.0    4.8031e-03    6.0536e-03   -2.0657e-01   -6.3265e-02
  204.0    5.3347e-03    6.0536e-03   -1.1875e-01   -3.3498e-02
  207.0    6.0760e-03    6.0536e-03    3.6938e-03   -1.5428e-02
  210.0    6.5715e-03    6.0536e-03    8.5543e-02    4.5335e-03
  213.0    6.5610e-03    6.0536e-03    8.3815e-02   -1.7918e-03
  216.0    6.1530e-03    6.0536e-03    1.6412e-02   -1.7471e-02
  219.0    5.4218e-03    6.0536e-03   -1.0436e-01   -2.2091e-02
  222.0    4.7923e-03    6.0536e-03   -2.0836e-01   -1.7417e-02
  225.0    4.5460e-03    6.0536e-03   -2.4904e-01    4.5348e-03
  228.0    4.9600e-03    6.0536e-03   -1.8066e-01    2.6046e-02
  231.0    5.9276e-03    6.0536e-03   -2.0815e-02    4.1364e-02
  10    41  13.63   45.0    1.0    0.0   ----------------------------
  111.0    5.2523e-03    5.7047e-03   -7.9299e-02   -5.1333e-02
  114.0    6.4541e-03    5.7047e-03    1.3135e-01   -4.8680e-03
  117.0    7.4945e-03    5.7047e-03    3.1373e-01    5.2641e-02
  120.0    7.8059e-03    5.7047e-03    3.6833e-01    5.7244e-02
  123.0    7.4938e-03    5.7047e-03    3.1361e-01    7.3831e-02
  126.0    6.4517e-03    5.7047e-03    1.3094e-01    1.2707e-02
  129.0    5.2452e-03    5.7047e-03   -8.0556e-02   -2.1424e-02
  132.0    4.5725e-03    5.7047e-03   -1.9848e-01   -8.5646e-02
  135.0    4.4025e-03    5.7047e-03   -2.2827e-01   -7.2264e-02
  138.0    4.8135e-03    5.7047e-03   -1.5623e-01   -4.5088e-02
  141.0    5.4467e-03    5.7047e-03   -4.5232e-02    2.6317e-03
  144.0    6.1464e-03    5.7047e-03    7.7423e-02    1.6458e-02
  147.0    6.8094e-03    5.7047e-03    1.9365e-01    2.8378e-02
  150.0    7.1449e-03    5.7047e-03    2.5246e-01    2.3871e-02
  153.0    6.4612e-03    5.7047e-03    1.3260e-01    5.3816e-03
  156.0    5.5202e-03    5.7047e-03   -3.2342e-02   -1.9821e-02
  159.0    4.8161e-03    5.7047e-03   -1.5576e-01   -4.5555e-02
  162.0    4.2754e-03    5.7047e-03   -2.5055e-01   -3.2011e-02
  165.0    3.9087e-03    5.7047e-03   -3.1483e-01   -3.1929e-02
  168.0    4.2140e-03    5.7047e-03   -2.6131e-01    7.8895e-03
  171.0    5.0948e-03    5.7047e-03   -1.0692e-01    2.0971e-02
  174.0    6.3657e-03    5.7047e-03    1.1587e-01    5.5909e-02
  177.0    7.3652e-03    5.7047e-03    2.9107e-01    4.6220e-02
  180.0    7.7356e-03    5.7047e-03    3.5600e-01    5.9292e-02
  183.0    7.3651e-03    5.7047e-03    2.9106e-01    6.3894e-02
  186.0    6.3660e-03    5.7047e-03    1.1591e-01    5.8331e-02
  189.0    5.0946e-03    5.7047e-03   -1.0696e-01    3.0771e-02
  192.0    4.2142e-03    5.7047e-03   -2.6128e-01   -3.4532e-02
  195.0    3.9088e-03    5.7047e-03   -3.1481e-01   -5.9524e-02
  198.0    4.2751e-03    5.7047e-03   -2.5060e-01   -8.2028e-02
  201.0    4.8154e-03    5.7047e-03   -1.5589e-01   -5.1364e-02
  204.0    5.5204e-03    5.7047e-03   -3.2317e-02   -2.1167e-02
  207.0    6.4623e-03    5.7047e-03    1.3280e-01    1.8470e-03
  210.0    7.1444e-03    5.7047e-03    2.5236e-01    1.8783e-02
  213.0    6.8083e-03    5.7047e-03    1.9345e-01    1.4107e-02
  216.0    6.1465e-03    5.7047e-03    7.7433e-02    9.9425e-03
  219.0    5.4470e-03    5.7047e-03   -4.5178e-02   -8.5234e-03
  222.0    4.8135e-03    5.7047e-03   -1.5622e-01   -2.4272e-02
  225.0    4.4029e-03    5.7047e-03   -2.2821e-01   -2.9116e-02
  228.0    4.5733e-03    5.7047e-03   -1.9834e-01   -2.0694e-03
  231.0    5.2456e-03    5.7047e-03   -8.0476e-02    6.1597e-02
  11    41  13.63   48.0    1.0    0.0   ----------------------------
  111.0    6.0126e-03    5.9758e-03    6.1634e-03   -5.5145e-02
  114.0    6.9892e-03    5.9758e-03    1.6959e-01    1.0323e-03
  117.0    7.8881e-03    5.9758e-03    3.2002e-01    4.1790e-02
  120.0    7.9886e-03    5.9758e-03    3.3684e-01    5.9876e-02
  123.0    7.8832e-03    5.9758e-03    3.1920e-01    4.4919e-02
  126.0    6.9785e-03    5.9758e-03    1.6780e-01    2.4345e-02
  129.0    6.0043e-03    5.9758e-03    4.7728e-03   -2.5239e-03
  132.0    5.4238e-03    5.9758e-03   -9.2365e-02   -2.8956e-02
  135.0    5.1143e-03    5.9758e-03   -1.4416e-01   -3.5614e-02
  138.0    5.2196e-03    5.9758e-03   -1.2654e-01   -2.8166e-02
  141.0    5.7449e-03    5.9758e-03   -3.8624e-02   -2.3371e-02
  144.0    6.1514e-03    5.9758e-03    2.9399e-02   -2.6761e-02
  147.0    6.1753e-03    5.9758e-03    3.3395e-02   -1.9742e-02
  150.0    6.1384e-03    5.9758e-03    2.7220e-02   -2.5240e-02
  153.0    5.9801e-03    5.9758e-03    7.2145e-04   -4.2170e-02
  156.0    5.6843e-03    5.9758e-03   -4.8764e-02   -4.0370e-02
  159.0    5.2546e-03    5.9758e-03   -1.2068e-01   -2.6106e-02
  162.0    4.6647e-03    5.9758e-03   -2.1939e-01   -9.5315e-04
  165.0    4.3655e-03    5.9758e-03   -2.6946e-01   -3.0074e-03
  168.0    4.8656e-03    5.9758e-03   -1.8578e-01    1.3310e-02
  171.0    5.8545e-03    5.9758e-03   -2.0294e-02    4.1871e-02
  174.0    6.9846e-03    5.9758e-03    1.6882e-01    8.4753e-02
  177.0    7.4021e-03    5.9758e-03    2.3868e-01    9.7467e-02
  180.0    7.2111e-03    5.9758e-03    2.0673e-01    8.4553e-02
  183.0    7.4021e-03    5.9758e-03    2.3869e-01    6.5259e-02
  186.0    6.9843e-03    5.9758e-03    1.6877e-01    2.9383e-02
  189.0    5.8542e-03    5.9758e-03   -2.0336e-02   -4.2236e-03
  192.0    4.8661e-03    5.9758e-03   -1.8570e-01   -4.1122e-02
  195.0    4.3660e-03    5.9758e-03   -2.6937e-01   -5.3725e-02
  198.0    4.6646e-03    5.9758e-03   -2.1941e-01   -4.0821e-02
  201.0    5.2540e-03    5.9758e-03   -1.2079e-01   -4.5094e-02
  204.0    5.6845e-03    5.9758e-03   -4.8746e-02   -4.7214e-02
  207.0    5.9815e-03    5.9758e-03    9.5892e-04   -3.8709e-02
  210.0    6.1387e-03    5.9758e-03    2.7274e-02   -1.9988e-02
  213.0    6.1744e-03    5.9758e-03    3.3250e-02    1.6120e-03
  216.0    6.1511e-03    5.9758e-03    2.9339e-02    2.2071e-03
  219.0    5.7449e-03    5.9758e-03   -3.8636e-02   -4.8838e-03
  222.0    5.2201e-03    5.9758e-03   -1.2645e-01    1.3877e-02
  225.0    5.1145e-03    5.9758e-03   -1.4412e-01    3.2935e-04
  228.0    5.4226e-03    5.9758e-03   -9.2565e-02    1.7028e-02
  231.0    6.0027e-03    5.9758e-03    4.5177e-03    3.0666e-02
  12    41  13.63   51.0    1.0    0.0   ----------------------------
  111.0    5.9081e-03    6.1769e-03   -4.3520e-02   -6.4633e-02
  114.0    6.7834e-03    6.1769e-03    9.8189e-02   -1.4734e-02
  117.0    7.3447e-03    6.1769e-03    1.8906e-01    4.6329e-02
  120.0    7.4023e-03    6.1769e-03    1.9839e-01    8.8661e-02
  123.0    7.3415e-03    6.1769e-03    1.8854e-01    6.7248e-02
  126.0    6.7667e-03    6.1769e-03    9.5480e-02    1.8602e-02
  129.0    5.9221e-03    6.1769e-03   -4.1249e-02   -3.8811e-02
  132.0    5.4196e-03    6.1769e-03   -1.2260e-01   -6.0861e-02
  135.0    5.1345e-03    6.1769e-03   -1.6875e-01   -7.1684e-02
  138.0    5.2061e-03    6.1769e-03   -1.5717e-01   -5.4671e-02
  141.0    5.7679e-03    6.1769e-03   -6.6211e-02   -3.3815e-02
  144.0    6.5942e-03    6.1769e-03    6.7563e-02    1.8026e-02
  147.0    7.2750e-03    6.1769e-03    1.7777e-01    3.9391e-02
  150.0    7.7166e-03    6.1769e-03    2.4928e-01    4.7117e-02
  153.0    7.0260e-03    6.1769e-03    1.3747e-01    2.5533e-02
  156.0    6.2299e-03    6.1769e-03    8.5843e-03    3.2233e-02
  159.0    5.6550e-03    6.1769e-03   -8.4499e-02    2.0664e-02
  162.0    5.1497e-03    6.1769e-03   -1.6630e-01    5.0497e-03
  165.0    4.8720e-03    6.1769e-03   -2.1126e-01   -3.4795e-02
  168.0    5.0839e-03    6.1769e-03   -1.7694e-01   -3.9579e-02
  171.0    5.8526e-03    6.1769e-03   -5.2498e-02   -4.5172e-02
  174.0    6.7108e-03    6.1769e-03    8.6429e-02   -2.2517e-02
  177.0    6.8949e-03    6.1769e-03    1.1624e-01   -4.5389e-03
  180.0    6.6893e-03    6.1769e-03    8.2963e-02    3.2704e-02
  183.0    6.8946e-03    6.1769e-03    1.1619e-01    3.8203e-02
  186.0    6.7116e-03    6.1769e-03    8.6561e-02    3.1283e-02
  189.0    5.8522e-03    6.1769e-03   -5.2558e-02   -2.9217e-03
  192.0    5.0834e-03    6.1769e-03   -1.7703e-01   -5.9339e-03
  195.0    4.8722e-03    6.1769e-03   -2.1122e-01   -4.1661e-03
  198.0    5.1500e-03    6.1769e-03   -1.6624e-01   -3.7413e-03
  201.0    5.6547e-03    6.1769e-03   -8.4541e-02   -7.2932e-03
  204.0    6.2293e-03    6.1769e-03    8.4780e-03    1.5785e-02
  207.0    7.0265e-03    6.1769e-03    1.3754e-01    1.3026e-02
  210.0    7.7173e-03    6.1769e-03    2.4938e-01    1.3144e-02
  213.0    7.2745e-03    6.1769e-03    1.7770e-01   -2.4487e-02
  216.0    6.5934e-03    6.1769e-03    6.7430e-02   -1.4661e-03
  219.0    5.7674e-03    6.1769e-03   -6.6291e-02    2.3485e-03
  222.0    5.2057e-03    6.1769e-03   -1.5722e-01   -1.5324e-02
  225.0    5.1341e-03    6.1769e-03   -1.6882e-01   -4.0664e-02
  228.0    5.4184e-03    6.1769e-03   -1.2279e-01   -2.4107e-02
  231.0    5.9204e-03    6.1769e-03   -4.1521e-02    6.0497e-02
  13    41  13.63   54.0    1.0    0.0   ----------------------------
  111.0    5.6264e-03    5.8577e-03   -3.9493e-02   -7.7534e-02
  114.0    6.2389e-03    5.8577e-03    6.5082e-02    5.1769e-03
  117.0    7.0824e-03    5.8577e-03    2.0907e-01    5.6571e-02
  120.0    7.3706e-03    5.8577e-03    2.5828e-01    5.8556e-02
  123.0    7.0756e-03    5.8577e-03    2.0791e-01    4.2650e-02
  126.0    6.2231e-03    5.8577e-03    6.2388e-02    2.0317e-02
  129.0    5.6210e-03    5.8577e-03   -4.0414e-02   -5.7716e-03
  132.0    5.2970e-03    5.8577e-03   -9.5716e-02   -1.5034e-02
  135.0    5.0991e-03    5.8577e-03   -1.2950e-01   -4.6673e-02
  138.0    4.9249e-03    5.8577e-03   -1.5924e-01   -4.1976e-02
  141.0    4.8835e-03    5.8577e-03   -1.6632e-01   -5.2205e-02
  144.0    5.6924e-03    5.8577e-03   -2.8214e-02   -2.8548e-02
  147.0    6.6680e-03    5.8577e-03    1.3834e-01   -1.2979e-04
  150.0    7.0064e-03    5.8577e-03    1.9610e-01    3.5857e-02
  153.0    6.5057e-03    5.8577e-03    1.1063e-01    2.5682e-02
  156.0    5.7775e-03    5.8577e-03   -1.3699e-02    1.0107e-02
  159.0    5.3796e-03    5.8577e-03   -8.1616e-02   -1.9692e-03
  162.0    5.6251e-03    5.8577e-03   -3.9699e-02    6.9814e-03
  165.0    5.6834e-03    5.8577e-03   -2.9759e-02   -2.0606e-02
  168.0    5.4621e-03    5.8577e-03   -6.7526e-02   -2.5322e-02
  171.0    5.3681e-03    5.8577e-03   -8.3587e-02   -1.3468e-02
  174.0    5.4020e-03    5.8577e-03   -7.7801e-02    8.2217e-03
  177.0    6.3292e-03    5.8577e-03    8.0495e-02    3.4279e-02
  180.0    7.1004e-03    5.8577e-03    2.1214e-01    4.6291e-02
  183.0    6.3293e-03    5.8577e-03    8.0506e-02    3.9056e-02
  186.0    5.4018e-03    5.8577e-03   -7.7821e-02   -1.3063e-02
  189.0    5.3681e-03    5.8577e-03   -8.3585e-02   -5.5839e-03
  192.0    5.4624e-03    5.8577e-03   -6.7491e-02    1.1133e-02
  195.0    5.6833e-03    5.8577e-03   -2.9774e-02    2.5480e-02
  198.0    5.6249e-03    5.8577e-03   -3.9740e-02   -7.9629e-03
  201.0    5.3797e-03    5.8577e-03   -8.1607e-02   -3.2604e-02
  204.0    5.7772e-03    5.8577e-03   -1.3743e-02   -5.0582e-02
  207.0    6.5063e-03    5.8577e-03    1.1073e-01   -3.7029e-02
  210.0    7.0078e-03    5.8577e-03    1.9634e-01    5.5596e-03
  213.0    6.6688e-03    5.8577e-03    1.3847e-01    4.0302e-02
  216.0    5.6926e-03    5.8577e-03   -2.8187e-02    2.5473e-02
  219.0    4.8824e-03    5.8577e-03   -1.6650e-01   -9.6613e-03
  222.0    4.9232e-03    5.8577e-03   -1.5953e-01   -1.8747e-02
  225.0    5.0982e-03    5.8577e-03   -1.2965e-01   -2.3360e-02
  228.0    5.2964e-03    5.8577e-03   -9.5816e-02   -3.8827e-03
  231.0    5.6208e-03    5.8577e-03   -4.0438e-02    3.4024e-02
  14    41  13.63   57.0    1.0    0.0   ----------------------------
  111.0    6.3118e-03    5.7405e-03    9.9523e-02    4.9504e-02
  114.0    5.8777e-03    5.7405e-03    2.3903e-02   -1.9227e-03
  117.0    5.8323e-03    5.7405e-03    1.5995e-02   -1.8234e-02
  120.0    6.0552e-03    5.7405e-03    5.4823e-02    2.1163e-03
  123.0    5.8284e-03    5.7405e-03    1.5310e-02    2.0171e-03
  126.0    5.8735e-03    5.7405e-03    2.3165e-02   -1.5184e-02
  129.0    6.3142e-03    5.7405e-03    9.9942e-02   -3.9644e-02
  132.0    6.6192e-03    5.7405e-03    1.5306e-01   -2.6469e-02
  135.0    5.7935e-03    5.7405e-03    9.2276e-03   -1.0971e-02
  138.0    5.0517e-03    5.7405e-03   -1.2000e-01   -7.3808e-03
  141.0    4.8672e-03    5.7405e-03   -1.5213e-01   -3.7644e-02
  144.0    4.8726e-03    5.7405e-03   -1.5119e-01   -1.6183e-02
  147.0    5.8773e-03    5.7405e-03    2.3823e-02    1.3497e-02
  150.0    6.2423e-03    5.7405e-03    8.7403e-02    5.6186e-02
  153.0    5.9071e-03    5.7405e-03    2.9016e-02    4.6772e-02
  156.0    5.1224e-03    5.7405e-03   -1.0769e-01    1.5214e-02
  159.0    5.2685e-03    5.7405e-03   -8.2233e-02    2.5436e-02
  162.0    5.7698e-03    5.7405e-03    5.0950e-03    1.5196e-02
  165.0    6.2186e-03    5.7405e-03    8.3284e-02    4.0904e-02
  168.0    6.7318e-03    5.7405e-03    1.7267e-01    1.1048e-02
  171.0    6.2993e-03    5.7405e-03    9.7346e-02    8.5931e-03
  174.0    5.4185e-03    5.7405e-03   -5.6093e-02   -2.6763e-02
  177.0    4.8300e-03    5.7405e-03   -1.5862e-01   -2.8086e-02
  180.0    5.1804e-03    5.7405e-03   -9.7575e-02   -4.2992e-02
  183.0    4.8296e-03    5.7405e-03   -1.5868e-01   -3.1181e-02
  186.0    5.4187e-03    5.7405e-03   -5.6057e-02   -1.7250e-02
  189.0    6.2993e-03    5.7405e-03    9.7331e-02    1.3773e-02
  192.0    6.7318e-03    5.7405e-03    1.7269e-01    1.0038e-02
  195.0    6.2186e-03    5.7405e-03    8.3285e-02   -4.1567e-04
  198.0    5.7700e-03    5.7405e-03    5.1316e-03   -2.0845e-02
  201.0    5.2683e-03    5.7405e-03   -8.2255e-02    5.4863e-03
  204.0    5.1231e-03    5.7405e-03   -1.0756e-01    2.9192e-03
  207.0    5.9075e-03    5.7405e-03    2.9083e-02    2.1504e-02
  210.0    6.2420e-03    5.7405e-03    8.7352e-02    1.1891e-02
  213.0    5.8778e-03    5.7405e-03    2.3911e-02    1.5567e-02
  216.0    4.8736e-03    5.7405e-03   -1.5102e-01   -2.2154e-02
  219.0    4.8654e-03    5.7405e-03   -1.5244e-01   -1.3421e-02
  222.0    5.0492e-03    5.7405e-03   -1.2043e-01   -1.5756e-02
  225.0    5.7922e-03    5.7405e-03    9.0013e-03    1.2266e-02
  228.0    6.6177e-03    5.7405e-03    1.5281e-01    3.5232e-03
  231.0    6.3133e-03    5.7405e-03    9.9779e-02    8.6552e-03
  15    41  13.63   60.0    1.0    0.0   ----------------------------
  111.0    5.9152e-03    5.5581e-03    6.4253e-02    8.2103e-02
  114.0    5.5839e-03    5.5581e-03    4.6465e-03    5.4280e-03
  117.0    4.4928e-03    5.5581e-03   -1.9167e-01   -5.1579e-02
  120.0    4.3919e-03    5.5581e-03   -2.0982e-01   -7.1985e-02
  123.0    4.4964e-03    5.5581e-03   -1.9101e-01   -6.1908e-02
  126.0    5.5846e-03    5.5581e-03    4.7747e-03   -2.5408e-02
  129.0    5.9301e-03    5.5581e-03    6.6944e-02   -5.7373e-03
  132.0    5.3377e-03    5.5581e-03   -3.9641e-02    1.6919e-02
  135.0    5.9200e-03    5.5581e-03    6.5127e-02    4.0225e-02
  138.0    6.0913e-03    5.5581e-03    9.5932e-02    4.7135e-02
  141.0    5.3668e-03    5.5581e-03   -3.4419e-02    3.8838e-02
  144.0    4.7578e-03    5.5581e-03   -1.4398e-01    1.6332e-02
  147.0    5.2155e-03    5.5581e-03   -6.1631e-02    2.8530e-02
  150.0    5.9202e-03    5.5581e-03    6.5148e-02    8.9473e-03
  153.0    5.5690e-03    5.5581e-03    1.9599e-03   -3.2058e-03
  156.0    5.4477e-03    5.5581e-03   -1.9858e-02   -5.4877e-03
  159.0    6.1819e-03    5.5581e-03    1.1224e-01    2.5588e-02
  162.0    6.9587e-03    5.5581e-03    2.5200e-01    5.7749e-02
  165.0    6.4298e-03    5.5581e-03    1.5683e-01    3.3549e-02
  168.0    5.7098e-03    5.5581e-03    2.7299e-02    1.3210e-02
  171.0    5.9947e-03    5.5581e-03    7.8561e-02   -4.3389e-02
  174.0    5.2846e-03    5.5581e-03   -4.9193e-02   -6.1228e-02
  177.0    4.4089e-03    5.5581e-03   -2.0675e-01   -8.1454e-02
  180.0    4.3246e-03    5.5581e-03   -2.2192e-01   -8.2905e-02
  183.0    4.4090e-03    5.5581e-03   -2.0674e-01   -7.4316e-02
  186.0    5.2843e-03    5.5581e-03   -4.9248e-02   -4.5045e-02
  189.0    5.9946e-03    5.5581e-03    7.8537e-02   -9.1712e-03
  192.0    5.7095e-03    5.5581e-03    2.7241e-02    3.0589e-02
  195.0    6.4298e-03    5.5581e-03    1.5684e-01    5.7499e-02
  198.0    6.9589e-03    5.5581e-03    2.5204e-01    6.3142e-02
  201.0    6.1827e-03    5.5581e-03    1.1239e-01    3.3780e-02
  204.0    5.4477e-03    5.5581e-03   -1.9862e-02    1.5240e-02
  207.0    5.5679e-03    5.5581e-03    1.7618e-03    4.4832e-03
  210.0    5.9733e-03    5.5581e-03    7.4703e-02    1.5213e-02
  213.0    5.2159e-03    5.5581e-03   -6.1562e-02    6.9380e-03
  216.0    4.7574e-03    5.5581e-03   -1.4405e-01    4.5310e-03
  219.0    5.3644e-03    5.5581e-03   -3.4851e-02    1.1376e-02
  222.0    6.0893e-03    5.5581e-03    9.5581e-02    1.9487e-02
  225.0    5.9178e-03    5.5581e-03    6.4732e-02    4.5345e-03
  228.0    5.3357e-03    5.5581e-03   -4.0015e-02   -2.1905e-02
  231.0    5.9286e-03    5.5581e-03    6.6671e-02   -3.6503e-02
  16    41  13.63   63.0    1.0    0.0   ----------------------------
  111.0    4.8585e-03    5.3833e-03   -9.7473e-02    3.4503e-02
  114.0    4.2870e-03    5.3833e-03   -2.0364e-01    2.7105e-03
  117.0    4.5179e-03    5.3833e-03   -1.6075e-01   -3.3497e-02
  120.0    4.6050e-03    5.3833e-03   -1.4457e-01   -1.1026e-02
  123.0    4.5574e-03    5.3833e-03   -1.5342e-01   -3.0871e-02
  126.0    4.2905e-03    5.3833e-03   -2.0299e-01   -2.6508e-02
  129.0    4.8567e-03    5.3833e-03   -9.7807e-02   -1.0978e-02
  132.0    5.4097e-03    5.3833e-03    4.9154e-03    4.4921e-03
  135.0    5.8421e-03    5.3833e-03    8.5240e-02    3.0940e-02
  138.0    6.2714e-03    5.3833e-03    1.6498e-01    2.8810e-02
  141.0    5.9381e-03    5.3833e-03    1.0307e-01    4.8646e-02
  144.0    5.3004e-03    5.3833e-03   -1.5393e-02    1.7058e-02
  147.0    4.4348e-03    5.3833e-03   -1.7618e-01   -2.8525e-02
  150.0    5.0590e-03    5.3833e-03   -6.0236e-02   -5.3470e-02
  153.0    5.0623e-03    5.3833e-03   -5.9630e-02   -2.0044e-02
  156.0    6.3578e-03    5.3833e-03    1.8104e-01    2.9968e-02
  159.0    7.1670e-03    5.3833e-03    3.3134e-01    5.5871e-02
  162.0    7.1198e-03    5.3833e-03    3.2259e-01    6.6924e-02
  165.0    6.0459e-03    5.3833e-03    1.2309e-01    3.1940e-02
  168.0    5.3050e-03    5.3833e-03   -1.4541e-02    1.6563e-02
  171.0    4.7560e-03    5.3833e-03   -1.1652e-01   -2.2301e-02
  174.0    4.6591e-03    5.3833e-03   -1.3452e-01   -2.0118e-02
  177.0    4.9481e-03    5.3833e-03   -8.0829e-02   -4.6966e-02
  180.0    4.5324e-03    5.3833e-03   -1.5805e-01   -2.7549e-02
  183.0    4.9477e-03    5.3833e-03   -8.0914e-02   -5.2924e-02
  186.0    4.6592e-03    5.3833e-03   -1.3450e-01   -5.2781e-02
  189.0    4.7561e-03    5.3833e-03   -1.1650e-01   -5.8630e-02
  192.0    5.3050e-03    5.3833e-03   -1.4537e-02   -2.8886e-02
  195.0    6.0468e-03    5.3833e-03    1.2325e-01    2.8338e-02
  198.0    7.1213e-03    5.3833e-03    3.2285e-01    3.1307e-02
  201.0    7.1661e-03    5.3833e-03    3.3118e-01    2.4804e-02
  204.0    6.3581e-03    5.3833e-03    1.8108e-01   -5.7552e-03
  207.0    5.0619e-03    5.3833e-03   -5.9695e-02    3.2558e-03
  210.0    5.0566e-03    5.3833e-03   -6.0683e-02    1.0419e-02
  213.0    4.4328e-03    5.3833e-03   -1.7656e-01   -7.0099e-03
  216.0    5.3009e-03    5.3833e-03   -1.5296e-02    1.1499e-02
  219.0    5.9393e-03    5.3833e-03    1.0329e-01    5.0039e-02
  222.0    6.2726e-03    5.3833e-03    1.6521e-01    9.7487e-02
  225.0    5.8431e-03    5.3833e-03    8.5415e-02    6.3589e-02
  228.0    5.4094e-03    5.3833e-03    4.8524e-03   -1.7767e-02
  231.0    4.8548e-03    5.3833e-03   -9.8171e-02   -1.3273e-01
  17    41  13.63   66.0    1.0    0.0   ----------------------------
  111.0    4.8796e-03    5.2352e-03   -6.7928e-02    4.5579e-03
  114.0    4.6415e-03    5.2352e-03   -1.1341e-01    1.2457e-02
  117.0    4.4169e-03    5.2352e-03   -1.5631e-01    2.0778e-02
  120.0    4.1814e-03    5.2352e-03   -2.0129e-01   -2.6989e-02
  123.0    4.4043e-03    5.2352e-03   -1.5872e-01   -1.6422e-02
  126.0    4.6426e-03    5.2352e-03   -1.1320e-01   -2.2255e-02
  129.0    4.9032e-03    5.2352e-03   -6.3425e-02   -3.4049e-04
  132.0    4.6566e-03    5.2352e-03   -1.1054e-01   -4.6006e-03
  135.0    5.6889e-03    5.2352e-03    8.6652e-02   -1.8625e-02
  138.0    6.6031e-03    5.2352e-03    2.6127e-01    1.6186e-02
  141.0    5.7956e-03    5.2352e-03    1.0703e-01    4.8483e-02
  144.0    6.2361e-03    5.2352e-03    1.9117e-01    4.6018e-02
  147.0    4.5379e-03    5.2352e-03   -1.3321e-01   -1.0630e-02
  150.0    3.4131e-03    5.2352e-03   -3.4806e-01   -6.2267e-02
  153.0    5.1015e-03    5.2352e-03   -2.5546e-02   -3.9014e-02
  156.0    7.3982e-03    5.2352e-03    4.1315e-01    1.7466e-02
  159.0    7.0064e-03    5.2352e-03    3.3831e-01    4.3599e-02
  162.0    6.0093e-03    5.2352e-03    1.4785e-01    2.9235e-02
  165.0    4.7777e-03    5.2352e-03   -8.7398e-02    1.7990e-02
  168.0    4.2028e-03    5.2352e-03   -1.9721e-01    6.5581e-03
  171.0    4.9321e-03    5.2352e-03   -5.7909e-02   -2.2748e-04
  174.0    5.1355e-03    5.2352e-03   -1.9060e-02   -3.0330e-02
  177.0    5.0294e-03    5.2352e-03   -3.9323e-02   -4.2641e-02
  180.0    4.6289e-03    5.2352e-03   -1.1582e-01   -3.7304e-02
  183.0    5.0294e-03    5.2352e-03   -3.9319e-02   -1.5905e-02
  186.0    5.1352e-03    5.2352e-03   -1.9119e-02    6.6580e-03
  189.0    4.9322e-03    5.2352e-03   -5.7880e-02    1.2928e-02
  192.0    4.2033e-03    5.2352e-03   -1.9712e-01    1.4656e-02
  195.0    4.7789e-03    5.2352e-03   -8.7161e-02    3.1378e-02
  198.0    6.0103e-03    5.2352e-03    1.4804e-01    2.2104e-02
  201.0    7.0076e-03    5.2352e-03    3.3855e-01    2.5796e-02
  204.0    7.3978e-03    5.2352e-03    4.1307e-01   -4.8175e-03
  207.0    5.1019e-03    5.2352e-03   -2.5475e-02   -4.9571e-03
  210.0    3.4131e-03    5.2352e-03   -3.4806e-01   -4.4038e-02
  213.0    4.5364e-03    5.2352e-03   -1.3349e-01   -3.1319e-02
  216.0    6.2332e-03    5.2352e-03    1.9063e-01   -3.8567e-03
  219.0    5.7960e-03    5.2352e-03    1.0710e-01    2.1676e-02
  222.0    6.6037e-03    5.2352e-03    2.6139e-01    2.8755e-02
  225.0    5.6889e-03    5.2352e-03    8.6651e-02    6.5927e-04
  228.0    4.6550e-03    5.2352e-03   -1.1083e-01   -3.9210e-03
  231.0    4.8998e-03    5.2352e-03   -6.4065e-02   -7.5541e-03
  18    41  13.63   69.0    1.0    0.0   ----------------------------
  111.0    5.2722e-03    5.0668e-03    4.0529e-02    5.6681e-02
  114.0    5.1103e-03    5.0668e-03    8.5827e-03    1.2929e-02
  117.0    4.4192e-03    5.0668e-03   -1.2782e-01   -2.4320e-02
  120.0    4.0806e-03    5.0668e-03   -1.9465e-01   -4.7138e-02
  123.0    4.4171e-03    5.0668e-03   -1.2822e-01   -4.4052e-02
  126.0    5.1346e-03    5.0668e-03    1.3369e-02   -2.1100e-02
  129.0    5.2286e-03    5.0668e-03    3.1925e-02   -8.5998e-04
  132.0    5.4317e-03    5.0668e-03    7.2006e-02    1.9854e-02
  135.0    6.2981e-03    5.0668e-03    2.4300e-01    1.2304e-02
  138.0    5.9704e-03    5.0668e-03    1.7832e-01    2.3902e-02
  141.0    4.9962e-03    5.0668e-03   -1.3942e-02    4.2784e-02
  144.0    5.1919e-03    5.0668e-03    2.4682e-02    2.1828e-02
  147.0    4.1162e-03    5.0668e-03   -1.8762e-01   -9.9606e-03
  150.0    3.1881e-03    5.0668e-03   -3.7079e-01   -5.5166e-02
  153.0    4.6161e-03    5.0668e-03   -8.8966e-02   -3.5335e-02
  156.0    6.4283e-03    5.0668e-03    2.6871e-01   -1.1701e-02
  159.0    4.7284e-03    5.0668e-03   -6.6797e-02    1.9627e-02
  162.0    4.9756e-03    5.0668e-03   -1.8007e-02    1.1072e-02
  165.0    6.0931e-03    5.0668e-03    2.0254e-01    5.2143e-03
  168.0    4.9574e-03    5.0668e-03   -2.1595e-02   -3.8574e-03
  171.0    5.0798e-03    5.0668e-03    2.5668e-03    3.5885e-02
  174.0    5.3735e-03    5.0668e-03    6.0519e-02    2.9935e-02
  177.0    4.7930e-03    5.0668e-03   -5.4046e-02    2.0826e-02
  180.0    4.3789e-03    5.0668e-03   -1.3577e-01   -1.7290e-02
  183.0    4.7930e-03    5.0668e-03   -5.4053e-02   -5.4064e-03
  186.0    5.3737e-03    5.0668e-03    6.0556e-02   -2.5175e-02
  189.0    5.0808e-03    5.0668e-03    2.7612e-03    2.6254e-04
  192.0    4.9581e-03    5.0668e-03   -2.1454e-02   -2.6269e-03
  195.0    6.0921e-03    5.0668e-03    2.0234e-01    2.5527e-02
  198.0    4.9751e-03    5.0668e-03   -1.8101e-02    2.0110e-03
  201.0    4.7277e-03    5.0668e-03   -6.6925e-02    1.3884e-02
  204.0    6.4257e-03    5.0668e-03    2.6819e-01    1.1968e-02
  207.0    4.6165e-03    5.0668e-03   -8.8869e-02   -2.0148e-02
  210.0    3.1887e-03    5.0668e-03   -3.7067e-01   -4.0176e-02
  213.0    4.1170e-03    5.0668e-03   -1.8746e-01   -4.6033e-02
  216.0    5.1904e-03    5.0668e-03    2.4381e-02   -4.8067e-03
  219.0    4.9954e-03    5.0668e-03   -1.4100e-02    2.1693e-02
  222.0    5.9701e-03    5.0668e-03    1.7826e-01   -5.3406e-04
  225.0    6.2968e-03    5.0668e-03    2.4275e-01    6.8596e-05
  228.0    5.4330e-03    5.0668e-03    7.2259e-02   -3.2512e-03
  231.0    5.2270e-03    5.0668e-03    3.1612e-02    3.0212e-02
  19    41  13.63   72.0    1.0    0.0   ----------------------------
  111.0    5.0746e-03    4.5246e-03    1.2157e-01   -4.5857e-02
  114.0    5.0337e-03    4.5246e-03    1.1253e-01   -2.0811e-02
  117.0    4.0884e-03    4.5246e-03   -9.6407e-02   -1.8817e-04
  120.0    5.1583e-03    4.5246e-03    1.4007e-01    3.2241e-02
  123.0    4.1076e-03    4.5246e-03   -9.2162e-02    3.7311e-02
  126.0    5.0016e-03    4.5246e-03    1.0543e-01    3.7041e-02
  129.0    5.1032e-03    4.5246e-03    1.2788e-01   -1.9961e-03
  132.0    4.9300e-03    4.5246e-03    8.9602e-02    2.6812e-02
  135.0    6.3100e-03    4.5246e-03    3.9462e-01    2.6184e-02
  138.0    6.3587e-03    4.5246e-03    4.0537e-01    1.1326e-02
  141.0    3.9433e-03    4.5246e-03   -1.2848e-01   -7.2880e-03
  144.0    2.6227e-03    4.5246e-03   -4.2034e-01   -9.4223e-03
  147.0    2.4883e-03    4.5246e-03   -4.5005e-01   -2.4928e-02
  150.0    2.6456e-03    4.5246e-03   -4.1527e-01   -9.1082e-02
  153.0    3.6033e-03    4.5246e-03   -2.0361e-01   -7.3257e-02
  156.0    3.0414e-03    4.5246e-03   -3.2781e-01   -2.0920e-02
  159.0    3.7761e-03    4.5246e-03   -1.6543e-01    6.5417e-02
  162.0    5.6585e-03    4.5246e-03    2.5061e-01    3.5777e-02
  165.0    6.2305e-03    4.5246e-03    3.7703e-01    4.3288e-02
  168.0    4.6492e-03    4.5246e-03    2.7544e-02   -2.4941e-02
  171.0    5.0154e-03    4.5246e-03    1.0849e-01   -2.4014e-02
  174.0    5.0199e-03    4.5246e-03    1.0946e-01   -3.0105e-02
  177.0    4.4377e-03    4.5246e-03   -1.9191e-02    2.7130e-04
  180.0    5.3839e-03    4.5246e-03    1.8992e-01    2.5675e-02
  183.0    4.4380e-03    4.5246e-03   -1.9126e-02   -8.9069e-03
  186.0    5.0199e-03    4.5246e-03    1.0947e-01   -4.9613e-03
  189.0    5.0152e-03    4.5246e-03    1.0844e-01   -1.5606e-02
  192.0    4.6486e-03    4.5246e-03    2.7417e-02    1.7231e-02
  195.0    6.2300e-03    4.5246e-03    3.7693e-01    5.1319e-02
  198.0    5.6589e-03    4.5246e-03    2.5070e-01    7.1924e-02
  201.0    3.7764e-03    4.5246e-03   -1.6535e-01    4.2410e-02
  204.0    3.0421e-03    4.5246e-03   -3.2765e-01    1.8820e-02
  207.0    3.6026e-03    4.5246e-03   -2.0377e-01   -7.5409e-02
  210.0    2.6450e-03    4.5246e-03   -4.1542e-01   -4.3317e-02
  213.0    2.4893e-03    4.5246e-03   -4.4984e-01   -6.4748e-02
  216.0    2.6240e-03    4.5246e-03   -4.2005e-01   -1.3447e-02
  219.0    3.9424e-03    4.5246e-03   -1.2867e-01    2.1007e-02
  222.0    6.3565e-03    4.5246e-03    4.0489e-01    4.6377e-02
  225.0    6.3068e-03    4.5246e-03    3.9390e-01    2.2611e-02
  228.0    4.9297e-03    4.5246e-03    8.9536e-02   -2.8860e-02
  231.0    5.1001e-03    4.5246e-03    1.2721e-01   -7.4749e-04

fitted parameters ( nfit =  0  nfollow =  0  )

   r-factora =    0.6834   r-factorb =    0.8689

    0     0.10    174.0    4.086           general vinner tdebye lattice
    1  0.00000  0.00000  0.61400  0.61400  layer spacing length units
    2  0.53100  0.35414  0.61356  0.61356  layer spacing length units
    3  0.53100  0.00000  0.61356  0.61356  layer spacing length units
    4  0.43100  0.00000  0.70705  0.70705  layer spacing length units
    5  0.65000  0.40822  0.70705  0.70705  layer spacing length units
    6  0.75000  0.40822  0.70705  0.70705  layer spacing length units
    7  0.57562  0.00000  0.70705  0.70705  layer spacing length units
    8  0.57562  0.40822  0.70705  0.70705  layer spacing length units
    9  0.57562  0.40822  0.70705  0.70705  layer spacing length units
   10  0.57562  0.00000  0.70705  0.70705  layer spacing length units
   11  0.57562  0.40822  0.70705  0.70705  layer spacing length units
                                           unit: lattice constant

   r-factora=sum((chic-chie)*(chic-chie))/(sum(chic*chic+chie*chie)
   r-factorb=sum(chic*chic-chie*chie)/sum(chic*chic+chie*chie)

This calculation took   88 processor seconds on    1 Linux Cluster
     starting on Fri Oct  9 02:36:57 2026
   and ending on Fri Oct  9 02:37:10 2026

