   223    26     0     datakind beginning-row multi-curves
-----------------------------------------------------------------
Calculation of photoelectron diffraction and dichroism
MSCD Parallel  Version 1.37 Yufeng Chen and Michel A Van Hove
Lawrence Berkeley National Laboratory (LBNL), Berkeley, CA 94720
Copyright (c) Van Hove Group 1997-1998. All rights reserved
-----------------------------------------------------------------
 angle-resolved photoemission extended fine structure (ARPEFS)
 multiple scattering calculation of Ag(111)-3d
 calculated by Guilherme (IFGW) on Oct  9, 2026

   initial angular momentum (li) = 1   msorder=  8   raorder= 4
   photon polarization angle (polar,azimuth) =(  30.0   0.0 ) (deg)

   radius, depth and lattice constant=  12.0,  18.0 and   4.09 angstrom
   cluster size= 424 atoms and spacings=  0.00  2.17  2.17  1.76 angs
   inner potential=  0.1 V  debye and sample temperature= 174, 300 K
   number of valence electrons=   9     bandgap energy=   0.00 eV
   density of bulk=   8.90 g/cm3     molecular weight=  58.93 amu
   effective weight for kind 1-2 =  107.9   58.9 amu
   half aperture angle=    1.5 deg            pathcut=     0.0050

   photoemission azimuthal scan curves
     parameters: curve point theta phi weightc weighte
     columns: phi intensity background chical chiexp
    19   779    1   19   41  779  ncurve npoint nk ntheta nphi nangle
   1    41  13.63   18.0    1.0    0.0   ----------------------------
  111.0    6.3469e-03    5.8412e-03    8.6581e-02   -1.3333e-02
  114.0    6.4027e-03    5.8412e-03    9.6127e-02   -2.6705e-02
  117.0    6.4573e-03    5.8412e-03    1.0548e-01   -1.1138e-02
  120.0    6.4667e-03    5.8412e-03    1.0709e-01    1.0988e-02
  123.0    6.4560e-03    5.8412e-03    1.0526e-01    1.5717e-02
  126.0    6.4000e-03    5.8412e-03    9.5670e-02    2.5430e-02
  129.0    6.3435e-03    5.8412e-03    8.5992e-02    5.2995e-02
  132.0    6.2626e-03    5.8412e-03    7.2141e-02    5.4504e-02
  135.0    6.1114e-03    5.8412e-03    4.6256e-02    1.1787e-02
  138.0    5.9749e-03    5.8412e-03    2.2891e-02   -2.4085e-02
  141.0    5.8199e-03    5.8412e-03   -3.6458e-03   -4.8855e-02
  144.0    5.5789e-03    5.8412e-03   -4.4902e-02   -1.4787e-02
  147.0    5.3829e-03    5.8412e-03   -7.8461e-02   -2.0491e-02
  150.0    5.3263e-03    5.8412e-03   -8.8140e-02    1.1745e-02
  153.0    5.2171e-03    5.8412e-03   -1.0684e-01   -1.5968e-02
  156.0    5.2184e-03    5.8412e-03   -1.0662e-01   -1.2477e-02
  159.0    5.3665e-03    5.8412e-03   -8.1259e-02   -4.5813e-02
  162.0    5.4397e-03    5.8412e-03   -6.8734e-02   -6.3418e-02
  165.0    5.5855e-03    5.8412e-03   -4.3765e-02   -3.7200e-02
  168.0    5.8097e-03    5.8412e-03   -5.3886e-03   -8.1792e-03
  171.0    5.9211e-03    5.8412e-03    1.3684e-02    2.6642e-02
  174.0    6.0037e-03    5.8412e-03    2.7826e-02    2.0564e-02
  177.0    6.0802e-03    5.8412e-03    4.0922e-02    3.0183e-02
  180.0    6.0693e-03    5.8412e-03    3.9062e-02    7.7510e-02
  183.0    6.0803e-03    5.8412e-03    4.0934e-02    4.6800e-02
  186.0    6.0038e-03    5.8412e-03    2.7845e-02    4.7168e-02
  189.0    5.9212e-03    5.8412e-03    1.3702e-02    1.9678e-02
  192.0    5.8101e-03    5.8412e-03   -5.3182e-03    1.9096e-02
  195.0    5.5860e-03    5.8412e-03   -4.3683e-02   -6.0049e-03
  198.0    5.4404e-03    5.8412e-03   -6.8619e-02   -3.3532e-02
  201.0    5.3674e-03    5.8412e-03   -8.1118e-02   -2.7964e-03
  204.0    5.2193e-03    5.8412e-03   -1.0647e-01   -3.5458e-02
  207.0    5.2179e-03    5.8412e-03   -1.0671e-01   -3.7249e-02
  210.0    5.3269e-03    5.8412e-03   -8.8035e-02   -6.7729e-02
  213.0    5.3833e-03    5.8412e-03   -7.8394e-02   -1.5264e-02
  216.0    5.5791e-03    5.8412e-03   -4.4872e-02   -1.5289e-02
  219.0    5.8198e-03    5.8412e-03   -3.6566e-03    3.4591e-02
  222.0    5.9747e-03    5.8412e-03    2.2858e-02    2.5457e-02
  225.0    6.1112e-03    5.8412e-03    4.6220e-02    3.3885e-02
  228.0    6.2624e-03    5.8412e-03    7.2109e-02    4.5536e-03
  231.0    6.3434e-03    5.8412e-03    8.5980e-02   -1.3528e-02
   2    41  13.63   21.0    1.0    0.0   ----------------------------
  111.0    6.3122e-03    5.9440e-03    6.1934e-02   -7.3413e-02
  114.0    6.2456e-03    5.9440e-03    5.0730e-02    1.8364e-02
  117.0    6.1926e-03    5.9440e-03    4.1820e-02    5.1760e-02
  120.0    6.1595e-03    5.9440e-03    3.6254e-02    6.3395e-02
  123.0    6.1918e-03    5.9440e-03    4.1678e-02    2.5307e-02
  126.0    6.2437e-03    5.9440e-03    5.0418e-02    2.2145e-02
  129.0    6.3088e-03    5.9440e-03    6.1360e-02    1.1997e-02
  132.0    6.3223e-03    5.9440e-03    6.3639e-02    1.2015e-02
  135.0    6.2758e-03    5.9440e-03    5.5811e-02   -7.5110e-03
  138.0    6.1291e-03    5.9440e-03    3.1130e-02   -5.9268e-02
  141.0    5.9017e-03    5.9440e-03   -7.1256e-03   -7.6990e-02
  144.0    5.6746e-03    5.9440e-03   -4.5333e-02   -6.9689e-02
  147.0    5.5097e-03    5.9440e-03   -7.3071e-02   -3.2383e-02
  150.0    5.4274e-03    5.9440e-03   -8.6923e-02   -3.9124e-02
  153.0    5.4219e-03    5.9440e-03   -8.7842e-02   -3.1160e-02
  156.0    5.4766e-03    5.9440e-03   -7.8646e-02   -1.3027e-02
  159.0    5.5916e-03    5.9440e-03   -5.9294e-02    1.0815e-02
  162.0    5.7664e-03    5.9440e-03   -2.9891e-02    2.2556e-02
  165.0    5.9031e-03    5.9440e-03   -6.8843e-03    4.8580e-02
  168.0    5.9504e-03    5.9440e-03    1.0717e-03    7.8555e-02
  171.0    6.0711e-03    5.9440e-03    2.1368e-02    6.9755e-02
  174.0    6.1408e-03    5.9440e-03    3.3106e-02    1.4306e-02
  177.0    6.2031e-03    5.9440e-03    4.3591e-02   -2.7015e-02
  180.0    6.2156e-03    5.9440e-03    4.5686e-02    2.9564e-04
  183.0    6.2032e-03    5.9440e-03    4.3601e-02   -1.2900e-02
  186.0    6.1409e-03    5.9440e-03    3.3117e-02    3.8259e-02
  189.0    6.0712e-03    5.9440e-03    2.1402e-02    3.4685e-02
  192.0    5.9510e-03    5.9440e-03    1.1715e-03    5.2255e-02
  195.0    5.9041e-03    5.9440e-03   -6.7126e-03    1.3629e-02
  198.0    5.7676e-03    5.9440e-03   -2.9688e-02    6.6550e-04
  201.0    5.5925e-03    5.9440e-03   -5.9147e-02    1.3659e-02
  204.0    5.4766e-03    5.9440e-03   -7.8636e-02   -9.9448e-03
  207.0    5.4216e-03    5.9440e-03   -8.7888e-02   -6.9394e-02
  210.0    5.4267e-03    5.9440e-03   -8.7037e-02   -9.4282e-02
  213.0    5.5088e-03    5.9440e-03   -7.3217e-02   -6.0676e-02
  216.0    5.6736e-03    5.9440e-03   -4.5493e-02   -3.0548e-02
  219.0    5.9006e-03    5.9440e-03   -7.3022e-03    1.4995e-02
  222.0    6.1281e-03    5.9440e-03    3.0971e-02   -1.6832e-03
  225.0    6.2747e-03    5.9440e-03    5.5636e-02    2.1609e-02
  228.0    6.3212e-03    5.9440e-03    6.3447e-02    1.8540e-02
  231.0    6.3077e-03    5.9440e-03    6.1185e-02    5.1096e-02
   3    41  13.63   24.0    1.0    0.0   ----------------------------
  111.0    7.1268e-03    6.3800e-03    1.1706e-01   -1.2490e-02
  114.0    6.9388e-03    6.3800e-03    8.7593e-02   -3.7491e-03
  117.0    6.7357e-03    6.3800e-03    5.5761e-02    8.2344e-03
  120.0    6.6642e-03    6.3800e-03    4.4547e-02    2.8238e-02
  123.0    6.7364e-03    6.3800e-03    5.5863e-02    1.0912e-02
  126.0    6.9371e-03    6.3800e-03    8.7324e-02    1.0955e-03
  129.0    7.1234e-03    6.3800e-03    1.1652e-01    6.1878e-03
  132.0    7.1565e-03    6.3800e-03    1.2171e-01    3.4016e-02
  135.0    7.1023e-03    6.3800e-03    1.1321e-01    4.1323e-02
  138.0    6.8643e-03    6.3800e-03    7.5915e-02   -1.7176e-03
  141.0    6.4824e-03    6.3800e-03    1.6059e-02   -5.2437e-02
  144.0    6.0920e-03    6.3800e-03   -4.5129e-02   -7.5042e-02
  147.0    5.7793e-03    6.3800e-03   -9.4153e-02   -5.9561e-02
  150.0    5.5883e-03    6.3800e-03   -1.2408e-01   -3.3071e-02
  153.0    5.5970e-03    6.3800e-03   -1.2273e-01   -3.7705e-02
  156.0    5.6368e-03    6.3800e-03   -1.1648e-01   -1.3808e-02
  159.0    5.8097e-03    6.3800e-03   -8.9390e-02   -3.6766e-03
  162.0    6.0249e-03    6.3800e-03   -5.5650e-02    2.5569e-02
  165.0    6.2664e-03    6.3800e-03   -1.7795e-02    1.2107e-02
  168.0    6.3634e-03    6.3800e-03   -2.5923e-03    1.1047e-02
  171.0    6.4396e-03    6.3800e-03    9.3453e-03    2.0907e-02
  174.0    6.4073e-03    6.3800e-03    4.2913e-03    4.0032e-02
  177.0    6.3413e-03    6.3800e-03   -6.0673e-03    5.1903e-02
  180.0    6.3051e-03    6.3800e-03   -1.1740e-02    6.6655e-02
  183.0    6.3411e-03    6.3800e-03   -6.0878e-03    4.9621e-02
  186.0    6.4074e-03    6.3800e-03    4.2983e-03    4.4424e-02
  189.0    6.4401e-03    6.3800e-03    9.4224e-03    3.1874e-03
  192.0    6.3644e-03    6.3800e-03   -2.4354e-03    5.5329e-03
  195.0    6.2674e-03    6.3800e-03   -1.7637e-02   -1.3050e-02
  198.0    6.0255e-03    6.3800e-03   -5.5560e-02   -3.5530e-03
  201.0    5.8098e-03    6.3800e-03   -8.9369e-02   -3.3395e-02
  204.0    5.6365e-03    6.3800e-03   -1.1652e-01   -5.9305e-02
  207.0    5.5963e-03    6.3800e-03   -1.2282e-01   -8.9953e-02
  210.0    5.5880e-03    6.3800e-03   -1.2414e-01   -5.4632e-02
  213.0    5.7783e-03    6.3800e-03   -9.4306e-02   -4.5909e-02
  216.0    6.0907e-03    6.3800e-03   -4.5343e-02   -1.0786e-02
  219.0    6.4804e-03    6.3800e-03    1.5736e-02   -5.8877e-03
  222.0    6.8613e-03    6.3800e-03    7.5441e-02    7.6230e-02
  225.0    7.0990e-03    6.3800e-03    1.1271e-01    8.7268e-02
  228.0    7.1532e-03    6.3800e-03    1.2119e-01    4.8655e-02
  231.0    7.1203e-03    6.3800e-03    1.1603e-01   -6.3132e-02
   4    41  13.63   27.0    1.0    0.0   ----------------------------
  111.0    7.8330e-03    7.0913e-03    1.0460e-01    2.4692e-02
  114.0    7.6318e-03    7.0913e-03    7.6229e-02   -1.9055e-03
  117.0    7.4682e-03    7.0913e-03    5.3151e-02    2.6585e-03
  120.0    7.4223e-03    7.0913e-03    4.6680e-02   -2.3271e-03
  123.0    7.4680e-03    7.0913e-03    5.3122e-02    1.8172e-02
  126.0    7.6317e-03    7.0913e-03    7.6214e-02   -1.2133e-02
  129.0    7.8311e-03    7.0913e-03    1.0433e-01   -1.4493e-03
  132.0    7.9285e-03    7.0913e-03    1.1807e-01   -4.7537e-03
  135.0    8.0289e-03    7.0913e-03    1.3223e-01    1.7658e-02
  138.0    7.8639e-03    7.0913e-03    1.0896e-01    1.9383e-03
  141.0    7.4734e-03    7.0913e-03    5.3885e-02   -2.0774e-02
  144.0    6.8625e-03    7.0913e-03   -3.2261e-02   -1.8127e-02
  147.0    6.2109e-03    7.0913e-03   -1.2415e-01   -3.3409e-02
  150.0    5.7741e-03    7.0913e-03   -1.8574e-01   -3.8623e-02
  153.0    5.7178e-03    7.0913e-03   -1.9369e-01   -8.6046e-02
  156.0    5.8869e-03    7.0913e-03   -1.6984e-01   -6.4417e-02
  159.0    6.2335e-03    7.0913e-03   -1.2096e-01   -2.8085e-03
  162.0    6.6057e-03    7.0913e-03   -6.8472e-02    5.7834e-02
  165.0    6.9087e-03    7.0913e-03   -2.5740e-02    7.5508e-02
  168.0    7.1249e-03    7.0913e-03    4.7427e-03    7.6232e-02
  171.0    7.3263e-03    7.0913e-03    3.3145e-02    4.3822e-02
  174.0    7.4611e-03    7.0913e-03    5.2149e-02    3.0243e-02
  177.0    7.6030e-03    7.0913e-03    7.2157e-02   -2.2376e-02
  180.0    7.6279e-03    7.0913e-03    7.5670e-02   -2.2643e-02
  183.0    7.6027e-03    7.0913e-03    7.2119e-02    5.3222e-03
  186.0    7.4611e-03    7.0913e-03    5.2153e-02    6.6250e-03
  189.0    7.3287e-03    7.0913e-03    3.3484e-02    4.4753e-02
  192.0    7.1257e-03    7.0913e-03    4.8497e-03    2.9540e-02
  195.0    6.9094e-03    7.0913e-03   -2.5652e-02    3.9787e-02
  198.0    6.6060e-03    7.0913e-03   -6.8430e-02    2.5561e-02
  201.0    6.2335e-03    7.0913e-03   -1.2097e-01   -1.4008e-02
  204.0    5.8867e-03    7.0913e-03   -1.6987e-01   -4.4771e-03
  207.0    5.7174e-03    7.0913e-03   -1.9375e-01   -5.3857e-02
  210.0    5.7733e-03    7.0913e-03   -1.8586e-01   -7.3017e-02
  213.0    6.2092e-03    7.0913e-03   -1.2439e-01   -8.9817e-02
  216.0    6.8596e-03    7.0913e-03   -3.2677e-02   -5.8950e-02
  219.0    7.4696e-03    7.0913e-03    5.3349e-02    4.3706e-03
  222.0    7.8596e-03    7.0913e-03    1.0834e-01    1.5420e-02
  225.0    8.0245e-03    7.0913e-03    1.3160e-01    2.7836e-02
  228.0    7.9242e-03    7.0913e-03    1.1746e-01    2.4525e-02
  231.0    7.8271e-03    7.0913e-03    1.0377e-01    5.3769e-02
   5    41  13.63   30.0    1.0    0.0   ----------------------------
  111.0    8.1807e-03    7.7225e-03    5.9331e-02   -2.5039e-02
  114.0    7.6971e-03    7.7225e-03   -3.2908e-03   -3.7031e-03
  117.0    7.4334e-03    7.7225e-03   -3.7434e-02    7.7065e-03
  120.0    7.3542e-03    7.7225e-03   -4.7699e-02    4.2303e-03
  123.0    7.4331e-03    7.7225e-03   -3.7478e-02    1.2450e-02
  126.0    7.7336e-03    7.7225e-03    1.4309e-03    1.0414e-02
  129.0    8.1788e-03    7.7225e-03    5.9092e-02    1.7261e-02
  132.0    8.5117e-03    7.7225e-03    1.0220e-01    2.8846e-02
  135.0    8.7586e-03    7.7225e-03    1.3417e-01    4.3241e-02
  138.0    8.7043e-03    7.7225e-03    1.2714e-01    4.2917e-02
  141.0    8.2432e-03    7.7225e-03    6.7425e-02    7.0368e-03
  144.0    7.4304e-03    7.7225e-03   -3.7828e-02   -3.7225e-02
  147.0    6.5547e-03    7.7225e-03   -1.5122e-01   -8.0628e-02
  150.0    6.1287e-03    7.7225e-03   -2.0638e-01   -7.3895e-02
  153.0    5.9534e-03    7.7225e-03   -2.2908e-01   -6.6122e-02
  156.0    6.4729e-03    7.7225e-03   -1.6182e-01   -3.3449e-02
  159.0    7.1087e-03    7.7225e-03   -7.9481e-02   -9.4586e-03
  162.0    7.7137e-03    7.7225e-03   -1.1449e-03    2.7946e-02
  165.0    7.9856e-03    7.7225e-03    3.4065e-02    2.0426e-02
  168.0    8.1172e-03    7.7225e-03    5.1106e-02    1.6024e-02
  171.0    8.1958e-03    7.7225e-03    6.1289e-02    1.2007e-02
  174.0    8.4132e-03    7.7225e-03    8.9437e-02    2.7507e-02
  177.0    8.5817e-03    7.7225e-03    1.1126e-01    2.6511e-02
  180.0    8.7119e-03    7.7225e-03    1.2812e-01    1.3554e-02
  183.0    8.5814e-03    7.7225e-03    1.1121e-01    1.0916e-02
  186.0    8.4130e-03    7.7225e-03    8.9409e-02    1.5062e-02
  189.0    8.1962e-03    7.7225e-03    6.1334e-02    2.5573e-02
  192.0    8.1179e-03    7.7225e-03    5.1207e-02    3.8724e-02
  195.0    7.9863e-03    7.7225e-03    3.4158e-02    4.7334e-02
  198.0    7.7138e-03    7.7225e-03   -1.1280e-03    3.4943e-02
  201.0    7.1086e-03    7.7225e-03   -7.9499e-02    1.6305e-02
  204.0    6.4732e-03    7.7225e-03   -1.6178e-01   -2.7231e-02
  207.0    5.9538e-03    7.7225e-03   -2.2903e-01   -6.2070e-02
  210.0    6.1282e-03    7.7225e-03   -2.0644e-01   -8.4085e-02
  213.0    6.5525e-03    7.7225e-03   -1.5150e-01   -6.7745e-02
  216.0    7.4267e-03    7.7225e-03   -3.8301e-02   -3.5937e-02
  219.0    8.2382e-03    7.7225e-03    6.6784e-02    3.7936e-03
  222.0    8.6991e-03    7.7225e-03    1.2647e-01    1.3640e-02
  225.0    8.7537e-03    7.7225e-03    1.3353e-01    3.8415e-02
  228.0    8.5078e-03    7.7225e-03    1.0169e-01    2.7588e-02
  231.0    8.1757e-03    7.7225e-03    5.8684e-02    1.6307e-02
   6    41  13.63   33.0    1.0    0.0   ----------------------------
  111.0    8.0067e-03    7.5185e-03    6.4934e-02    9.4909e-03
  114.0    7.5948e-03    7.5185e-03    1.0156e-02   -2.1051e-02
  117.0    7.1907e-03    7.5185e-03   -4.3600e-02   -7.7975e-03
  120.0    6.9428e-03    7.5185e-03   -7.6562e-02    1.4761e-02
  123.0    7.1907e-03    7.5185e-03   -4.3602e-02    4.2367e-02
  126.0    7.6326e-03    7.5185e-03    1.5178e-02    3.3946e-02
  129.0    8.0101e-03    7.5185e-03    6.5386e-02    3.4094e-02
  132.0    8.3604e-03    7.5185e-03    1.1198e-01   -1.3862e-03
  135.0    8.3261e-03    7.5185e-03    1.0741e-01   -1.1130e-02
  138.0    8.1206e-03    7.5185e-03    8.0088e-02   -3.2220e-02
  141.0    7.5163e-03    7.5185e-03   -2.8771e-04   -1.5164e-02
  144.0    6.7861e-03    7.5185e-03   -9.7408e-02   -5.1957e-02
  147.0    6.2720e-03    7.5185e-03   -1.6579e-01   -5.9681e-02
  150.0    5.8623e-03    7.5185e-03   -2.2028e-01   -6.8588e-02
  153.0    5.8065e-03    7.5185e-03   -2.2771e-01   -3.8589e-02
  156.0    6.1671e-03    7.5185e-03   -1.7974e-01   -6.3267e-03
  159.0    6.9456e-03    7.5185e-03   -7.6199e-02    4.8693e-03
  162.0    7.6277e-03    7.5185e-03    1.4531e-02    9.8899e-03
  165.0    7.9608e-03    7.5185e-03    5.8834e-02    2.0725e-02
  168.0    8.1925e-03    7.5185e-03    8.9646e-02    1.4746e-02
  171.0    8.2656e-03    7.5185e-03    9.9371e-02    3.7918e-02
  174.0    8.4837e-03    7.5185e-03    1.2837e-01    2.8539e-02
  177.0    8.7386e-03    7.5185e-03    1.6229e-01    4.7724e-02
  180.0    8.8382e-03    7.5185e-03    1.7553e-01    4.3469e-02
  183.0    8.7386e-03    7.5185e-03    1.6228e-01    5.1377e-02
  186.0    8.4834e-03    7.5185e-03    1.2834e-01    4.3641e-02
  189.0    8.2657e-03    7.5185e-03    9.9384e-02    2.8613e-02
  192.0    8.1932e-03    7.5185e-03    8.9743e-02    2.4612e-02
  195.0    7.9612e-03    7.5185e-03    5.8890e-02    1.4749e-02
  198.0    7.6275e-03    7.5185e-03    1.4499e-02   -3.5443e-03
  201.0    6.9459e-03    7.5185e-03   -7.6160e-02   -2.6282e-02
  204.0    6.1685e-03    7.5185e-03   -1.7955e-01   -4.6665e-02
  207.0    5.8073e-03    7.5185e-03   -2.2760e-01   -5.0691e-02
  210.0    5.8613e-03    7.5185e-03   -2.2042e-01   -6.4202e-02
  213.0    6.2692e-03    7.5185e-03   -1.6616e-01   -6.1280e-02
  216.0    6.7824e-03    7.5185e-03   -9.7900e-02   -4.6884e-02
  219.0    7.5123e-03    7.5185e-03   -8.2725e-04   -2.3413e-02
  222.0    8.1169e-03    7.5185e-03    7.9594e-02    3.3600e-03
  225.0    8.3229e-03    7.5185e-03    1.0699e-01    3.1216e-02
  228.0    8.3569e-03    7.5185e-03    1.1151e-01    4.9272e-02
  231.0    8.0060e-03    7.5185e-03    6.4840e-02    4.7860e-02
   7    41  13.63   36.0    1.0    0.0   ----------------------------
  111.0    7.6334e-03    6.8183e-03    1.1954e-01    2.5849e-02
  114.0    7.2890e-03    6.8183e-03    6.9031e-02    4.0106e-03
  117.0    6.7638e-03    6.8183e-03   -8.0009e-03   -1.0516e-02
  120.0    6.5031e-03    6.8183e-03   -4.6236e-02   -8.2474e-03
  123.0    6.7664e-03    6.8183e-03   -7.6184e-03   -7.2891e-03
  126.0    7.2929e-03    6.8183e-03    6.9605e-02    1.5227e-02
  129.0    7.6380e-03    6.8183e-03    1.2021e-01    3.3361e-02
  132.0    7.4612e-03    6.8183e-03    9.4280e-02    2.9180e-02
  135.0    7.2315e-03    6.8183e-03    6.0599e-02   -5.0403e-04
  138.0    6.8117e-03    6.8183e-03   -9.7990e-04   -2.2137e-02
  141.0    6.4498e-03    6.8183e-03   -5.4045e-02   -2.8610e-02
  144.0    6.0834e-03    6.8183e-03   -1.0779e-01   -2.9272e-02
  147.0    5.7447e-03    6.8183e-03   -1.5746e-01   -2.4359e-02
  150.0    5.6856e-03    6.8183e-03   -1.6613e-01   -4.1173e-02
  153.0    5.4366e-03    6.8183e-03   -2.0265e-01   -6.5249e-02
  156.0    5.5900e-03    6.8183e-03   -1.8016e-01   -7.1382e-02
  159.0    6.0290e-03    6.8183e-03   -1.1577e-01   -5.7281e-02
  162.0    6.5624e-03    6.8183e-03   -3.7532e-02   -1.4044e-02
  165.0    7.1836e-03    6.8183e-03    5.3564e-02    2.0593e-02
  168.0    7.4440e-03    6.8183e-03    9.1768e-02    6.5874e-02
  171.0    7.7635e-03    6.8183e-03    1.3863e-01    8.3510e-02
  174.0    7.8220e-03    6.8183e-03    1.4721e-01    9.7499e-02
  177.0    7.8451e-03    6.8183e-03    1.5058e-01    6.7722e-02
  180.0    7.7597e-03    6.8183e-03    1.3806e-01    6.3434e-02
  183.0    7.8450e-03    6.8183e-03    1.5057e-01    4.0195e-02
  186.0    7.8216e-03    6.8183e-03    1.4715e-01    2.5301e-02
  189.0    7.7636e-03    6.8183e-03    1.3863e-01    9.2320e-03
  192.0    7.4446e-03    6.8183e-03    9.1844e-02    1.4814e-03
  195.0    7.1838e-03    6.8183e-03    5.3596e-02   -2.0484e-02
  198.0    6.5625e-03    6.8183e-03   -3.7519e-02   -3.5781e-02
  201.0    6.0298e-03    6.8183e-03   -1.1565e-01   -4.3690e-02
  204.0    5.5913e-03    6.8183e-03   -1.7996e-01   -3.6224e-02
  207.0    5.4368e-03    6.8183e-03   -2.0262e-01   -3.3061e-02
  210.0    5.6845e-03    6.8183e-03   -1.6629e-01   -5.2335e-02
  213.0    5.7429e-03    6.8183e-03   -1.5773e-01   -3.4788e-02
  216.0    6.0814e-03    6.8183e-03   -1.0809e-01   -3.1433e-02
  219.0    6.4483e-03    6.8183e-03   -5.4270e-02   -2.6089e-02
  222.0    6.8095e-03    6.8183e-03   -1.2959e-03   -1.1739e-02
  225.0    7.2279e-03    6.8183e-03    6.0074e-02    1.5708e-02
  228.0    7.4561e-03    6.8183e-03    9.3533e-02    5.0599e-02
  231.0    7.6318e-03    6.8183e-03    1.1931e-01    5.7604e-02
   8    41  13.63   39.0    1.0    0.0   ----------------------------
  111.0    6.9150e-03    6.4494e-03    7.2207e-02    1.7847e-02
  114.0    7.4278e-03    6.4494e-03    1.5171e-01   -9.3399e-03
  117.0    7.7457e-03    6.4494e-03    2.0100e-01   -1.6765e-02
  120.0    7.9353e-03    6.4494e-03    2.3040e-01    1.8341e-02
  123.0    7.7484e-03    6.4494e-03    2.0141e-01    3.0571e-02
  126.0    7.4318e-03    6.4494e-03    1.5233e-01    2.4047e-02
  129.0    6.9187e-03    6.4494e-03    7.2770e-02    2.1677e-02
  132.0    6.2588e-03    6.4494e-03   -2.9554e-02    2.9775e-03
  135.0    5.7251e-03    6.4494e-03   -1.1230e-01   -1.3795e-02
  138.0    5.6969e-03    6.4494e-03   -1.1668e-01   -3.6654e-02
  141.0    5.7989e-03    6.4494e-03   -1.0086e-01   -4.3589e-02
  144.0    6.0278e-03    6.4494e-03   -6.5369e-02   -9.9646e-03
  147.0    6.1269e-03    6.4494e-03   -4.9995e-02   -1.3753e-02
  150.0    5.8272e-03    6.4494e-03   -9.6464e-02   -1.0269e-02
  153.0    5.5145e-03    6.4494e-03   -1.4495e-01   -5.6565e-02
  156.0    5.2644e-03    6.4494e-03   -1.8373e-01   -5.7653e-02
  159.0    5.2167e-03    6.4494e-03   -1.9112e-01   -7.1992e-02
  162.0    5.5852e-03    6.4494e-03   -1.3399e-01   -3.5269e-02
  165.0    6.0734e-03    6.4494e-03   -5.8290e-02   -1.0877e-02
  168.0    6.6145e-03    6.4494e-03    2.5599e-02    1.1352e-02
  171.0    7.1207e-03    6.4494e-03    1.0409e-01    5.1463e-02
  174.0    7.6794e-03    6.4494e-03    1.9072e-01    9.3086e-02
  177.0    8.0722e-03    6.4494e-03    2.5163e-01    1.2506e-01
  180.0    8.1974e-03    6.4494e-03    2.7104e-01    1.0631e-01
  183.0    8.0720e-03    6.4494e-03    2.5160e-01    7.5735e-02
  186.0    7.6790e-03    6.4494e-03    1.9067e-01    3.6145e-02
  189.0    7.1206e-03    6.4494e-03    1.0408e-01    2.6449e-02
  192.0    6.6143e-03    6.4494e-03    2.5580e-02    1.5969e-02
  195.0    6.0734e-03    6.4494e-03   -5.8299e-02   -1.1287e-02
  198.0    5.5851e-03    6.4494e-03   -1.3400e-01   -4.4351e-02
  201.0    5.2169e-03    6.4494e-03   -1.9109e-01   -6.9664e-02
  204.0    5.2650e-03    6.4494e-03   -1.8363e-01   -6.2000e-02
  207.0    5.5151e-03    6.4494e-03   -1.4487e-01   -5.6913e-02
  210.0    5.8271e-03    6.4494e-03   -9.6480e-02   -5.4021e-02
  213.0    6.1257e-03    6.4494e-03   -5.0184e-02   -4.3780e-02
  216.0    6.0266e-03    6.4494e-03   -6.5548e-02   -3.1164e-02
  219.0    5.7976e-03    6.4494e-03   -1.0105e-01   -2.1344e-02
  222.0    5.6949e-03    6.4494e-03   -1.1699e-01   -3.0451e-03
  225.0    5.7221e-03    6.4494e-03   -1.1277e-01    1.3533e-02
  228.0    6.2538e-03    6.4494e-03   -3.0317e-02    4.0257e-02
  231.0    6.9118e-03    6.4494e-03    7.1708e-02    7.3877e-02
   9    41  13.63   42.0    1.0    0.0   ----------------------------
  111.0    5.9533e-03    6.0508e-03   -1.6124e-02   -5.5523e-02
  114.0    7.2309e-03    6.0508e-03    1.9503e-01   -6.9952e-03
  117.0    8.0705e-03    6.0508e-03    3.3379e-01    3.4766e-02
  120.0    8.3696e-03    6.0508e-03    3.8322e-01    6.2760e-02
  123.0    8.0703e-03    6.0508e-03    3.3376e-01    6.0475e-02
  126.0    7.2305e-03    6.0508e-03    1.9496e-01    2.5757e-02
  129.0    5.9522e-03    6.0508e-03   -1.6297e-02   -4.2905e-03
  132.0    4.9791e-03    6.0508e-03   -1.7711e-01   -4.4725e-02
  135.0    4.5643e-03    6.0508e-03   -2.4567e-01   -3.9915e-02
  138.0    4.8057e-03    6.0508e-03   -2.0578e-01   -5.1954e-02
  141.0    5.4231e-03    6.0508e-03   -1.0374e-01   -2.5289e-02
  144.0    6.1263e-03    6.0508e-03    1.2476e-02   -3.1381e-03
  147.0    6.5122e-03    6.0508e-03    7.6258e-02    2.3573e-02
  150.0    6.5299e-03    6.0508e-03    7.9176e-02    3.1621e-02
  153.0    6.0336e-03    6.0508e-03   -2.8505e-03    8.0494e-03
  156.0    5.3146e-03    6.0508e-03   -1.2167e-01   -1.2051e-02
  159.0    4.8137e-03    6.0508e-03   -2.0446e-01   -4.4419e-02
  162.0    4.5719e-03    6.0508e-03   -2.4441e-01   -6.8277e-02
  165.0    4.7579e-03    6.0508e-03   -2.1368e-01   -7.4540e-02
  168.0    5.2601e-03    6.0508e-03   -1.3068e-01   -5.4030e-02
  171.0    6.1449e-03    6.0508e-03    1.5556e-02   -7.9013e-04
  174.0    7.3563e-03    6.0508e-03    2.1575e-01    5.0250e-02
  177.0    8.1812e-03    6.0508e-03    3.5208e-01    9.8171e-02
  180.0    8.5118e-03    6.0508e-03    4.0673e-01    1.2273e-01
  183.0    8.1811e-03    6.0508e-03    3.5207e-01    1.1448e-01
  186.0    7.3562e-03    6.0508e-03    2.1573e-01    7.0593e-02
  189.0    6.1449e-03    6.0508e-03    1.5554e-02    1.3646e-02
  192.0    5.2601e-03    6.0508e-03   -1.3068e-01   -2.5541e-02
  195.0    4.7580e-03    6.0508e-03   -2.1366e-01   -5.1623e-02
  198.0    4.5721e-03    6.0508e-03   -2.4438e-01   -5.9106e-02
  201.0    4.8136e-03    6.0508e-03   -2.0447e-01   -6.3265e-02
  204.0    5.3155e-03    6.0508e-03   -1.2153e-01   -3.3498e-02
  207.0    6.0352e-03    6.0508e-03   -2.5827e-03   -1.5428e-02
  210.0    6.5298e-03    6.0508e-03    7.9156e-02    4.5335e-03
  213.0    6.5107e-03    6.0508e-03    7.6010e-02   -1.7918e-03
  216.0    6.1258e-03    6.0508e-03    1.2397e-02   -1.7471e-02
  219.0    5.4234e-03    6.0508e-03   -1.0370e-01   -2.2091e-02
  222.0    4.8054e-03    6.0508e-03   -2.0582e-01   -1.7417e-02
  225.0    4.5634e-03    6.0508e-03   -2.4582e-01    4.5348e-03
  228.0    4.9770e-03    6.0508e-03   -1.7747e-01    2.6046e-02
  231.0    5.9473e-03    6.0508e-03   -1.7109e-02    4.1364e-02
  10    41  13.63   45.0    1.0    0.0   ----------------------------
  111.0    5.2560e-03    5.7407e-03   -8.4434e-02   -5.1333e-02
  114.0    6.4970e-03    5.7407e-03    1.3174e-01   -4.8680e-03
  117.0    7.5718e-03    5.7407e-03    3.1897e-01    5.2641e-02
  120.0    7.8727e-03    5.7407e-03    3.7139e-01    5.7244e-02
  123.0    7.5722e-03    5.7407e-03    3.1904e-01    7.3831e-02
  126.0    6.4928e-03    5.7407e-03    1.3102e-01    1.2707e-02
  129.0    5.2507e-03    5.7407e-03   -8.5356e-02   -2.1424e-02
  132.0    4.5688e-03    5.7407e-03   -2.0413e-01   -8.5646e-02
  135.0    4.4024e-03    5.7407e-03   -2.3313e-01   -7.2264e-02
  138.0    4.8271e-03    5.7407e-03   -1.5914e-01   -4.5088e-02
  141.0    5.4943e-03    5.7407e-03   -4.2919e-02    2.6317e-03
  144.0    6.2171e-03    5.7407e-03    8.2985e-02    1.6458e-02
  147.0    6.8807e-03    5.7407e-03    1.9859e-01    2.8378e-02
  150.0    7.2143e-03    5.7407e-03    2.5669e-01    2.3871e-02
  153.0    6.5388e-03    5.7407e-03    1.3903e-01    5.3816e-03
  156.0    5.5821e-03    5.7407e-03   -2.7630e-02   -1.9821e-02
  159.0    4.8573e-03    5.7407e-03   -1.5388e-01   -4.5555e-02
  162.0    4.2869e-03    5.7407e-03   -2.5325e-01   -3.2011e-02
  165.0    3.8954e-03    5.7407e-03   -3.2145e-01   -3.1929e-02
  168.0    4.2100e-03    5.7407e-03   -2.6663e-01    7.8895e-03
  171.0    5.1158e-03    5.7407e-03   -1.0885e-01    2.0971e-02
  174.0    6.4120e-03    5.7407e-03    1.1694e-01    5.5909e-02
  177.0    7.4116e-03    5.7407e-03    2.9106e-01    4.6220e-02
  180.0    7.7742e-03    5.7407e-03    3.5423e-01    5.9292e-02
  183.0    7.4118e-03    5.7407e-03    2.9109e-01    6.3894e-02
  186.0    6.4119e-03    5.7407e-03    1.1692e-01    5.8331e-02
  189.0    5.1152e-03    5.7407e-03   -1.0896e-01    3.0771e-02
  192.0    4.2099e-03    5.7407e-03   -2.6666e-01   -3.4532e-02
  195.0    3.8952e-03    5.7407e-03   -3.2148e-01   -5.9524e-02
  198.0    4.2864e-03    5.7407e-03   -2.5334e-01   -8.2028e-02
  201.0    4.8567e-03    5.7407e-03   -1.5399e-01   -5.1364e-02
  204.0    5.5824e-03    5.7407e-03   -2.7570e-02   -2.1167e-02
  207.0    6.5406e-03    5.7407e-03    1.3934e-01    1.8470e-03
  210.0    7.2146e-03    5.7407e-03    2.5675e-01    1.8783e-02
  213.0    6.8803e-03    5.7407e-03    1.9852e-01    1.4107e-02
  216.0    6.2176e-03    5.7407e-03    8.3085e-02    9.9425e-03
  219.0    5.4948e-03    5.7407e-03   -4.2832e-02   -8.5234e-03
  222.0    4.8271e-03    5.7407e-03   -1.5914e-01   -2.4272e-02
  225.0    4.4027e-03    5.7407e-03   -2.3308e-01   -2.9116e-02
  228.0    4.5692e-03    5.7407e-03   -2.0406e-01   -2.0694e-03
  231.0    5.2499e-03    5.7407e-03   -8.5494e-02    6.1597e-02
  11    41  13.63   48.0    1.0    0.0   ----------------------------
  111.0    6.0172e-03    5.9691e-03    8.0595e-03   -5.5145e-02
  114.0    6.9209e-03    5.9691e-03    1.5945e-01    1.0323e-03
  117.0    7.8763e-03    5.9691e-03    3.1953e-01    4.1790e-02
  120.0    8.0643e-03    5.9691e-03    3.5102e-01    5.9876e-02
  123.0    7.8719e-03    5.9691e-03    3.1879e-01    4.4919e-02
  126.0    6.9099e-03    5.9691e-03    1.5761e-01    2.4345e-02
  129.0    6.0071e-03    5.9691e-03    6.3704e-03   -2.5239e-03
  132.0    5.4750e-03    5.9691e-03   -8.2767e-02   -2.8956e-02
  135.0    5.1121e-03    5.9691e-03   -1.4358e-01   -3.5614e-02
  138.0    5.2085e-03    5.9691e-03   -1.2742e-01   -2.8166e-02
  141.0    5.7445e-03    5.9691e-03   -3.7615e-02   -2.3371e-02
  144.0    6.1659e-03    5.9691e-03    3.2982e-02   -2.6761e-02
  147.0    6.1823e-03    5.9691e-03    3.5725e-02   -1.9742e-02
  150.0    6.1315e-03    5.9691e-03    2.7210e-02   -2.5240e-02
  153.0    6.0049e-03    5.9691e-03    5.9994e-03   -4.2170e-02
  156.0    5.7072e-03    5.9691e-03   -4.3876e-02   -4.0370e-02
  159.0    5.2432e-03    5.9691e-03   -1.2160e-01   -2.6106e-02
  162.0    4.6114e-03    5.9691e-03   -2.2745e-01   -9.5315e-04
  165.0    4.3314e-03    5.9691e-03   -2.7436e-01   -3.0074e-03
  168.0    4.8785e-03    5.9691e-03   -1.8270e-01    1.3310e-02
  171.0    5.8125e-03    5.9691e-03   -2.6223e-02    4.1871e-02
  174.0    6.8975e-03    5.9691e-03    1.5554e-01    8.4753e-02
  177.0    7.3818e-03    5.9691e-03    2.3667e-01    9.7467e-02
  180.0    7.2828e-03    5.9691e-03    2.2009e-01    8.4553e-02
  183.0    7.3817e-03    5.9691e-03    2.3665e-01    6.5259e-02
  186.0    6.8983e-03    5.9691e-03    1.5568e-01    2.9383e-02
  189.0    5.8123e-03    5.9691e-03   -2.6257e-02   -4.2236e-03
  192.0    4.8786e-03    5.9691e-03   -1.8268e-01   -4.1122e-02
  195.0    4.3316e-03    5.9691e-03   -2.7432e-01   -5.3725e-02
  198.0    4.6111e-03    5.9691e-03   -2.2749e-01   -4.0821e-02
  201.0    5.2423e-03    5.9691e-03   -1.2175e-01   -4.5094e-02
  204.0    5.7070e-03    5.9691e-03   -4.3910e-02   -4.7214e-02
  207.0    6.0061e-03    5.9691e-03    6.2010e-03   -3.8709e-02
  210.0    6.1321e-03    5.9691e-03    2.7310e-02   -1.9988e-02
  213.0    6.1822e-03    5.9691e-03    3.5702e-02    1.6120e-03
  216.0    6.1662e-03    5.9691e-03    3.3022e-02    2.2071e-03
  219.0    5.7451e-03    5.9691e-03   -3.7522e-02   -4.8838e-03
  222.0    5.2089e-03    5.9691e-03   -1.2735e-01    1.3877e-02
  225.0    5.1118e-03    5.9691e-03   -1.4362e-01    3.2935e-04
  228.0    5.4733e-03    5.9691e-03   -8.3059e-02    1.7028e-02
  231.0    6.0045e-03    5.9691e-03    5.9320e-03    3.0666e-02
  12    41  13.63   51.0    1.0    0.0   ----------------------------
  111.0    5.8660e-03    6.1372e-03   -4.4195e-02   -6.4633e-02
  114.0    6.8461e-03    6.1372e-03    1.1550e-01   -1.4734e-02
  117.0    7.3412e-03    6.1372e-03    1.9617e-01    4.6329e-02
  120.0    7.2890e-03    6.1372e-03    1.8767e-01    8.8661e-02
  123.0    7.3330e-03    6.1372e-03    1.9484e-01    6.7248e-02
  126.0    6.8366e-03    6.1372e-03    1.1395e-01    1.8602e-02
  129.0    5.8774e-03    6.1372e-03   -4.2332e-02   -3.8811e-02
  132.0    5.3007e-03    6.1372e-03   -1.3630e-01   -6.0861e-02
  135.0    5.0608e-03    6.1372e-03   -1.7539e-01   -7.1684e-02
  138.0    5.1442e-03    6.1372e-03   -1.6181e-01   -5.4671e-02
  141.0    5.7372e-03    6.1372e-03   -6.5183e-02   -3.3815e-02
  144.0    6.5571e-03    6.1372e-03    6.8411e-02    1.8026e-02
  147.0    7.2448e-03    6.1372e-03    1.8047e-01    3.9391e-02
  150.0    7.7209e-03    6.1372e-03    2.5805e-01    4.7117e-02
  153.0    6.9650e-03    6.1372e-03    1.3488e-01    2.5533e-02
  156.0    6.1927e-03    6.1372e-03    9.0384e-03    3.2233e-02
  159.0    5.6667e-03    6.1372e-03   -7.6669e-02    2.0664e-02
  162.0    5.1701e-03    6.1372e-03   -1.5759e-01    5.0497e-03
  165.0    4.8180e-03    6.1372e-03   -2.1495e-01   -3.4795e-02
  168.0    4.9939e-03    6.1372e-03   -1.8629e-01   -3.9579e-02
  171.0    5.8050e-03    6.1372e-03   -5.4128e-02   -4.5172e-02
  174.0    6.7179e-03    6.1372e-03    9.4626e-02   -2.2517e-02
  177.0    6.8168e-03    6.1372e-03    1.1074e-01   -4.5389e-03
  180.0    6.5358e-03    6.1372e-03    6.4952e-02    3.2704e-02
  183.0    6.8171e-03    6.1372e-03    1.1079e-01    3.8203e-02
  186.0    6.7182e-03    6.1372e-03    9.4663e-02    3.1283e-02
  189.0    5.8049e-03    6.1372e-03   -5.4146e-02   -2.9217e-03
  192.0    4.9936e-03    6.1372e-03   -1.8635e-01   -5.9339e-03
  195.0    4.8182e-03    6.1372e-03   -2.1492e-01   -4.1661e-03
  198.0    5.1705e-03    6.1372e-03   -1.5751e-01   -3.7413e-03
  201.0    5.6667e-03    6.1372e-03   -7.6666e-02   -7.2932e-03
  204.0    6.1926e-03    6.1372e-03    9.0275e-03    1.5785e-02
  207.0    6.9662e-03    6.1372e-03    1.3508e-01    1.3026e-02
  210.0    7.7224e-03    6.1372e-03    2.5830e-01    1.3144e-02
  213.0    7.2449e-03    6.1372e-03    1.8049e-01   -2.4487e-02
  216.0    6.5569e-03    6.1372e-03    6.8381e-02   -1.4661e-03
  219.0    5.7369e-03    6.1372e-03   -6.5222e-02    2.3485e-03
  222.0    5.1441e-03    6.1372e-03   -1.6181e-01   -1.5324e-02
  225.0    5.0605e-03    6.1372e-03   -1.7544e-01   -4.0664e-02
  228.0    5.2994e-03    6.1372e-03   -1.3652e-01   -2.4107e-02
  231.0    5.8757e-03    6.1372e-03   -4.2619e-02    6.0497e-02
  13    41  13.63   54.0    1.0    0.0   ----------------------------
  111.0    5.5789e-03    5.8943e-03   -5.3509e-02   -7.7534e-02
  114.0    6.1749e-03    5.8943e-03    4.7620e-02    5.1769e-03
  117.0    7.0344e-03    5.8943e-03    1.9343e-01    5.6571e-02
  120.0    7.4163e-03    5.8943e-03    2.5822e-01    5.8556e-02
  123.0    7.0264e-03    5.8943e-03    1.9208e-01    4.2650e-02
  126.0    6.1583e-03    5.8943e-03    4.4797e-02    2.0317e-02
  129.0    5.5800e-03    5.8943e-03   -5.3322e-02   -5.7716e-03
  132.0    5.3527e-03    5.8943e-03   -9.1874e-02   -1.5034e-02
  135.0    5.1073e-03    5.8943e-03   -1.3352e-01   -4.6673e-02
  138.0    4.9200e-03    5.8943e-03   -1.6530e-01   -4.1976e-02
  141.0    4.9020e-03    5.8943e-03   -1.6835e-01   -5.2205e-02
  144.0    5.8026e-03    5.8943e-03   -1.5546e-02   -2.8548e-02
  147.0    6.8624e-03    5.8943e-03    1.6426e-01   -1.2979e-04
  150.0    7.1225e-03    5.8943e-03    2.0837e-01    3.5857e-02
  153.0    6.6858e-03    5.8943e-03    1.3429e-01    2.5682e-02
  156.0    5.8708e-03    5.8943e-03   -3.9797e-03    1.0107e-02
  159.0    5.3998e-03    5.8943e-03   -8.3880e-02   -1.9692e-03
  162.0    5.6444e-03    5.8943e-03   -4.2397e-02    6.9814e-03
  165.0    5.7128e-03    5.8943e-03   -3.0780e-02   -2.0606e-02
  168.0    5.5018e-03    5.8943e-03   -6.6577e-02   -2.5322e-02
  171.0    5.3388e-03    5.8943e-03   -9.4233e-02   -1.3468e-02
  174.0    5.4232e-03    5.8943e-03   -7.9916e-02    8.2217e-03
  177.0    6.3487e-03    5.8943e-03    7.7092e-02    3.4279e-02
  180.0    7.1272e-03    5.8943e-03    2.0918e-01    4.6291e-02
  183.0    6.3483e-03    5.8943e-03    7.7039e-02    3.9056e-02
  186.0    5.4230e-03    5.8943e-03   -7.9949e-02   -1.3063e-02
  189.0    5.3386e-03    5.8943e-03   -9.4272e-02   -5.5839e-03
  192.0    5.5019e-03    5.8943e-03   -6.6572e-02    1.1133e-02
  195.0    5.7129e-03    5.8943e-03   -3.0768e-02    2.5480e-02
  198.0    5.6442e-03    5.8943e-03   -4.2425e-02   -7.9629e-03
  201.0    5.3997e-03    5.8943e-03   -8.3907e-02   -3.2604e-02
  204.0    5.8701e-03    5.8943e-03   -4.0941e-03   -5.0582e-02
  207.0    6.6857e-03    5.8943e-03    1.3428e-01   -3.7029e-02
  210.0    7.1235e-03    5.8943e-03    2.0855e-01    5.5596e-03
  213.0    6.8626e-03    5.8943e-03    1.6429e-01    4.0302e-02
  216.0    5.8023e-03    5.8943e-03   -1.5598e-02    2.5473e-02
  219.0    4.9012e-03    5.8943e-03   -1.6848e-01   -9.6613e-03
  222.0    4.9190e-03    5.8943e-03   -1.6546e-01   -1.8747e-02
  225.0    5.1071e-03    5.8943e-03   -1.3354e-01   -2.3360e-02
  228.0    5.3528e-03    5.8943e-03   -9.1864e-02   -3.8827e-03
  231.0    5.5797e-03    5.8943e-03   -5.3367e-02    3.4024e-02
  14    41  13.63   57.0    1.0    0.0   ----------------------------
  111.0    6.3070e-03    5.6839e-03    1.0962e-01    4.9504e-02
  114.0    5.7299e-03    5.6839e-03    8.0918e-03   -1.9227e-03
  117.0    5.7636e-03    5.6839e-03    1.4029e-02   -1.8234e-02
  120.0    5.9785e-03    5.6839e-03    5.1830e-02    2.1163e-03
  123.0    5.7659e-03    5.6839e-03    1.4434e-02    2.0171e-03
  126.0    5.7205e-03    5.6839e-03    6.4440e-03   -1.5184e-02
  129.0    6.2949e-03    5.6839e-03    1.0749e-01   -3.9644e-02
  132.0    6.4602e-03    5.6839e-03    1.3658e-01   -2.6469e-02
  135.0    5.8285e-03    5.6839e-03    2.5437e-02   -1.0971e-02
  138.0    5.2023e-03    5.6839e-03   -8.4723e-02   -7.3808e-03
  141.0    4.9029e-03    5.6839e-03   -1.3740e-01   -3.7644e-02
  144.0    4.8133e-03    5.6839e-03   -1.5317e-01   -1.6183e-02
  147.0    5.6719e-03    5.6839e-03   -2.1016e-03    1.3497e-02
  150.0    6.0933e-03    5.6839e-03    7.2022e-02    5.6186e-02
  153.0    5.7361e-03    5.6839e-03    9.1934e-03    4.6772e-02
  156.0    5.0996e-03    5.6839e-03   -1.0280e-01    1.5214e-02
  159.0    5.2881e-03    5.6839e-03   -6.9625e-02    2.5436e-02
  162.0    5.8796e-03    5.6839e-03    3.4424e-02    1.5196e-02
  165.0    6.2786e-03    5.6839e-03    1.0463e-01    4.0904e-02
  168.0    6.6537e-03    5.6839e-03    1.7062e-01    1.1048e-02
  171.0    6.2826e-03    5.6839e-03    1.0533e-01    8.5931e-03
  174.0    5.1594e-03    5.6839e-03   -9.2269e-02   -2.6763e-02
  177.0    4.7133e-03    5.6839e-03   -1.7076e-01   -2.8086e-02
  180.0    5.0618e-03    5.6839e-03   -1.0945e-01   -4.2992e-02
  183.0    4.7134e-03    5.6839e-03   -1.7075e-01   -3.1181e-02
  186.0    5.1595e-03    5.6839e-03   -9.2252e-02   -1.7250e-02
  189.0    6.2823e-03    5.6839e-03    1.0528e-01    1.3773e-02
  192.0    6.6544e-03    5.6839e-03    1.7075e-01    1.0038e-02
  195.0    6.2793e-03    5.6839e-03    1.0475e-01   -4.1567e-04
  198.0    5.8803e-03    5.6839e-03    3.4560e-02   -2.0845e-02
  201.0    5.2879e-03    5.6839e-03   -6.9665e-02    5.4863e-03
  204.0    5.0995e-03    5.6839e-03   -1.0282e-01    2.9192e-03
  207.0    5.7355e-03    5.6839e-03    9.0752e-03    2.1504e-02
  210.0    6.0926e-03    5.6839e-03    7.1911e-02    1.1891e-02
  213.0    5.6730e-03    5.6839e-03   -1.9200e-03    1.5567e-02
  216.0    4.8142e-03    5.6839e-03   -1.5300e-01   -2.2154e-02
  219.0    4.9010e-03    5.6839e-03   -1.3774e-01   -1.3421e-02
  222.0    5.2002e-03    5.6839e-03   -8.5103e-02   -1.5756e-02
  225.0    5.8270e-03    5.6839e-03    2.5175e-02    1.2266e-02
  228.0    6.4595e-03    5.6839e-03    1.3646e-01    3.5232e-03
  231.0    6.2945e-03    5.6839e-03    1.0742e-01    8.6552e-03
  15    41  13.63   60.0    1.0    0.0   ----------------------------
  111.0    5.8823e-03    5.5316e-03    6.3399e-02    8.2103e-02
  114.0    5.5739e-03    5.5316e-03    7.6374e-03    5.4280e-03
  117.0    4.4616e-03    5.5316e-03   -1.9343e-01   -5.1579e-02
  120.0    4.2992e-03    5.5316e-03   -2.2280e-01   -7.1985e-02
  123.0    4.4604e-03    5.5316e-03   -1.9365e-01   -6.1908e-02
  126.0    5.5860e-03    5.5316e-03    9.8250e-03   -2.5408e-02
  129.0    5.9195e-03    5.5316e-03    7.0119e-02   -5.7373e-03
  132.0    5.3995e-03    5.5316e-03   -2.3879e-02    1.6919e-02
  135.0    5.6830e-03    5.5316e-03    2.7366e-02    4.0225e-02
  138.0    5.5079e-03    5.5316e-03   -4.2812e-03    4.7135e-02
  141.0    5.2505e-03    5.5316e-03   -5.0826e-02    3.8838e-02
  144.0    4.9814e-03    5.5316e-03   -9.9472e-02    1.6332e-02
  147.0    5.4611e-03    5.5316e-03   -1.2749e-02    2.8530e-02
  150.0    6.2863e-03    5.5316e-03    1.3642e-01    8.9473e-03
  153.0    5.7668e-03    5.5316e-03    4.2514e-02   -3.2058e-03
  156.0    5.6006e-03    5.5316e-03    1.2463e-02   -5.4877e-03
  159.0    6.1868e-03    5.5316e-03    1.1844e-01    2.5588e-02
  162.0    6.5348e-03    5.5316e-03    1.8136e-01    5.7749e-02
  165.0    6.2645e-03    5.5316e-03    1.3249e-01    3.3549e-02
  168.0    5.7527e-03    5.5316e-03    3.9959e-02    1.3210e-02
  171.0    5.8679e-03    5.5316e-03    6.0799e-02   -4.3389e-02
  174.0    5.2316e-03    5.5316e-03   -5.4234e-02   -6.1228e-02
  177.0    4.4234e-03    5.5316e-03   -2.0035e-01   -8.1454e-02
  180.0    4.2450e-03    5.5316e-03   -2.3260e-01   -8.2905e-02
  183.0    4.4229e-03    5.5316e-03   -2.0043e-01   -7.4316e-02
  186.0    5.2325e-03    5.5316e-03   -5.4074e-02   -4.5045e-02
  189.0    5.8691e-03    5.5316e-03    6.1006e-02   -9.1712e-03
  192.0    5.7544e-03    5.5316e-03    4.0275e-02    3.0589e-02
  195.0    6.2655e-03    5.5316e-03    1.3266e-01    5.7499e-02
  198.0    6.5354e-03    5.5316e-03    1.8146e-01    6.3142e-02
  201.0    6.1874e-03    5.5316e-03    1.1854e-01    3.3780e-02
  204.0    5.6006e-03    5.5316e-03    1.2468e-02    1.5240e-02
  207.0    5.7663e-03    5.5316e-03    4.2424e-02    4.4832e-03
  210.0    6.3384e-03    5.5316e-03    1.4585e-01    1.5213e-02
  213.0    5.4622e-03    5.5316e-03   -1.2554e-02    6.9380e-03
  216.0    4.9824e-03    5.5316e-03   -9.9290e-02    4.5310e-03
  219.0    5.2481e-03    5.5316e-03   -5.1262e-02    1.1376e-02
  222.0    5.5063e-03    5.5316e-03   -4.5748e-03    1.9487e-02
  225.0    5.6817e-03    5.5316e-03    2.7123e-02    4.5345e-03
  228.0    5.3984e-03    5.5316e-03   -2.4091e-02   -2.1905e-02
  231.0    5.9184e-03    5.5316e-03    6.9925e-02   -3.6503e-02
  16    41  13.63   63.0    1.0    0.0   ----------------------------
  111.0    4.9449e-03    5.5103e-03   -1.0262e-01    3.4503e-02
  114.0    4.6741e-03    5.5103e-03   -1.5176e-01    2.7105e-03
  117.0    4.6217e-03    5.5103e-03   -1.6126e-01   -3.3497e-02
  120.0    4.5017e-03    5.5103e-03   -1.8304e-01   -1.1026e-02
  123.0    4.6692e-03    5.5103e-03   -1.5264e-01   -3.0871e-02
  126.0    4.6637e-03    5.5103e-03   -1.5364e-01   -2.6508e-02
  129.0    4.9355e-03    5.5103e-03   -1.0432e-01   -1.0978e-02
  132.0    5.3060e-03    5.5103e-03   -3.7081e-02    4.4921e-03
  135.0    6.2749e-03    5.5103e-03    1.3876e-01    3.0940e-02
  138.0    6.9497e-03    5.5103e-03    2.6123e-01    2.8810e-02
  141.0    6.0601e-03    5.5103e-03    9.9770e-02    4.8646e-02
  144.0    5.5100e-03    5.5103e-03   -4.6790e-05    1.7058e-02
  147.0    4.5682e-03    5.5103e-03   -1.7097e-01   -2.8525e-02
  150.0    4.7688e-03    5.5103e-03   -1.3457e-01   -5.3470e-02
  153.0    4.9604e-03    5.5103e-03   -9.9798e-02   -2.0044e-02
  156.0    6.0899e-03    5.5103e-03    1.0519e-01    2.9968e-02
  159.0    7.2478e-03    5.5103e-03    3.1532e-01    5.5871e-02
  162.0    7.8334e-03    5.5103e-03    4.2159e-01    6.6924e-02
  165.0    6.4221e-03    5.5103e-03    1.6546e-01    3.1940e-02
  168.0    5.0457e-03    5.5103e-03   -8.4308e-02    1.6563e-02
  171.0    4.7653e-03    5.5103e-03   -1.3520e-01   -2.2301e-02
  174.0    4.9478e-03    5.5103e-03   -1.0208e-01   -2.0118e-02
  177.0    4.9927e-03    5.5103e-03   -9.3932e-02   -4.6966e-02
  180.0    4.4953e-03    5.5103e-03   -1.8420e-01   -2.7549e-02
  183.0    4.9931e-03    5.5103e-03   -9.3853e-02   -5.2924e-02
  186.0    4.9487e-03    5.5103e-03   -1.0192e-01   -5.2781e-02
  189.0    4.7659e-03    5.5103e-03   -1.3510e-01   -5.8630e-02
  192.0    5.0449e-03    5.5103e-03   -8.4464e-02   -2.8886e-02
  195.0    6.4212e-03    5.5103e-03    1.6531e-01    2.8338e-02
  198.0    7.8322e-03    5.5103e-03    4.2137e-01    3.1307e-02
  201.0    7.2457e-03    5.5103e-03    3.1493e-01    2.4804e-02
  204.0    6.0893e-03    5.5103e-03    1.0507e-01   -5.7552e-03
  207.0    4.9606e-03    5.5103e-03   -9.9755e-02    3.2558e-03
  210.0    4.7695e-03    5.5103e-03   -1.3444e-01    1.0419e-02
  213.0    4.5678e-03    5.5103e-03   -1.7104e-01   -7.0099e-03
  216.0    5.5110e-03    5.5103e-03    1.2887e-04    1.1499e-02
  219.0    6.0617e-03    5.5103e-03    1.0006e-01    5.0039e-02
  222.0    6.9502e-03    5.5103e-03    2.6132e-01    9.7487e-02
  225.0    6.2745e-03    5.5103e-03    1.3869e-01    6.3589e-02
  228.0    5.3045e-03    5.5103e-03   -3.7345e-02   -1.7767e-02
  231.0    4.9327e-03    5.5103e-03   -1.0482e-01   -1.3273e-01
  17    41  13.63   66.0    1.0    0.0   ----------------------------
  111.0    5.0075e-03    5.3130e-03   -5.7495e-02    4.5579e-03
  114.0    4.8534e-03    5.3130e-03   -8.6514e-02    1.2457e-02
  117.0    4.6929e-03    5.3130e-03   -1.1672e-01    2.0778e-02
  120.0    4.4970e-03    5.3130e-03   -1.5359e-01   -2.6989e-02
  123.0    4.6712e-03    5.3130e-03   -1.2079e-01   -1.6422e-02
  126.0    4.8661e-03    5.3130e-03   -8.4109e-02   -2.2255e-02
  129.0    5.0305e-03    5.3130e-03   -5.3163e-02   -3.4049e-04
  132.0    5.0676e-03    5.3130e-03   -4.6190e-02   -4.6006e-03
  135.0    5.6375e-03    5.3130e-03    6.1075e-02   -1.8625e-02
  138.0    6.2516e-03    5.3130e-03    1.7666e-01    1.6186e-02
  141.0    5.7707e-03    5.3130e-03    8.6141e-02    4.8483e-02
  144.0    5.8693e-03    5.3130e-03    1.0471e-01    4.6018e-02
  147.0    4.5781e-03    5.3130e-03   -1.3833e-01   -1.0630e-02
  150.0    3.4504e-03    5.3130e-03   -3.5057e-01   -6.2267e-02
  153.0    4.9028e-03    5.3130e-03   -7.7207e-02   -3.9014e-02
  156.0    7.1825e-03    5.3130e-03    3.5187e-01    1.7466e-02
  159.0    6.8666e-03    5.3130e-03    2.9242e-01    4.3599e-02
  162.0    6.1107e-03    5.3130e-03    1.5014e-01    2.9235e-02
  165.0    5.2452e-03    5.3130e-03   -1.2759e-02    1.7990e-02
  168.0    4.6860e-03    5.3130e-03   -1.1801e-01    6.5581e-03
  171.0    5.0866e-03    5.3130e-03   -4.2614e-02   -2.2748e-04
  174.0    5.2833e-03    5.3130e-03   -5.5862e-03   -3.0330e-02
  177.0    5.2186e-03    5.3130e-03   -1.7777e-02   -4.2641e-02
  180.0    4.7675e-03    5.3130e-03   -1.0268e-01   -3.7304e-02
  183.0    5.2177e-03    5.3130e-03   -1.7929e-02   -1.5905e-02
  186.0    5.2835e-03    5.3130e-03   -5.5456e-03    6.6580e-03
  189.0    5.0869e-03    5.3130e-03   -4.2558e-02    1.2928e-02
  192.0    4.6870e-03    5.3130e-03   -1.1783e-01    1.4656e-02
  195.0    5.2455e-03    5.3130e-03   -1.2700e-02    3.1378e-02
  198.0    6.1122e-03    5.3130e-03    1.5042e-01    2.2104e-02
  201.0    6.8680e-03    5.3130e-03    2.9268e-01    2.5796e-02
  204.0    7.1845e-03    5.3130e-03    3.5224e-01   -4.8175e-03
  207.0    4.9035e-03    5.3130e-03   -7.7078e-02   -4.9571e-03
  210.0    3.4500e-03    5.3130e-03   -3.5065e-01   -4.4038e-02
  213.0    4.5781e-03    5.3130e-03   -1.3832e-01   -3.1319e-02
  216.0    5.8688e-03    5.3130e-03    1.0460e-01   -3.8567e-03
  219.0    5.7710e-03    5.3130e-03    8.6207e-02    2.1676e-02
  222.0    6.2517e-03    5.3130e-03    1.7668e-01    2.8755e-02
  225.0    5.6377e-03    5.3130e-03    6.1108e-02    6.5927e-04
  228.0    5.0675e-03    5.3130e-03   -4.6206e-02   -3.9210e-03
  231.0    5.0258e-03    5.3130e-03   -5.4052e-02   -7.5541e-03
  18    41  13.63   69.0    1.0    0.0   ----------------------------
  111.0    5.4841e-03    4.9369e-03    1.1086e-01    5.6681e-02
  114.0    5.0017e-03    4.9369e-03    1.3140e-02    1.2929e-02
  117.0    4.4585e-03    4.9369e-03   -9.6892e-02   -2.4320e-02
  120.0    4.2197e-03    4.9369e-03   -1.4526e-01   -4.7138e-02
  123.0    4.4496e-03    4.9369e-03   -9.8706e-02   -4.4052e-02
  126.0    5.0398e-03    4.9369e-03    2.0856e-02   -2.1100e-02
  129.0    5.4387e-03    4.9369e-03    1.0166e-01   -8.5998e-04
  132.0    5.0684e-03    4.9369e-03    2.6648e-02    1.9854e-02
  135.0    5.5203e-03    4.9369e-03    1.1817e-01    1.2304e-02
  138.0    5.7468e-03    4.9369e-03    1.6406e-01    2.3902e-02
  141.0    5.0582e-03    4.9369e-03    2.4579e-02    4.2784e-02
  144.0    5.0204e-03    4.9369e-03    1.6921e-02    2.1828e-02
  147.0    3.6848e-03    4.9369e-03   -2.5362e-01   -9.9606e-03
  150.0    3.2172e-03    4.9369e-03   -3.4833e-01   -5.5166e-02
  153.0    4.4898e-03    4.9369e-03   -9.0560e-02   -3.5335e-02
  156.0    6.0514e-03    4.9369e-03    2.2575e-01   -1.1701e-02
  159.0    5.2341e-03    4.9369e-03    6.0216e-02    1.9627e-02
  162.0    5.0148e-03    4.9369e-03    1.5781e-02    1.1072e-02
  165.0    5.1260e-03    4.9369e-03    3.8310e-02    5.2143e-03
  168.0    4.7790e-03    4.9369e-03   -3.1978e-02   -3.8574e-03
  171.0    5.3679e-03    4.9369e-03    8.7312e-02    3.5885e-02
  174.0    5.1045e-03    4.9369e-03    3.3956e-02    2.9935e-02
  177.0    4.7553e-03    4.9369e-03   -3.6780e-02    2.0826e-02
  180.0    4.3998e-03    4.9369e-03   -1.0878e-01   -1.7290e-02
  183.0    4.7563e-03    4.9369e-03   -3.6583e-02   -5.4064e-03
  186.0    5.1052e-03    4.9369e-03    3.4101e-02   -2.5175e-02
  189.0    5.3689e-03    4.9369e-03    8.7509e-02    2.6254e-04
  192.0    4.7791e-03    4.9369e-03   -3.1953e-02   -2.6269e-03
  195.0    5.1260e-03    4.9369e-03    3.8304e-02    2.5527e-02
  198.0    5.0147e-03    4.9369e-03    1.5765e-02    2.0110e-03
  201.0    5.2345e-03    4.9369e-03    6.0282e-02    1.3884e-02
  204.0    6.0509e-03    4.9369e-03    2.2566e-01    1.1968e-02
  207.0    4.4907e-03    4.9369e-03   -9.0372e-02   -2.0148e-02
  210.0    3.2177e-03    4.9369e-03   -3.4823e-01   -4.0176e-02
  213.0    3.6854e-03    4.9369e-03   -2.5350e-01   -4.6033e-02
  216.0    5.0191e-03    4.9369e-03    1.6663e-02   -4.8067e-03
  219.0    5.0584e-03    4.9369e-03    2.4623e-02    2.1693e-02
  222.0    5.7468e-03    4.9369e-03    1.6405e-01   -5.3406e-04
  225.0    5.5209e-03    4.9369e-03    1.1831e-01    6.8596e-05
  228.0    5.0681e-03    4.9369e-03    2.6585e-02   -3.2512e-03
  231.0    5.4378e-03    4.9369e-03    1.0146e-01    3.0212e-02
  19    41  13.63   72.0    1.0    0.0   ----------------------------
  111.0    5.0537e-03    4.3955e-03    1.4973e-01   -4.5857e-02
  114.0    5.1307e-03    4.3955e-03    1.6727e-01   -2.0811e-02
  117.0    4.0996e-03    4.3955e-03   -6.7329e-02   -1.8817e-04
  120.0    4.8956e-03    4.3955e-03    1.1378e-01    3.2241e-02
  123.0    4.0999e-03    4.3955e-03   -6.7248e-02    3.7311e-02
  126.0    5.1472e-03    4.3955e-03    1.7101e-01    3.7041e-02
  129.0    4.9883e-03    4.3955e-03    1.3486e-01   -1.9961e-03
  132.0    4.9183e-03    4.3955e-03    1.1894e-01    2.6812e-02
  135.0    5.9028e-03    4.3955e-03    3.4293e-01    2.6184e-02
  138.0    5.9507e-03    4.3955e-03    3.5381e-01    1.1326e-02
  141.0    4.2316e-03    4.3955e-03   -3.7282e-02   -7.2880e-03
  144.0    2.5972e-03    4.3955e-03   -4.0913e-01   -9.4223e-03
  147.0    2.2751e-03    4.3955e-03   -4.8240e-01   -2.4928e-02
  150.0    2.5316e-03    4.3955e-03   -4.2405e-01   -9.1082e-02
  153.0    3.3747e-03    4.3955e-03   -2.3223e-01   -7.3257e-02
  156.0    3.3483e-03    4.3955e-03   -2.3823e-01   -2.0920e-02
  159.0    4.1302e-03    4.3955e-03   -6.0352e-02    6.5417e-02
  162.0    5.3784e-03    4.3955e-03    2.2361e-01    3.5777e-02
  165.0    5.5582e-03    4.3955e-03    2.6451e-01    4.3288e-02
  168.0    4.4634e-03    4.3955e-03    1.5448e-02   -2.4941e-02
  171.0    4.5372e-03    4.3955e-03    3.2249e-02   -2.4014e-02
  174.0    5.1039e-03    4.3955e-03    1.6117e-01   -3.0105e-02
  177.0    4.2207e-03    4.3955e-03   -3.9764e-02    2.7130e-04
  180.0    4.7729e-03    4.3955e-03    8.5868e-02    2.5675e-02
  183.0    4.2218e-03    4.3955e-03   -3.9519e-02   -8.9069e-03
  186.0    5.1034e-03    4.3955e-03    1.6106e-01   -4.9613e-03
  189.0    4.5373e-03    4.3955e-03    3.2251e-02   -1.5606e-02
  192.0    4.4639e-03    4.3955e-03    1.5552e-02    1.7231e-02
  195.0    5.5592e-03    4.3955e-03    2.6474e-01    5.1319e-02
  198.0    5.3788e-03    4.3955e-03    2.2371e-01    7.1924e-02
  201.0    4.1292e-03    4.3955e-03   -6.0594e-02    4.2410e-02
  204.0    3.3476e-03    4.3955e-03   -2.3840e-01    1.8820e-02
  207.0    3.3735e-03    4.3955e-03   -2.3251e-01   -7.5409e-02
  210.0    2.5315e-03    4.3955e-03   -4.2407e-01   -4.3317e-02
  213.0    2.2758e-03    4.3955e-03   -4.8225e-01   -6.4748e-02
  216.0    2.5981e-03    4.3955e-03   -4.0892e-01   -1.3447e-02
  219.0    4.2303e-03    4.3955e-03   -3.7592e-02    2.1007e-02
  222.0    5.9493e-03    4.3955e-03    3.5349e-01    4.6377e-02
  225.0    5.9014e-03    4.3955e-03    3.4260e-01    2.2611e-02
  228.0    4.9178e-03    4.3955e-03    1.1882e-01   -2.8860e-02
  231.0    4.9866e-03    4.3955e-03    1.3448e-01   -7.4749e-04

fitted parameters ( nfit =  0  nfollow =  0  )

   r-factora =    0.6664   r-factorb =    0.8628

    0     0.10    174.0    4.086           general vinner tdebye lattice
    1  0.00000  0.00000  0.61400  0.61400  layer spacing length units
    2  0.53100  0.35414  0.61356  0.61356  layer spacing length units
    3  0.53100  0.00000  0.61356  0.61356  layer spacing length units
    4  0.43100  0.00000  0.70705  0.70705  layer spacing length units
    5  0.65000  0.40822  0.70705  0.70705  layer spacing length units
    6  0.75000  0.40822  0.70705  0.70705  layer spacing length units
    7  0.57562  0.00000  0.70705  0.70705  layer spacing length units
    8  0.57562  0.40822  0.70705  0.70705  layer spacing length units
                                           unit: lattice constant

   r-factora=sum((chic-chie)*(chic-chie))/(sum(chic*chic+chie*chie)
   r-factorb=sum(chic*chic-chie*chie)/sum(chic*chic+chie*chie)

This calculation took   25 processor seconds on    1 Linux Cluster
     starting on Fri Oct  9 02:36:11 2026
   and ending on Fri Oct  9 02:36:14 2026

