   223    26     0     datakind beginning-row multi-curves
-----------------------------------------------------------------
Calculation of photoelectron diffraction and dichroism
MSCD Parallel  Version 1.37 Yufeng Chen and Michel A Van Hove
Lawrence Berkeley National Laboratory (LBNL), Berkeley, CA 94720
Copyright (c) Van Hove Group 1997-1998. All rights reserved
-----------------------------------------------------------------
 angle-resolved photoemission extended fine structure (ARPEFS)
 multiple scattering calculation of Ag(111)-3d
 calculated by Guilherme (IFGW) on Oct  9, 2026

   initial angular momentum (li) = 1   msorder=  8   raorder= 4
   photon polarization angle (polar,azimuth) =(  30.0   0.0 ) (deg)

   radius, depth and lattice constant=  10.0,  15.0 and   4.09 angstrom
   cluster size= 253 atoms and spacings=  0.00  2.17  2.17  1.76 angs
   inner potential=  0.1 V  debye and sample temperature= 174, 300 K
   number of valence electrons=   9     bandgap energy=   0.00 eV
   density of bulk=   8.90 g/cm3     molecular weight=  58.93 amu
   effective weight for kind 1-2 =  107.9   58.9 amu
   half aperture angle=    1.5 deg            pathcut=     0.0050

   photoemission azimuthal scan curves
     parameters: curve point theta phi weightc weighte
     columns: phi intensity background chical chiexp
    19   779    1   19   41  779  ncurve npoint nk ntheta nphi nangle
   1    41  13.63   18.0    1.0    0.0   ----------------------------
  111.0    6.3466e-03    5.8411e-03    8.6552e-02   -1.3333e-02
  114.0    6.4022e-03    5.8411e-03    9.6061e-02   -2.6705e-02
  117.0    6.4565e-03    5.8411e-03    1.0537e-01   -1.1138e-02
  120.0    6.4658e-03    5.8411e-03    1.0696e-01    1.0988e-02
  123.0    6.4551e-03    5.8411e-03    1.0513e-01    1.5717e-02
  126.0    6.3993e-03    5.8411e-03    9.5580e-02    2.5430e-02
  129.0    6.3433e-03    5.8411e-03    8.5992e-02    5.2995e-02
  132.0    6.2626e-03    5.8411e-03    7.2171e-02    5.4504e-02
  135.0    6.1115e-03    5.8411e-03    4.6305e-02    1.1787e-02
  138.0    5.9754e-03    5.8411e-03    2.3006e-02   -2.4085e-02
  141.0    5.8207e-03    5.8411e-03   -3.4906e-03   -4.8855e-02
  144.0    5.5796e-03    5.8411e-03   -4.4759e-02   -1.4787e-02
  147.0    5.3833e-03    5.8411e-03   -7.8367e-02   -2.0491e-02
  150.0    5.3267e-03    5.8411e-03   -8.8059e-02    1.1745e-02
  153.0    5.2176e-03    5.8411e-03   -1.0674e-01   -1.5968e-02
  156.0    5.2192e-03    5.8411e-03   -1.0647e-01   -1.2477e-02
  159.0    5.3671e-03    5.8411e-03   -8.1137e-02   -4.5813e-02
  162.0    5.4400e-03    5.8411e-03   -6.8654e-02   -6.3418e-02
  165.0    5.5858e-03    5.8411e-03   -4.3703e-02   -3.7200e-02
  168.0    5.8095e-03    5.8411e-03   -5.3965e-03   -8.1792e-03
  171.0    5.9207e-03    5.8411e-03    1.3635e-02    2.6642e-02
  174.0    6.0032e-03    5.8411e-03    2.7754e-02    2.0564e-02
  177.0    6.0794e-03    5.8411e-03    4.0795e-02    3.0183e-02
  180.0    6.0684e-03    5.8411e-03    3.8916e-02    7.7510e-02
  183.0    6.0793e-03    5.8411e-03    4.0785e-02    4.6800e-02
  186.0    6.0030e-03    5.8411e-03    2.7732e-02    4.7168e-02
  189.0    5.9205e-03    5.8411e-03    1.3603e-02    1.9678e-02
  192.0    5.8095e-03    5.8411e-03   -5.3988e-03    1.9096e-02
  195.0    5.5858e-03    5.8411e-03   -4.3708e-02   -6.0049e-03
  198.0    5.4402e-03    5.8411e-03   -6.8633e-02   -3.3532e-02
  201.0    5.3674e-03    5.8411e-03   -8.1091e-02   -2.7964e-03
  204.0    5.2195e-03    5.8411e-03   -1.0642e-01   -3.5458e-02
  207.0    5.2178e-03    5.8411e-03   -1.0670e-01   -3.7249e-02
  210.0    5.3269e-03    5.8411e-03   -8.8034e-02   -6.7729e-02
  213.0    5.3833e-03    5.8411e-03   -7.8373e-02   -1.5264e-02
  216.0    5.5794e-03    5.8411e-03   -4.4794e-02   -1.5289e-02
  219.0    5.8203e-03    5.8411e-03   -3.5586e-03    3.4591e-02
  222.0    5.9750e-03    5.8411e-03    2.2927e-02    2.5457e-02
  225.0    6.1111e-03    5.8411e-03    4.6224e-02    3.3885e-02
  228.0    6.2621e-03    5.8411e-03    7.2085e-02    4.5536e-03
  231.0    6.3429e-03    5.8411e-03    8.5909e-02   -1.3528e-02
   2    41  13.63   21.0    1.0    0.0   ----------------------------
  111.0    6.3105e-03    5.9441e-03    6.1650e-02   -7.3413e-02
  114.0    6.2438e-03    5.9441e-03    5.0418e-02    1.8364e-02
  117.0    6.1912e-03    5.9441e-03    4.1573e-02    5.1760e-02
  120.0    6.1581e-03    5.9441e-03    3.6005e-02    6.3395e-02
  123.0    6.1903e-03    5.9441e-03    4.1426e-02    2.5307e-02
  126.0    6.2418e-03    5.9441e-03    5.0087e-02    2.2145e-02
  129.0    6.3074e-03    5.9441e-03    6.1113e-02    1.1997e-02
  132.0    6.3212e-03    5.9441e-03    6.3442e-02    1.2015e-02
  135.0    6.2754e-03    5.9441e-03    5.5744e-02   -7.5110e-03
  138.0    6.1295e-03    5.9441e-03    3.1187e-02   -5.9268e-02
  141.0    5.9022e-03    5.9441e-03   -7.0543e-03   -7.6990e-02
  144.0    5.6754e-03    5.9441e-03   -4.5205e-02   -6.9689e-02
  147.0    5.5109e-03    5.9441e-03   -7.2883e-02   -3.2383e-02
  150.0    5.4286e-03    5.9441e-03   -8.6727e-02   -3.9124e-02
  153.0    5.4234e-03    5.9441e-03   -8.7605e-02   -3.1160e-02
  156.0    5.4781e-03    5.9441e-03   -7.8398e-02   -1.3027e-02
  159.0    5.5930e-03    5.9441e-03   -5.9062e-02    1.0815e-02
  162.0    5.7675e-03    5.9441e-03   -2.9709e-02    2.2556e-02
  165.0    5.9040e-03    5.9441e-03   -6.7392e-03    4.8580e-02
  168.0    5.9508e-03    5.9441e-03    1.1312e-03    7.8555e-02
  171.0    6.0708e-03    5.9441e-03    2.1324e-02    6.9755e-02
  174.0    6.1400e-03    5.9441e-03    3.2951e-02    1.4306e-02
  177.0    6.2013e-03    5.9441e-03    4.3264e-02   -2.7015e-02
  180.0    6.2133e-03    5.9441e-03    4.5293e-02    2.9564e-04
  183.0    6.2012e-03    5.9441e-03    4.3252e-02   -1.2900e-02
  186.0    6.1398e-03    5.9441e-03    3.2928e-02    3.8259e-02
  189.0    6.0707e-03    5.9441e-03    2.1296e-02    3.4685e-02
  192.0    5.9508e-03    5.9441e-03    1.1287e-03    5.2255e-02
  195.0    5.9043e-03    5.9441e-03   -6.7030e-03    1.3629e-02
  198.0    5.7679e-03    5.9441e-03   -2.9644e-02    6.6550e-04
  201.0    5.5932e-03    5.9441e-03   -5.9033e-02    1.3659e-02
  204.0    5.4777e-03    5.9441e-03   -7.8469e-02   -9.9448e-03
  207.0    5.4229e-03    5.9441e-03   -8.7676e-02   -6.9394e-02
  210.0    5.4281e-03    5.9441e-03   -8.6805e-02   -9.4282e-02
  213.0    5.5105e-03    5.9441e-03   -7.2942e-02   -6.0676e-02
  216.0    5.6752e-03    5.9441e-03   -4.5234e-02   -3.0548e-02
  219.0    5.9022e-03    5.9441e-03   -7.0512e-03    1.4995e-02
  222.0    6.1297e-03    5.9441e-03    3.1222e-02   -1.6832e-03
  225.0    6.2758e-03    5.9441e-03    5.5801e-02    2.1609e-02
  228.0    6.3216e-03    5.9441e-03    6.3512e-02    1.8540e-02
  231.0    6.3078e-03    5.9441e-03    6.1186e-02    5.1096e-02
   3    41  13.63   24.0    1.0    0.0   ----------------------------
  111.0    7.1237e-03    6.3796e-03    1.1663e-01   -1.2490e-02
  114.0    6.9363e-03    6.3796e-03    8.7268e-02   -3.7491e-03
  117.0    6.7331e-03    6.3796e-03    5.5417e-02    8.2344e-03
  120.0    6.6619e-03    6.3796e-03    4.4246e-02    2.8238e-02
  123.0    6.7336e-03    6.3796e-03    5.5487e-02    1.0912e-02
  126.0    6.9344e-03    6.3796e-03    8.6968e-02    1.0955e-03
  129.0    7.1202e-03    6.3796e-03    1.1609e-01    6.1878e-03
  132.0    7.1530e-03    6.3796e-03    1.2124e-01    3.4016e-02
  135.0    7.0996e-03    6.3796e-03    1.1286e-01    4.1323e-02
  138.0    6.8622e-03    6.3796e-03    7.5641e-02   -1.7176e-03
  141.0    6.4805e-03    6.3796e-03    1.5818e-02   -5.2437e-02
  144.0    6.0910e-03    6.3796e-03   -4.5232e-02   -7.5042e-02
  147.0    5.7798e-03    6.3796e-03   -9.4015e-02   -5.9561e-02
  150.0    5.5899e-03    6.3796e-03   -1.2379e-01   -3.3071e-02
  153.0    5.5986e-03    6.3796e-03   -1.2242e-01   -3.7705e-02
  156.0    5.6383e-03    6.3796e-03   -1.1620e-01   -1.3808e-02
  159.0    5.8106e-03    6.3796e-03   -8.9194e-02   -3.6766e-03
  162.0    6.0255e-03    6.3796e-03   -5.5502e-02    2.5569e-02
  165.0    6.2678e-03    6.3796e-03   -1.7527e-02    1.2107e-02
  168.0    6.3646e-03    6.3796e-03   -2.3504e-03    1.1047e-02
  171.0    6.4398e-03    6.3796e-03    9.4411e-03    2.0907e-02
  174.0    6.4064e-03    6.3796e-03    4.1956e-03    4.0032e-02
  177.0    6.3398e-03    6.3796e-03   -6.2380e-03    5.1903e-02
  180.0    6.3037e-03    6.3796e-03   -1.1896e-02    6.6655e-02
  183.0    6.3396e-03    6.3796e-03   -6.2734e-03    4.9621e-02
  186.0    6.4062e-03    6.3796e-03    4.1618e-03    4.4424e-02
  189.0    6.4399e-03    6.3796e-03    9.4541e-03    3.1874e-03
  192.0    6.3651e-03    6.3796e-03   -2.2787e-03    5.5329e-03
  195.0    6.2682e-03    6.3796e-03   -1.7468e-02   -1.3050e-02
  198.0    6.0254e-03    6.3796e-03   -5.5528e-02   -3.5530e-03
  201.0    5.8101e-03    6.3796e-03   -8.9268e-02   -3.3395e-02
  204.0    5.6377e-03    6.3796e-03   -1.1629e-01   -5.9305e-02
  207.0    5.5980e-03    6.3796e-03   -1.2252e-01   -8.9953e-02
  210.0    5.5900e-03    6.3796e-03   -1.2377e-01   -5.4632e-02
  213.0    5.7800e-03    6.3796e-03   -9.3987e-02   -4.5909e-02
  216.0    6.0918e-03    6.3796e-03   -4.5106e-02   -1.0786e-02
  219.0    6.4813e-03    6.3796e-03    1.5936e-02   -5.8877e-03
  222.0    6.8625e-03    6.3796e-03    7.5688e-02    7.6230e-02
  225.0    7.0998e-03    6.3796e-03    1.1289e-01    8.7268e-02
  228.0    7.1532e-03    6.3796e-03    1.2127e-01    4.8655e-02
  231.0    7.1206e-03    6.3796e-03    1.1616e-01   -6.3132e-02
   4    41  13.63   27.0    1.0    0.0   ----------------------------
  111.0    7.8300e-03    7.0893e-03    1.0449e-01    2.4692e-02
  114.0    7.6259e-03    7.0893e-03    7.5702e-02   -1.9055e-03
  117.0    7.4605e-03    7.0893e-03    5.2370e-02    2.6585e-03
  120.0    7.4143e-03    7.0893e-03    4.5853e-02   -2.3271e-03
  123.0    7.4601e-03    7.0893e-03    5.2305e-02    1.8172e-02
  126.0    7.6259e-03    7.0893e-03    7.5696e-02   -1.2133e-02
  129.0    7.8280e-03    7.0893e-03    1.0421e-01   -1.4493e-03
  132.0    7.9273e-03    7.0893e-03    1.1821e-01   -4.7537e-03
  135.0    8.0251e-03    7.0893e-03    1.3201e-01    1.7658e-02
  138.0    7.8579e-03    7.0893e-03    1.0843e-01    1.9383e-03
  141.0    7.4674e-03    7.0893e-03    5.3332e-02   -2.0774e-02
  144.0    6.8580e-03    7.0893e-03   -3.2617e-02   -1.8127e-02
  147.0    6.2088e-03    7.0893e-03   -1.2419e-01   -3.3409e-02
  150.0    5.7729e-03    7.0893e-03   -1.8568e-01   -3.8623e-02
  153.0    5.7173e-03    7.0893e-03   -1.9353e-01   -8.6046e-02
  156.0    5.8860e-03    7.0893e-03   -1.6973e-01   -6.4417e-02
  159.0    6.2336e-03    7.0893e-03   -1.2070e-01   -2.8085e-03
  162.0    6.6063e-03    7.0893e-03   -6.8132e-02    5.7834e-02
  165.0    6.9100e-03    7.0893e-03   -2.5293e-02    7.5508e-02
  168.0    7.1266e-03    7.0893e-03    5.2693e-03    7.6232e-02
  171.0    7.3260e-03    7.0893e-03    3.3399e-02    4.3822e-02
  174.0    7.4582e-03    7.0893e-03    5.2041e-02    3.0243e-02
  177.0    7.5987e-03    7.0893e-03    7.1856e-02   -2.2376e-02
  180.0    7.6234e-03    7.0893e-03    7.5339e-02   -2.2643e-02
  183.0    7.5985e-03    7.0893e-03    7.1825e-02    5.3222e-03
  186.0    7.4580e-03    7.0893e-03    5.2019e-02    6.6250e-03
  189.0    7.3279e-03    7.0893e-03    3.3666e-02    4.4753e-02
  192.0    7.1269e-03    7.0893e-03    5.3053e-03    2.9540e-02
  195.0    6.9100e-03    7.0893e-03   -2.5281e-02    3.9787e-02
  198.0    6.6059e-03    7.0893e-03   -6.8176e-02    2.5561e-02
  201.0    6.2332e-03    7.0893e-03   -1.2076e-01   -1.4008e-02
  204.0    5.8860e-03    7.0893e-03   -1.6973e-01   -4.4771e-03
  207.0    5.7177e-03    7.0893e-03   -1.9347e-01   -5.3857e-02
  210.0    5.7737e-03    7.0893e-03   -1.8557e-01   -7.3017e-02
  213.0    6.2097e-03    7.0893e-03   -1.2407e-01   -8.9817e-02
  216.0    6.8586e-03    7.0893e-03   -3.2544e-02   -5.8950e-02
  219.0    7.4675e-03    7.0893e-03    5.3346e-02    4.3706e-03
  222.0    7.8578e-03    7.0893e-03    1.0840e-01    1.5420e-02
  225.0    8.0249e-03    7.0893e-03    1.3197e-01    2.7836e-02
  228.0    7.9273e-03    7.0893e-03    1.1821e-01    2.4525e-02
  231.0    7.8282e-03    7.0893e-03    1.0423e-01    5.3769e-02
   5    41  13.63   30.0    1.0    0.0   ----------------------------
  111.0    8.1752e-03    7.7211e-03    5.8818e-02   -2.5039e-02
  114.0    7.6878e-03    7.7211e-03   -4.3149e-03   -3.7031e-03
  117.0    7.4223e-03    7.7211e-03   -3.8695e-02    7.7065e-03
  120.0    7.3416e-03    7.7211e-03   -4.9147e-02    4.2303e-03
  123.0    7.4217e-03    7.7211e-03   -3.8774e-02    1.2450e-02
  126.0    7.7240e-03    7.7211e-03    3.7670e-04    1.0414e-02
  129.0    8.1720e-03    7.7211e-03    5.8402e-02    1.7261e-02
  132.0    8.5091e-03    7.7211e-03    1.0207e-01    2.8846e-02
  135.0    8.7575e-03    7.7211e-03    1.3423e-01    4.3241e-02
  138.0    8.7039e-03    7.7211e-03    1.2728e-01    4.2917e-02
  141.0    8.2448e-03    7.7211e-03    6.7828e-02    7.0368e-03
  144.0    7.4317e-03    7.7211e-03   -3.7485e-02   -3.7225e-02
  147.0    6.5516e-03    7.7211e-03   -1.5146e-01   -8.0628e-02
  150.0    6.1228e-03    7.7211e-03   -2.0700e-01   -7.3895e-02
  153.0    5.9504e-03    7.7211e-03   -2.2933e-01   -6.6122e-02
  156.0    6.4757e-03    7.7211e-03   -1.6130e-01   -3.3449e-02
  159.0    7.1146e-03    7.7211e-03   -7.8544e-02   -9.4586e-03
  162.0    7.7192e-03    7.7211e-03   -2.4301e-04    2.7946e-02
  165.0    7.9899e-03    7.7211e-03    3.4814e-02    2.0426e-02
  168.0    8.1172e-03    7.7211e-03    5.1300e-02    1.6024e-02
  171.0    8.1929e-03    7.7211e-03    6.1113e-02    1.2007e-02
  174.0    8.4102e-03    7.7211e-03    8.9246e-02    2.7507e-02
  177.0    8.5783e-03    7.7211e-03    1.1102e-01    2.6511e-02
  180.0    8.7075e-03    7.7211e-03    1.2775e-01    1.3554e-02
  183.0    8.5779e-03    7.7211e-03    1.1097e-01    1.0916e-02
  186.0    8.4100e-03    7.7211e-03    8.9224e-02    1.5062e-02
  189.0    8.1934e-03    7.7211e-03    6.1170e-02    2.5573e-02
  192.0    8.1177e-03    7.7211e-03    5.1371e-02    3.8724e-02
  195.0    7.9896e-03    7.7211e-03    3.4780e-02    4.7334e-02
  198.0    7.7183e-03    7.7211e-03   -3.5501e-04    3.4943e-02
  201.0    7.1139e-03    7.7211e-03   -7.8639e-02    1.6305e-02
  204.0    6.4757e-03    7.7211e-03   -1.6130e-01   -2.7231e-02
  207.0    5.9511e-03    7.7211e-03   -2.2924e-01   -6.2070e-02
  210.0    6.1234e-03    7.7211e-03   -2.0692e-01   -8.4085e-02
  213.0    6.5516e-03    7.7211e-03   -1.5147e-01   -6.7745e-02
  216.0    7.4310e-03    7.7211e-03   -3.7570e-02   -3.5937e-02
  219.0    8.2442e-03    7.7211e-03    6.7748e-02    3.7936e-03
  222.0    8.7037e-03    7.7211e-03    1.2727e-01    1.3640e-02
  225.0    8.7578e-03    7.7211e-03    1.3428e-01    3.8415e-02
  228.0    8.5101e-03    7.7211e-03    1.0218e-01    2.7588e-02
  231.0    8.1731e-03    7.7211e-03    5.8547e-02    1.6307e-02
   6    41  13.63   33.0    1.0    0.0   ----------------------------
  111.0    7.9974e-03    7.5205e-03    6.3401e-02    9.4909e-03
  114.0    7.5870e-03    7.5205e-03    8.8322e-03   -2.1051e-02
  117.0    7.1826e-03    7.5205e-03   -4.4930e-02   -7.7975e-03
  120.0    6.9317e-03    7.5205e-03   -7.8297e-02    1.4761e-02
  123.0    7.1832e-03    7.5205e-03   -4.4852e-02    4.2367e-02
  126.0    7.6252e-03    7.5205e-03    1.3918e-02    3.3946e-02
  129.0    7.9996e-03    7.5205e-03    6.3702e-02    3.4094e-02
  132.0    8.3530e-03    7.5205e-03    1.1069e-01   -1.3862e-03
  135.0    8.3247e-03    7.5205e-03    1.0693e-01   -1.1130e-02
  138.0    8.1305e-03    7.5205e-03    8.1106e-02   -3.2220e-02
  141.0    7.5290e-03    7.5205e-03    1.1226e-03   -1.5164e-02
  144.0    6.7936e-03    7.5205e-03   -9.6658e-02   -5.1957e-02
  147.0    6.2747e-03    7.5205e-03   -1.6566e-01   -5.9681e-02
  150.0    5.8635e-03    7.5205e-03   -2.2034e-01   -6.8588e-02
  153.0    5.8083e-03    7.5205e-03   -2.2768e-01   -3.8589e-02
  156.0    6.1728e-03    7.5205e-03   -1.7921e-01   -6.3267e-03
  159.0    6.9562e-03    7.5205e-03   -7.5045e-02    4.8693e-03
  162.0    7.6384e-03    7.5205e-03    1.5665e-02    9.8899e-03
  165.0    7.9619e-03    7.5205e-03    5.8680e-02    2.0725e-02
  168.0    8.1884e-03    7.5205e-03    8.8809e-02    1.4746e-02
  171.0    8.2628e-03    7.5205e-03    9.8701e-02    3.7918e-02
  174.0    8.4858e-03    7.5205e-03    1.2835e-01    2.8539e-02
  177.0    8.7476e-03    7.5205e-03    1.6316e-01    4.7724e-02
  180.0    8.8506e-03    7.5205e-03    1.7686e-01    4.3469e-02
  183.0    8.7478e-03    7.5205e-03    1.6319e-01    5.1377e-02
  186.0    8.4858e-03    7.5205e-03    1.2834e-01    4.3641e-02
  189.0    8.2628e-03    7.5205e-03    9.8691e-02    2.8613e-02
  192.0    8.1886e-03    7.5205e-03    8.8835e-02    2.4612e-02
  195.0    7.9617e-03    7.5205e-03    5.8663e-02    1.4749e-02
  198.0    7.6378e-03    7.5205e-03    1.5591e-02   -3.5443e-03
  201.0    6.9562e-03    7.5205e-03   -7.5046e-02   -2.6282e-02
  204.0    6.1737e-03    7.5205e-03   -1.7909e-01   -4.6665e-02
  207.0    5.8094e-03    7.5205e-03   -2.2754e-01   -5.0691e-02
  210.0    5.8638e-03    7.5205e-03   -2.2029e-01   -6.4202e-02
  213.0    6.2744e-03    7.5205e-03   -1.6570e-01   -6.1280e-02
  216.0    6.7934e-03    7.5205e-03   -9.6688e-02   -4.6884e-02
  219.0    7.5294e-03    7.5205e-03    1.1797e-03   -2.3413e-02
  222.0    8.1315e-03    7.5205e-03    8.1238e-02    3.3600e-03
  225.0    8.3256e-03    7.5205e-03    1.0704e-01    3.1216e-02
  228.0    8.3532e-03    7.5205e-03    1.1071e-01    4.9272e-02
  231.0    7.9990e-03    7.5205e-03    6.3618e-02    4.7860e-02
   7    41  13.63   36.0    1.0    0.0   ----------------------------
  111.0    7.6364e-03    6.8190e-03    1.1987e-01    2.5849e-02
  114.0    7.2907e-03    6.8190e-03    6.9175e-02    4.0106e-03
  117.0    6.7637e-03    6.8190e-03   -8.1153e-03   -1.0516e-02
  120.0    6.5074e-03    6.8190e-03   -4.5700e-02   -8.2474e-03
  123.0    6.7677e-03    6.8190e-03   -7.5297e-03   -7.2891e-03
  126.0    7.2956e-03    6.8190e-03    6.9888e-02    1.5227e-02
  129.0    7.6395e-03    6.8190e-03    1.2032e-01    3.3361e-02
  132.0    7.4548e-03    6.8190e-03    9.3233e-02    2.9180e-02
  135.0    7.2293e-03    6.8190e-03    6.0176e-02   -5.0403e-04
  138.0    6.8061e-03    6.8190e-03   -1.8882e-03   -2.2137e-02
  141.0    6.4453e-03    6.8190e-03   -5.4809e-02   -2.8610e-02
  144.0    6.0881e-03    6.8190e-03   -1.0719e-01   -2.9272e-02
  147.0    5.7536e-03    6.8190e-03   -1.5625e-01   -2.4359e-02
  150.0    5.6966e-03    6.8190e-03   -1.6460e-01   -4.1173e-02
  153.0    5.4422e-03    6.8190e-03   -2.0191e-01   -6.5249e-02
  156.0    5.5861e-03    6.8190e-03   -1.8080e-01   -7.1382e-02
  159.0    6.0152e-03    6.8190e-03   -1.1787e-01   -5.7281e-02
  162.0    6.5529e-03    6.8190e-03   -3.9030e-02   -1.4044e-02
  165.0    7.1869e-03    6.8190e-03    5.3953e-02    2.0593e-02
  168.0    7.4487e-03    6.8190e-03    9.2352e-02    6.5874e-02
  171.0    7.7640e-03    6.8190e-03    1.3858e-01    8.3510e-02
  174.0    7.8248e-03    6.8190e-03    1.4751e-01    9.7499e-02
  177.0    7.8476e-03    6.8190e-03    1.5084e-01    6.7722e-02
  180.0    7.7589e-03    6.8190e-03    1.3783e-01    6.3434e-02
  183.0    7.8475e-03    6.8190e-03    1.5083e-01    4.0195e-02
  186.0    7.8246e-03    6.8190e-03    1.4747e-01    2.5301e-02
  189.0    7.7641e-03    6.8190e-03    1.3861e-01    9.2320e-03
  192.0    7.4493e-03    6.8190e-03    9.2435e-02    1.4814e-03
  195.0    7.1871e-03    6.8190e-03    5.3981e-02   -2.0484e-02
  198.0    6.5523e-03    6.8190e-03   -3.9118e-02   -3.5781e-02
  201.0    6.0148e-03    6.8190e-03   -1.1793e-01   -4.3690e-02
  204.0    5.5866e-03    6.8190e-03   -1.8073e-01   -3.6224e-02
  207.0    5.4426e-03    6.8190e-03   -2.0185e-01   -3.3061e-02
  210.0    5.6963e-03    6.8190e-03   -1.6465e-01   -5.2335e-02
  213.0    5.7528e-03    6.8190e-03   -1.5635e-01   -3.4788e-02
  216.0    6.0877e-03    6.8190e-03   -1.0725e-01   -3.1433e-02
  219.0    6.4454e-03    6.8190e-03   -5.4789e-02   -2.6089e-02
  222.0    6.8059e-03    6.8190e-03   -1.9173e-03   -1.1739e-02
  225.0    7.2288e-03    6.8190e-03    6.0092e-02    1.5708e-02
  228.0    7.4535e-03    6.8190e-03    9.3054e-02    5.0599e-02
  231.0    7.6378e-03    6.8190e-03    1.2007e-01    5.7604e-02
   8    41  13.63   39.0    1.0    0.0   ----------------------------
  111.0    6.9076e-03    6.4469e-03    7.1465e-02    1.7847e-02
  114.0    7.4361e-03    6.4469e-03    1.5343e-01   -9.3399e-03
  117.0    7.7701e-03    6.4469e-03    2.0525e-01   -1.6765e-02
  120.0    7.9431e-03    6.4469e-03    2.3208e-01    1.8341e-02
  123.0    7.7727e-03    6.4469e-03    2.0565e-01    3.0571e-02
  126.0    7.4407e-03    6.4469e-03    1.5414e-01    2.4047e-02
  129.0    6.9127e-03    6.4469e-03    7.2253e-02    2.1677e-02
  132.0    6.2656e-03    6.4469e-03   -2.8128e-02    2.9775e-03
  135.0    5.7202e-03    6.4469e-03   -1.1273e-01   -1.3795e-02
  138.0    5.6838e-03    6.4469e-03   -1.1836e-01   -3.6654e-02
  141.0    5.7779e-03    6.4469e-03   -1.0378e-01   -4.3589e-02
  144.0    6.0120e-03    6.4469e-03   -6.7455e-02   -9.9646e-03
  147.0    6.1176e-03    6.4469e-03   -5.1084e-02   -1.3753e-02
  150.0    5.8173e-03    6.4469e-03   -9.7661e-02   -1.0269e-02
  153.0    5.5045e-03    6.4469e-03   -1.4619e-01   -5.6565e-02
  156.0    5.2519e-03    6.4469e-03   -1.8536e-01   -5.7653e-02
  159.0    5.2047e-03    6.4469e-03   -1.9268e-01   -7.1992e-02
  162.0    5.5783e-03    6.4469e-03   -1.3473e-01   -3.5269e-02
  165.0    6.0648e-03    6.4469e-03   -5.9264e-02   -1.0877e-02
  168.0    6.6087e-03    6.4469e-03    2.5094e-02    1.1352e-02
  171.0    7.1192e-03    6.4469e-03    1.0428e-01    5.1463e-02
  174.0    7.6879e-03    6.4469e-03    1.9249e-01    9.3086e-02
  177.0    8.0934e-03    6.4469e-03    2.5540e-01    1.2506e-01
  180.0    8.2161e-03    6.4469e-03    2.7442e-01    1.0631e-01
  183.0    8.0934e-03    6.4469e-03    2.5540e-01    7.5735e-02
  186.0    7.6878e-03    6.4469e-03    1.9248e-01    3.6145e-02
  189.0    7.1193e-03    6.4469e-03    1.0430e-01    2.6449e-02
  192.0    6.6087e-03    6.4469e-03    2.5088e-02    1.5969e-02
  195.0    6.0647e-03    6.4469e-03   -5.9281e-02   -1.1287e-02
  198.0    5.5778e-03    6.4469e-03   -1.3482e-01   -4.4351e-02
  201.0    5.2045e-03    6.4469e-03   -1.9272e-01   -6.9664e-02
  204.0    5.2525e-03    6.4469e-03   -1.8526e-01   -6.2000e-02
  207.0    5.5051e-03    6.4469e-03   -1.4608e-01   -5.6913e-02
  210.0    5.8173e-03    6.4469e-03   -9.7662e-02   -5.4021e-02
  213.0    6.1172e-03    6.4469e-03   -5.1139e-02   -4.3780e-02
  216.0    6.0123e-03    6.4469e-03   -6.7409e-02   -3.1164e-02
  219.0    5.7784e-03    6.4469e-03   -1.0369e-01   -2.1344e-02
  222.0    5.6842e-03    6.4469e-03   -1.1831e-01   -3.0451e-03
  225.0    5.7198e-03    6.4469e-03   -1.1279e-01    1.3533e-02
  228.0    6.2636e-03    6.4469e-03   -2.8427e-02    4.0257e-02
  231.0    6.9096e-03    6.4469e-03    7.1777e-02    7.3877e-02
   9    41  13.63   42.0    1.0    0.0   ----------------------------
  111.0    5.9483e-03    6.0458e-03   -1.6133e-02   -5.5523e-02
  114.0    7.1879e-03    6.0458e-03    1.8891e-01   -6.9952e-03
  117.0    7.9866e-03    6.0458e-03    3.2102e-01    3.4766e-02
  120.0    8.3086e-03    6.0458e-03    3.7428e-01    6.2760e-02
  123.0    7.9838e-03    6.0458e-03    3.2055e-01    6.0475e-02
  126.0    7.1874e-03    6.0458e-03    1.8882e-01    2.5757e-02
  129.0    5.9476e-03    6.0458e-03   -1.6250e-02   -4.2905e-03
  132.0    4.9643e-03    6.0458e-03   -1.7889e-01   -4.4725e-02
  135.0    4.5450e-03    6.0458e-03   -2.4823e-01   -3.9915e-02
  138.0    4.8001e-03    6.0458e-03   -2.0604e-01   -5.1954e-02
  141.0    5.4357e-03    6.0458e-03   -1.0092e-01   -2.5289e-02
  144.0    6.1452e-03    6.0458e-03    1.6446e-02   -3.1381e-03
  147.0    6.5418e-03    6.0458e-03    8.2045e-02    2.3573e-02
  150.0    6.5753e-03    6.0458e-03    8.7577e-02    3.1621e-02
  153.0    6.0644e-03    6.0458e-03    3.0839e-03    8.0494e-03
  156.0    5.3363e-03    6.0458e-03   -1.1735e-01   -1.2051e-02
  159.0    4.8308e-03    6.0458e-03   -2.0096e-01   -4.4419e-02
  162.0    4.5718e-03    6.0458e-03   -2.4381e-01   -6.8277e-02
  165.0    4.7578e-03    6.0458e-03   -2.1304e-01   -7.4540e-02
  168.0    5.2600e-03    6.0458e-03   -1.2998e-01   -5.4030e-02
  171.0    6.1507e-03    6.0458e-03    1.7347e-02   -7.9013e-04
  174.0    7.3400e-03    6.0458e-03    2.1407e-01    5.0250e-02
  177.0    8.1355e-03    6.0458e-03    3.4564e-01    9.8171e-02
  180.0    8.4759e-03    6.0458e-03    4.0195e-01    1.2273e-01
  183.0    8.1361e-03    6.0458e-03    3.4575e-01    1.1448e-01
  186.0    7.3396e-03    6.0458e-03    2.1400e-01    7.0593e-02
  189.0    6.1504e-03    6.0458e-03    1.7301e-02    1.3646e-02
  192.0    5.2601e-03    6.0458e-03   -1.2995e-01   -2.5541e-02
  195.0    4.7580e-03    6.0458e-03   -2.1300e-01   -5.1623e-02
  198.0    4.5719e-03    6.0458e-03   -2.4380e-01   -5.9106e-02
  201.0    4.8305e-03    6.0458e-03   -2.0101e-01   -6.3265e-02
  204.0    5.3367e-03    6.0458e-03   -1.1729e-01   -3.3498e-02
  207.0    6.0649e-03    6.0458e-03    3.1668e-03   -1.5428e-02
  210.0    6.5746e-03    6.0458e-03    8.7469e-02    4.5335e-03
  213.0    6.5407e-03    6.0458e-03    8.1852e-02   -1.7918e-03
  216.0    6.1449e-03    6.0458e-03    1.6391e-02   -1.7471e-02
  219.0    5.4359e-03    6.0458e-03   -1.0088e-01   -2.2091e-02
  222.0    4.8001e-03    6.0458e-03   -2.0604e-01   -1.7417e-02
  225.0    4.5447e-03    6.0458e-03   -2.4828e-01    4.5348e-03
  228.0    4.9631e-03    6.0458e-03   -1.7908e-01    2.6046e-02
  231.0    5.9446e-03    6.0458e-03   -1.6746e-02    4.1364e-02
  10    41  13.63   45.0    1.0    0.0   ----------------------------
  111.0    5.2440e-03    5.7091e-03   -8.1464e-02   -5.1333e-02
  114.0    6.5028e-03    5.7091e-03    1.3902e-01   -4.8680e-03
  117.0    7.6519e-03    5.7091e-03    3.4029e-01    5.2641e-02
  120.0    7.9564e-03    5.7091e-03    3.9363e-01    5.7244e-02
  123.0    7.6563e-03    5.7091e-03    3.4106e-01    7.3831e-02
  126.0    6.4998e-03    5.7091e-03    1.3849e-01    1.2707e-02
  129.0    5.2331e-03    5.7091e-03   -8.3385e-02   -2.1424e-02
  132.0    4.5357e-03    5.7091e-03   -2.0554e-01   -8.5646e-02
  135.0    4.3694e-03    5.7091e-03   -2.3466e-01   -7.2264e-02
  138.0    4.8150e-03    5.7091e-03   -1.5662e-01   -4.5088e-02
  141.0    5.4571e-03    5.7091e-03   -4.4149e-02    2.6317e-03
  144.0    6.1652e-03    5.7091e-03    7.9892e-02    1.6458e-02
  147.0    6.7739e-03    5.7091e-03    1.8650e-01    2.8378e-02
  150.0    7.0026e-03    5.7091e-03    2.2656e-01    2.3871e-02
  153.0    6.4187e-03    5.7091e-03    1.2429e-01    5.3816e-03
  156.0    5.5058e-03    5.7091e-03   -3.5618e-02   -1.9821e-02
  159.0    4.7940e-03    5.7091e-03   -1.6029e-01   -4.5555e-02
  162.0    4.2671e-03    5.7091e-03   -2.5258e-01   -3.2011e-02
  165.0    3.8801e-03    5.7091e-03   -3.2037e-01   -3.1929e-02
  168.0    4.1860e-03    5.7091e-03   -2.6679e-01    7.8895e-03
  171.0    5.0887e-03    5.7091e-03   -1.0868e-01    2.0971e-02
  174.0    6.3981e-03    5.7091e-03    1.2068e-01    5.5909e-02
  177.0    7.4718e-03    5.7091e-03    3.0874e-01    4.6220e-02
  180.0    7.8357e-03    5.7091e-03    3.7249e-01    5.9292e-02
  183.0    7.4720e-03    5.7091e-03    3.0878e-01    6.3894e-02
  186.0    6.3977e-03    5.7091e-03    1.2061e-01    5.8331e-02
  189.0    5.0886e-03    5.7091e-03   -1.0869e-01    3.0771e-02
  192.0    4.1863e-03    5.7091e-03   -2.6674e-01   -3.4532e-02
  195.0    3.8802e-03    5.7091e-03   -3.2035e-01   -5.9524e-02
  198.0    4.2670e-03    5.7091e-03   -2.5260e-01   -8.2028e-02
  201.0    4.7936e-03    5.7091e-03   -1.6036e-01   -5.1364e-02
  204.0    5.5065e-03    5.7091e-03   -3.5498e-02   -2.1167e-02
  207.0    6.4202e-03    5.7091e-03    1.2455e-01    1.8470e-03
  210.0    7.0030e-03    5.7091e-03    2.2663e-01    1.8783e-02
  213.0    6.7738e-03    5.7091e-03    1.8648e-01    1.4107e-02
  216.0    6.1654e-03    5.7091e-03    7.9919e-02    9.9425e-03
  219.0    5.4573e-03    5.7091e-03   -4.4114e-02   -8.5234e-03
  222.0    4.8150e-03    5.7091e-03   -1.5662e-01   -2.4272e-02
  225.0    4.3695e-03    5.7091e-03   -2.3464e-01   -2.9116e-02
  228.0    4.5361e-03    5.7091e-03   -2.0546e-01   -2.0694e-03
  231.0    5.2330e-03    5.7091e-03   -8.3393e-02    6.1597e-02
  11    41  13.63   48.0    1.0    0.0   ----------------------------
  111.0    6.0576e-03    5.9601e-03    1.6360e-02   -5.5145e-02
  114.0    6.9212e-03    5.9601e-03    1.6125e-01    1.0323e-03
  117.0    7.7887e-03    5.9601e-03    3.0680e-01    4.1790e-02
  120.0    7.8987e-03    5.9601e-03    3.2527e-01    5.9876e-02
  123.0    7.7740e-03    5.9601e-03    3.0434e-01    4.4919e-02
  126.0    6.9158e-03    5.9601e-03    1.6035e-01    2.4345e-02
  129.0    6.0639e-03    5.9601e-03    1.7415e-02   -2.5239e-03
  132.0    5.4756e-03    5.9601e-03   -8.1296e-02   -2.8956e-02
  135.0    5.0626e-03    5.9601e-03   -1.5059e-01   -3.5614e-02
  138.0    5.1838e-03    5.9601e-03   -1.3025e-01   -2.8166e-02
  141.0    5.7529e-03    5.9601e-03   -3.4768e-02   -2.3371e-02
  144.0    6.1845e-03    5.9601e-03    3.7652e-02   -2.6761e-02
  147.0    6.2188e-03    5.9601e-03    4.3397e-02   -1.9742e-02
  150.0    6.2299e-03    5.9601e-03    4.5270e-02   -2.5240e-02
  153.0    6.0851e-03    5.9601e-03    2.0961e-02   -4.2170e-02
  156.0    5.7677e-03    5.9601e-03   -3.2286e-02   -4.0370e-02
  159.0    5.2786e-03    5.9601e-03   -1.1435e-01   -2.6106e-02
  162.0    4.5510e-03    5.9601e-03   -2.3642e-01   -9.5315e-04
  165.0    4.1668e-03    5.9601e-03   -3.0089e-01   -3.0074e-03
  168.0    4.8255e-03    5.9601e-03   -1.9037e-01    1.3310e-02
  171.0    5.8892e-03    5.9601e-03   -1.1903e-02    4.1871e-02
  174.0    6.9047e-03    5.9601e-03    1.5848e-01    8.4753e-02
  177.0    7.3007e-03    5.9601e-03    2.2492e-01    9.7467e-02
  180.0    7.1246e-03    5.9601e-03    1.9537e-01    8.4553e-02
  183.0    7.3000e-03    5.9601e-03    2.2480e-01    6.5259e-02
  186.0    6.9053e-03    5.9601e-03    1.5858e-01    2.9383e-02
  189.0    5.8891e-03    5.9601e-03   -1.1923e-02   -4.2236e-03
  192.0    4.8254e-03    5.9601e-03   -1.9039e-01   -4.1122e-02
  195.0    4.1671e-03    5.9601e-03   -3.0083e-01   -5.3725e-02
  198.0    4.5515e-03    5.9601e-03   -2.3633e-01   -4.0821e-02
  201.0    5.2787e-03    5.9601e-03   -1.1433e-01   -4.5094e-02
  204.0    5.7679e-03    5.9601e-03   -3.2253e-02   -4.7214e-02
  207.0    6.0861e-03    5.9601e-03    2.1139e-02   -3.8709e-02
  210.0    6.2309e-03    5.9601e-03    4.5423e-02   -1.9988e-02
  213.0    6.2185e-03    5.9601e-03    4.3356e-02    1.6120e-03
  216.0    6.1839e-03    5.9601e-03    3.7538e-02    2.2071e-03
  219.0    5.7528e-03    5.9601e-03   -3.4778e-02   -4.8838e-03
  222.0    5.1848e-03    5.9601e-03   -1.3009e-01    1.3877e-02
  225.0    5.0632e-03    5.9601e-03   -1.5049e-01    3.2935e-04
  228.0    5.4749e-03    5.9601e-03   -8.1407e-02    1.7028e-02
  231.0    6.0630e-03    5.9601e-03    1.7260e-02    3.0666e-02
  12    41  13.63   51.0    1.0    0.0   ----------------------------
  111.0    5.8225e-03    6.1409e-03   -5.1860e-02   -6.4633e-02
  114.0    6.8904e-03    6.1409e-03    1.2205e-01   -1.4734e-02
  117.0    7.4287e-03    6.1409e-03    2.0970e-01    4.6329e-02
  120.0    7.3689e-03    6.1409e-03    1.9996e-01    8.8661e-02
  123.0    7.4385e-03    6.1409e-03    2.1130e-01    6.7248e-02
  126.0    6.8650e-03    6.1409e-03    1.1791e-01    1.8602e-02
  129.0    5.8253e-03    6.1409e-03   -5.1406e-02   -3.8811e-02
  132.0    5.3520e-03    6.1409e-03   -1.2847e-01   -6.0861e-02
  135.0    5.3014e-03    6.1409e-03   -1.3672e-01   -7.1684e-02
  138.0    5.2858e-03    6.1409e-03   -1.3925e-01   -5.4671e-02
  141.0    5.7238e-03    6.1409e-03   -6.7926e-02   -3.3815e-02
  144.0    6.4313e-03    6.1409e-03    4.7286e-02    1.8026e-02
  147.0    7.0317e-03    6.1409e-03    1.4506e-01    3.9391e-02
  150.0    7.3814e-03    6.1409e-03    2.0200e-01    4.7117e-02
  153.0    6.8205e-03    6.1409e-03    1.1066e-01    2.5533e-02
  156.0    6.2420e-03    6.1409e-03    1.6465e-02    3.2233e-02
  159.0    5.7079e-03    6.1409e-03   -7.0517e-02    2.0664e-02
  162.0    5.2052e-03    6.1409e-03   -1.5237e-01    5.0497e-03
  165.0    4.8914e-03    6.1409e-03   -2.0348e-01   -3.4795e-02
  168.0    5.0338e-03    6.1409e-03   -1.8030e-01   -3.9579e-02
  171.0    5.7627e-03    6.1409e-03   -6.1591e-02   -4.5172e-02
  174.0    6.7540e-03    6.1409e-03    9.9834e-02   -2.2517e-02
  177.0    6.8959e-03    6.1409e-03    1.2294e-01   -4.5389e-03
  180.0    6.6725e-03    6.1409e-03    8.6557e-02    3.2704e-02
  183.0    6.8954e-03    6.1409e-03    1.2286e-01    3.8203e-02
  186.0    6.7548e-03    6.1409e-03    9.9967e-02    3.1283e-02
  189.0    5.7626e-03    6.1409e-03   -6.1616e-02   -2.9217e-03
  192.0    5.0333e-03    6.1409e-03   -1.8037e-01   -5.9339e-03
  195.0    4.8916e-03    6.1409e-03   -2.0345e-01   -4.1661e-03
  198.0    5.2059e-03    6.1409e-03   -1.5226e-01   -3.7413e-03
  201.0    5.7087e-03    6.1409e-03   -7.0384e-02   -7.2932e-03
  204.0    6.2422e-03    6.1409e-03    1.6483e-02    1.5785e-02
  207.0    6.8212e-03    6.1409e-03    1.1078e-01    1.3026e-02
  210.0    7.3812e-03    6.1409e-03    2.0197e-01    1.3144e-02
  213.0    7.0290e-03    6.1409e-03    1.4462e-01   -2.4487e-02
  216.0    6.4294e-03    6.1409e-03    4.6982e-02   -1.4661e-03
  219.0    5.7240e-03    6.1409e-03   -6.7895e-02    2.3485e-03
  222.0    5.2869e-03    6.1409e-03   -1.3908e-01   -1.5324e-02
  225.0    5.3025e-03    6.1409e-03   -1.3654e-01   -4.0664e-02
  228.0    5.3525e-03    6.1409e-03   -1.2838e-01   -2.4107e-02
  231.0    5.8246e-03    6.1409e-03   -5.1508e-02    6.0497e-02
  13    41  13.63   54.0    1.0    0.0   ----------------------------
  111.0    5.4977e-03    5.8228e-03   -5.5840e-02   -7.7534e-02
  114.0    6.1003e-03    5.8228e-03    4.7653e-02    5.1769e-03
  117.0    7.0041e-03    5.8228e-03    2.0287e-01    5.6571e-02
  120.0    7.4180e-03    5.8228e-03    2.7394e-01    5.8556e-02
  123.0    6.9721e-03    5.8228e-03    1.9736e-01    4.2650e-02
  126.0    6.1076e-03    5.8228e-03    4.8895e-02    2.0317e-02
  129.0    5.4745e-03    5.8228e-03   -5.9825e-02   -5.7716e-03
  132.0    5.2533e-03    5.8228e-03   -9.7811e-02   -1.5034e-02
  135.0    5.0054e-03    5.8228e-03   -1.4039e-01   -4.6673e-02
  138.0    4.7151e-03    5.8228e-03   -1.9024e-01   -4.1976e-02
  141.0    4.7733e-03    5.8228e-03   -1.8025e-01   -5.2205e-02
  144.0    5.6774e-03    5.8228e-03   -2.4981e-02   -2.8548e-02
  147.0    7.0318e-03    5.8228e-03    2.0762e-01   -1.2979e-04
  150.0    7.4697e-03    5.8228e-03    2.8283e-01    3.5857e-02
  153.0    6.7789e-03    5.8228e-03    1.6419e-01    2.5682e-02
  156.0    5.7398e-03    5.8228e-03   -1.4271e-02    1.0107e-02
  159.0    5.3375e-03    5.8228e-03   -8.3356e-02   -1.9692e-03
  162.0    5.5923e-03    5.8228e-03   -3.9585e-02    6.9814e-03
  165.0    5.6434e-03    5.8228e-03   -3.0821e-02   -2.0606e-02
  168.0    5.4057e-03    5.8228e-03   -7.1641e-02   -2.5322e-02
  171.0    5.2932e-03    5.8228e-03   -9.0963e-02   -1.3468e-02
  174.0    5.3404e-03    5.8228e-03   -8.2861e-02    8.2217e-03
  177.0    6.0119e-03    5.8228e-03    3.2472e-02    3.4279e-02
  180.0    6.5556e-03    5.8228e-03    1.2584e-01    4.6291e-02
  183.0    6.0114e-03    5.8228e-03    3.2387e-02    3.9056e-02
  186.0    5.3408e-03    5.8228e-03   -8.2788e-02   -1.3063e-02
  189.0    5.2929e-03    5.8228e-03   -9.1006e-02   -5.5839e-03
  192.0    5.4054e-03    5.8228e-03   -7.1689e-02    1.1133e-02
  195.0    5.6436e-03    5.8228e-03   -3.0776e-02    2.5480e-02
  198.0    5.5926e-03    5.8228e-03   -3.9539e-02   -7.9629e-03
  201.0    5.3377e-03    5.8228e-03   -8.3318e-02   -3.2604e-02
  204.0    5.7386e-03    5.8228e-03   -1.4477e-02   -5.0582e-02
  207.0    6.7772e-03    5.8228e-03    1.6390e-01   -3.7029e-02
  210.0    7.4684e-03    5.8228e-03    2.8260e-01    5.5596e-03
  213.0    7.0299e-03    5.8228e-03    2.0729e-01    4.0302e-02
  216.0    5.6763e-03    5.8228e-03   -2.5167e-02    2.5473e-02
  219.0    4.7726e-03    5.8228e-03   -1.8036e-01   -9.6613e-03
  222.0    4.7151e-03    5.8228e-03   -1.9024e-01   -1.8747e-02
  225.0    5.0058e-03    5.8228e-03   -1.4031e-01   -2.3360e-02
  228.0    5.2541e-03    5.8228e-03   -9.7681e-02   -3.8827e-03
  231.0    5.4754e-03    5.8228e-03   -5.9662e-02    3.4024e-02
  14    41  13.63   57.0    1.0    0.0   ----------------------------
  111.0    6.2921e-03    5.6705e-03    1.0964e-01    4.9504e-02
  114.0    5.8001e-03    5.6705e-03    2.2865e-02   -1.9227e-03
  117.0    5.7808e-03    5.6705e-03    1.9452e-02   -1.8234e-02
  120.0    5.9604e-03    5.6705e-03    5.1131e-02    2.1163e-03
  123.0    5.7913e-03    5.6705e-03    2.1307e-02    2.0171e-03
  126.0    5.7644e-03    5.6705e-03    1.6560e-02   -1.5184e-02
  129.0    6.3266e-03    5.6705e-03    1.1571e-01   -3.9644e-02
  132.0    6.2098e-03    5.6705e-03    9.5117e-02   -2.6469e-02
  135.0    5.3946e-03    5.6705e-03   -4.8645e-02   -1.0971e-02
  138.0    5.0731e-03    5.6705e-03   -1.0535e-01   -7.3808e-03
  141.0    5.0095e-03    5.6705e-03   -1.1656e-01   -3.7644e-02
  144.0    5.0196e-03    5.6705e-03   -1.1477e-01   -1.6183e-02
  147.0    5.7843e-03    5.6705e-03    2.0079e-02    1.3497e-02
  150.0    6.2241e-03    5.6705e-03    9.7644e-02    5.6186e-02
  153.0    5.6937e-03    5.6705e-03    4.0945e-03    4.6772e-02
  156.0    5.0089e-03    5.6705e-03   -1.1667e-01    1.5214e-02
  159.0    5.2708e-03    5.6705e-03   -7.0486e-02    2.5436e-02
  162.0    5.8599e-03    5.6705e-03    3.3407e-02    1.5196e-02
  165.0    6.1517e-03    5.6705e-03    8.4877e-02    4.0904e-02
  168.0    6.7109e-03    5.6705e-03    1.8348e-01    1.1048e-02
  171.0    6.3939e-03    5.6705e-03    1.2758e-01    8.5931e-03
  174.0    5.1848e-03    5.6705e-03   -8.5645e-02   -2.6763e-02
  177.0    4.7854e-03    5.6705e-03   -1.5609e-01   -2.8086e-02
  180.0    4.9025e-03    5.6705e-03   -1.3543e-01   -4.2992e-02
  183.0    4.7851e-03    5.6705e-03   -1.5614e-01   -3.1181e-02
  186.0    5.1853e-03    5.6705e-03   -8.5565e-02   -1.7250e-02
  189.0    6.3935e-03    5.6705e-03    1.2750e-01    1.3773e-02
  192.0    6.7115e-03    5.6705e-03    1.8359e-01    1.0038e-02
  195.0    6.1520e-03    5.6705e-03    8.4920e-02   -4.1567e-04
  198.0    5.8599e-03    5.6705e-03    3.3414e-02   -2.0845e-02
  201.0    5.2703e-03    5.6705e-03   -7.0577e-02    5.4863e-03
  204.0    5.0088e-03    5.6705e-03   -1.1669e-01    2.9192e-03
  207.0    5.6925e-03    5.6705e-03    3.8810e-03    2.1504e-02
  210.0    6.2223e-03    5.6705e-03    9.7312e-02    1.1891e-02
  213.0    5.7840e-03    5.6705e-03    2.0022e-02    1.5567e-02
  216.0    5.0190e-03    5.6705e-03   -1.1488e-01   -2.2154e-02
  219.0    5.0074e-03    5.6705e-03   -1.1693e-01   -1.3421e-02
  222.0    5.0723e-03    5.6705e-03   -1.0548e-01   -1.5756e-02
  225.0    5.3942e-03    5.6705e-03   -4.8721e-02    1.2266e-02
  228.0    6.2102e-03    5.6705e-03    9.5177e-02    3.5232e-03
  231.0    6.3275e-03    5.6705e-03    1.1587e-01    8.6552e-03
  15    41  13.63   60.0    1.0    0.0   ----------------------------
  111.0    6.1161e-03    5.6617e-03    8.0248e-02    8.2103e-02
  114.0    5.4981e-03    5.6617e-03   -2.8896e-02    5.4280e-03
  117.0    4.7072e-03    5.6617e-03   -1.6860e-01   -5.1579e-02
  120.0    4.4765e-03    5.6617e-03   -2.0934e-01   -7.1985e-02
  123.0    4.7047e-03    5.6617e-03   -1.6904e-01   -6.1908e-02
  126.0    5.5426e-03    5.6617e-03   -2.1043e-02   -2.5408e-02
  129.0    6.1104e-03    5.6617e-03    7.9244e-02   -5.7373e-03
  132.0    5.8459e-03    5.6617e-03    3.2536e-02    1.6919e-02
  135.0    5.7231e-03    5.6617e-03    1.0841e-02    4.0225e-02
  138.0    5.8394e-03    5.6617e-03    3.1380e-02    4.7135e-02
  141.0    5.5454e-03    5.6617e-03   -2.0551e-02    3.8838e-02
  144.0    5.1457e-03    5.6617e-03   -9.1149e-02    1.6332e-02
  147.0    5.4233e-03    5.6617e-03   -4.2103e-02    2.8530e-02
  150.0    5.9998e-03    5.6617e-03    5.9709e-02    8.9473e-03
  153.0    5.8644e-03    5.6617e-03    3.5797e-02   -3.2058e-03
  156.0    5.6206e-03    5.6617e-03   -7.2696e-03   -5.4877e-03
  159.0    6.2141e-03    5.6617e-03    9.7568e-02    2.5588e-02
  162.0    6.6659e-03    5.6617e-03    1.7736e-01    5.7749e-02
  165.0    6.3927e-03    5.6617e-03    1.2911e-01    3.3549e-02
  168.0    6.3032e-03    5.6617e-03    1.1330e-01    1.3210e-02
  171.0    6.0814e-03    5.6617e-03    7.4130e-02   -4.3389e-02
  174.0    5.1083e-03    5.6617e-03   -9.7751e-02   -6.1228e-02
  177.0    4.5004e-03    5.6617e-03   -2.0512e-01   -8.1454e-02
  180.0    4.2797e-03    5.6617e-03   -2.4409e-01   -8.2905e-02
  183.0    4.5000e-03    5.6617e-03   -2.0519e-01   -7.4316e-02
  186.0    5.1088e-03    5.6617e-03   -9.7655e-02   -4.5045e-02
  189.0    6.0815e-03    5.6617e-03    7.4138e-02   -9.1712e-03
  192.0    6.3041e-03    5.6617e-03    1.1346e-01    3.0589e-02
  195.0    6.3933e-03    5.6617e-03    1.2922e-01    5.7499e-02
  198.0    6.6662e-03    5.6617e-03    1.7741e-01    6.3142e-02
  201.0    6.2142e-03    5.6617e-03    9.7578e-02    3.3780e-02
  204.0    5.6208e-03    5.6617e-03   -7.2285e-03    1.5240e-02
  207.0    5.8630e-03    5.6617e-03    3.5546e-02    4.4832e-03
  210.0    6.0422e-03    5.6617e-03    6.7194e-02    1.5213e-02
  213.0    5.4231e-03    5.6617e-03   -4.2141e-02    6.9380e-03
  216.0    5.1457e-03    5.6617e-03   -9.1146e-02    4.5310e-03
  219.0    5.5437e-03    5.6617e-03   -2.0851e-02    1.1376e-02
  222.0    5.8379e-03    5.6617e-03    3.1117e-02    1.9487e-02
  225.0    5.7225e-03    5.6617e-03    1.0731e-02    4.5345e-03
  228.0    5.8455e-03    5.6617e-03    3.2455e-02   -2.1905e-02
  231.0    6.1096e-03    5.6617e-03    7.9099e-02   -3.6503e-02
  16    41  13.63   63.0    1.0    0.0   ----------------------------
  111.0    4.6986e-03    5.5693e-03   -1.5634e-01    3.4503e-02
  114.0    4.5338e-03    5.5693e-03   -1.8593e-01    2.7105e-03
  117.0    4.7135e-03    5.5693e-03   -1.5366e-01   -3.3497e-02
  120.0    4.9938e-03    5.5693e-03   -1.0333e-01   -1.1026e-02
  123.0    4.7698e-03    5.5693e-03   -1.4355e-01   -3.0871e-02
  126.0    4.5201e-03    5.5693e-03   -1.8839e-01   -2.6508e-02
  129.0    4.6641e-03    5.5693e-03   -1.6255e-01   -1.0978e-02
  132.0    5.0031e-03    5.5693e-03   -1.0168e-01    4.4921e-03
  135.0    6.4757e-03    5.5693e-03    1.6275e-01    3.0940e-02
  138.0    7.2435e-03    5.5693e-03    3.0061e-01    2.8810e-02
  141.0    6.0927e-03    5.5693e-03    9.3970e-02    4.8646e-02
  144.0    5.2271e-03    5.5693e-03   -6.1449e-02    1.7058e-02
  147.0    4.7634e-03    5.5693e-03   -1.4471e-01   -2.8525e-02
  150.0    4.7973e-03    5.5693e-03   -1.3861e-01   -5.3470e-02
  153.0    4.9958e-03    5.5693e-03   -1.0299e-01   -2.0044e-02
  156.0    6.2163e-03    5.5693e-03    1.1617e-01    2.9968e-02
  159.0    7.5543e-03    5.5693e-03    3.5642e-01    5.5871e-02
  162.0    8.2351e-03    5.5693e-03    4.7866e-01    6.6924e-02
  165.0    6.7801e-03    5.5693e-03    2.1740e-01    3.1940e-02
  168.0    5.1177e-03    5.5693e-03   -8.1098e-02    1.6563e-02
  171.0    4.7000e-03    5.5693e-03   -1.5609e-01   -2.2301e-02
  174.0    4.8753e-03    5.5693e-03   -1.2462e-01   -2.0118e-02
  177.0    4.9453e-03    5.5693e-03   -1.1205e-01   -4.6966e-02
  180.0    4.7373e-03    5.5693e-03   -1.4940e-01   -2.7549e-02
  183.0    4.9452e-03    5.5693e-03   -1.1206e-01   -5.2924e-02
  186.0    4.8757e-03    5.5693e-03   -1.2455e-01   -5.2781e-02
  189.0    4.7002e-03    5.5693e-03   -1.5606e-01   -5.8630e-02
  192.0    5.1175e-03    5.5693e-03   -8.1131e-02   -2.8886e-02
  195.0    6.7804e-03    5.5693e-03    2.1746e-01    2.8338e-02
  198.0    8.2359e-03    5.5693e-03    4.7879e-01    3.1307e-02
  201.0    7.5539e-03    5.5693e-03    3.5634e-01    2.4804e-02
  204.0    6.2161e-03    5.5693e-03    1.1614e-01   -5.7552e-03
  207.0    4.9956e-03    5.5693e-03   -1.0302e-01    3.2558e-03
  210.0    4.7968e-03    5.5693e-03   -1.3871e-01    1.0419e-02
  213.0    4.7624e-03    5.5693e-03   -1.4488e-01   -7.0099e-03
  216.0    5.2271e-03    5.5693e-03   -6.1446e-02    1.1499e-02
  219.0    6.0942e-03    5.5693e-03    9.4237e-02    5.0039e-02
  222.0    7.2450e-03    5.5693e-03    3.0088e-01    9.7487e-02
  225.0    6.4769e-03    5.5693e-03    1.6295e-01    6.3589e-02
  228.0    5.0027e-03    5.5693e-03   -1.0174e-01   -1.7767e-02
  231.0    4.6631e-03    5.5693e-03   -1.6272e-01   -1.3273e-01
  17    41  13.63   66.0    1.0    0.0   ----------------------------
  111.0    4.8393e-03    5.1330e-03   -5.7214e-02    4.5579e-03
  114.0    4.5212e-03    5.1330e-03   -1.1918e-01    1.2457e-02
  117.0    4.9063e-03    5.1330e-03   -4.4153e-02    2.0778e-02
  120.0    5.1502e-03    5.1330e-03    3.3603e-03   -2.6989e-02
  123.0    4.8913e-03    5.1330e-03   -4.7088e-02   -1.6422e-02
  126.0    4.4975e-03    5.1330e-03   -1.2380e-01   -2.2255e-02
  129.0    4.8794e-03    5.1330e-03   -4.9397e-02   -3.4049e-04
  132.0    4.7137e-03    5.1330e-03   -8.1681e-02   -4.6006e-03
  135.0    5.7276e-03    5.1330e-03    1.1584e-01   -1.8625e-02
  138.0    6.2818e-03    5.1330e-03    2.2382e-01    1.6186e-02
  141.0    5.5418e-03    5.1330e-03    7.9642e-02    4.8483e-02
  144.0    4.9684e-03    5.1330e-03   -3.2066e-02    4.6018e-02
  147.0    4.0723e-03    5.1330e-03   -2.0663e-01   -1.0630e-02
  150.0    3.2593e-03    5.1330e-03   -3.6503e-01   -6.2267e-02
  153.0    4.8810e-03    5.1330e-03   -4.9078e-02   -3.9014e-02
  156.0    6.7354e-03    5.1330e-03    3.1218e-01    1.7466e-02
  159.0    6.5224e-03    5.1330e-03    2.7068e-01    4.3599e-02
  162.0    6.3116e-03    5.1330e-03    2.2963e-01    2.9235e-02
  165.0    5.2793e-03    5.1330e-03    2.8504e-02    1.7990e-02
  168.0    4.2760e-03    5.1330e-03   -1.6695e-01    6.5581e-03
  171.0    4.7073e-03    5.1330e-03   -8.2920e-02   -2.2748e-04
  174.0    5.1099e-03    5.1330e-03   -4.4998e-03   -3.0330e-02
  177.0    5.1223e-03    5.1330e-03   -2.0720e-03   -4.2641e-02
  180.0    4.8708e-03    5.1330e-03   -5.1076e-02   -3.7304e-02
  183.0    5.1219e-03    5.1330e-03   -2.1572e-03   -1.5905e-02
  186.0    5.1102e-03    5.1330e-03   -4.4338e-03    6.6580e-03
  189.0    4.7074e-03    5.1330e-03   -8.2911e-02    1.2928e-02
  192.0    4.2760e-03    5.1330e-03   -1.6694e-01    1.4656e-02
  195.0    5.2798e-03    5.1330e-03    2.8607e-02    3.1378e-02
  198.0    6.3126e-03    5.1330e-03    2.2981e-01    2.2104e-02
  201.0    6.5226e-03    5.1330e-03    2.7072e-01    2.5796e-02
  204.0    6.7349e-03    5.1330e-03    3.1210e-01   -4.8175e-03
  207.0    4.8808e-03    5.1330e-03   -4.9128e-02   -4.9571e-03
  210.0    3.2588e-03    5.1330e-03   -3.6512e-01   -4.4038e-02
  213.0    4.0714e-03    5.1330e-03   -2.0680e-01   -3.1319e-02
  216.0    4.9665e-03    5.1330e-03   -3.2430e-02   -3.8567e-03
  219.0    5.5401e-03    5.1330e-03    7.9324e-02    2.1676e-02
  222.0    6.2825e-03    5.1330e-03    2.2395e-01    2.8755e-02
  225.0    5.7292e-03    5.1330e-03    1.1616e-01    6.5927e-04
  228.0    4.7137e-03    5.1330e-03   -8.1671e-02   -3.9210e-03
  231.0    4.8767e-03    5.1330e-03   -4.9915e-02   -7.5541e-03
  18    41  13.63   69.0    1.0    0.0   ----------------------------
  111.0    5.4230e-03    4.8270e-03    1.2348e-01    5.6681e-02
  114.0    5.2242e-03    4.8270e-03    8.2285e-02    1.2929e-02
  117.0    4.3560e-03    4.8270e-03   -9.7572e-02   -2.4320e-02
  120.0    3.9537e-03    4.8270e-03   -1.8091e-01   -4.7138e-02
  123.0    4.3566e-03    4.8270e-03   -9.7455e-02   -4.4052e-02
  126.0    5.2184e-03    4.8270e-03    8.1080e-02   -2.1100e-02
  129.0    5.5747e-03    4.8270e-03    1.5491e-01   -8.5998e-04
  132.0    4.6891e-03    4.8270e-03   -2.8571e-02    1.9854e-02
  135.0    5.1469e-03    4.8270e-03    6.6277e-02    1.2304e-02
  138.0    5.8331e-03    4.8270e-03    2.0843e-01    2.3902e-02
  141.0    5.0550e-03    4.8270e-03    4.7230e-02    4.2784e-02
  144.0    4.3840e-03    4.8270e-03   -9.1772e-02    2.1828e-02
  147.0    3.7437e-03    4.8270e-03   -2.2441e-01   -9.9606e-03
  150.0    3.3595e-03    4.8270e-03   -3.0402e-01   -5.5166e-02
  153.0    4.2669e-03    4.8270e-03   -1.1603e-01   -3.5335e-02
  156.0    5.5009e-03    4.8270e-03    1.3962e-01   -1.1701e-02
  159.0    5.2500e-03    4.8270e-03    8.7633e-02    1.9627e-02
  162.0    5.2587e-03    4.8270e-03    8.9431e-02    1.1072e-02
  165.0    5.1237e-03    4.8270e-03    6.1468e-02    5.2143e-03
  168.0    4.5262e-03    4.8270e-03   -6.2320e-02   -3.8574e-03
  171.0    5.2249e-03    4.8270e-03    8.2424e-02    3.5885e-02
  174.0    5.1205e-03    4.8270e-03    6.0796e-02    2.9935e-02
  177.0    4.5437e-03    4.8270e-03   -5.8692e-02    2.0826e-02
  180.0    4.1779e-03    4.8270e-03   -1.3446e-01   -1.7290e-02
  183.0    4.5440e-03    4.8270e-03   -5.8632e-02   -5.4064e-03
  186.0    5.1203e-03    4.8270e-03    6.0755e-02   -2.5175e-02
  189.0    5.2252e-03    4.8270e-03    8.2487e-02    2.6254e-04
  192.0    4.5264e-03    4.8270e-03   -6.2280e-02   -2.6269e-03
  195.0    5.1234e-03    4.8270e-03    6.1416e-02    2.5527e-02
  198.0    5.2586e-03    4.8270e-03    8.9412e-02    2.0110e-03
  201.0    5.2507e-03    4.8270e-03    8.7784e-02    1.3884e-02
  204.0    5.5015e-03    4.8270e-03    1.3973e-01    1.1968e-02
  207.0    4.2668e-03    4.8270e-03   -1.1605e-01   -2.0148e-02
  210.0    3.3585e-03    4.8270e-03   -3.0422e-01   -4.0176e-02
  213.0    3.7424e-03    4.8270e-03   -2.2470e-01   -4.6033e-02
  216.0    4.3825e-03    4.8270e-03   -9.2075e-02   -4.8067e-03
  219.0    5.0527e-03    4.8270e-03    4.6769e-02    2.1693e-02
  222.0    5.8329e-03    4.8270e-03    2.0840e-01   -5.3406e-04
  225.0    5.1468e-03    4.8270e-03    6.6258e-02    6.8596e-05
  228.0    4.6896e-03    4.8270e-03   -2.8473e-02   -3.2512e-03
  231.0    5.5732e-03    4.8270e-03    1.5459e-01    3.0212e-02
  19    41  13.63   72.0    1.0    0.0   ----------------------------
  111.0    5.7608e-03    4.8015e-03    1.9979e-01   -4.5857e-02
  114.0    5.7796e-03    4.8015e-03    2.0371e-01   -2.0811e-02
  117.0    4.7383e-03    4.8015e-03   -1.3153e-02   -1.8817e-04
  120.0    4.7612e-03    4.8015e-03   -8.3941e-03    3.2241e-02
  123.0    4.6917e-03    4.8015e-03   -2.2860e-02    3.7311e-02
  126.0    5.9123e-03    4.8015e-03    2.3134e-01    3.7041e-02
  129.0    5.7213e-03    4.8015e-03    1.9157e-01   -1.9961e-03
  132.0    5.0639e-03    4.8015e-03    5.4659e-02    2.6812e-02
  135.0    6.1447e-03    4.8015e-03    2.7974e-01    2.6184e-02
  138.0    6.8305e-03    4.8015e-03    4.2258e-01    1.1326e-02
  141.0    4.7001e-03    4.8015e-03   -2.1114e-02   -7.2880e-03
  144.0    2.9666e-03    4.8015e-03   -3.8215e-01   -9.4223e-03
  147.0    2.4260e-03    4.8015e-03   -4.9473e-01   -2.4928e-02
  150.0    2.6254e-03    4.8015e-03   -4.5320e-01   -9.1082e-02
  153.0    3.2558e-03    4.8015e-03   -3.2193e-01   -7.3257e-02
  156.0    3.6831e-03    4.8015e-03   -2.3293e-01   -2.0920e-02
  159.0    4.6909e-03    4.8015e-03   -2.3036e-02    6.5417e-02
  162.0    6.0699e-03    4.8015e-03    2.6417e-01    3.5777e-02
  165.0    5.9741e-03    4.8015e-03    2.4421e-01    4.3288e-02
  168.0    4.7714e-03    4.8015e-03   -6.2641e-03   -2.4941e-02
  171.0    4.8905e-03    4.8015e-03    1.8548e-02   -2.4014e-02
  174.0    5.1525e-03    4.8015e-03    7.3109e-02   -3.0105e-02
  177.0    4.8889e-03    4.8015e-03    1.8214e-02    2.7130e-04
  180.0    5.5123e-03    4.8015e-03    1.4804e-01    2.5675e-02
  183.0    4.8893e-03    4.8015e-03    1.8282e-02   -8.9069e-03
  186.0    5.1524e-03    4.8015e-03    7.3081e-02   -4.9613e-03
  189.0    4.8903e-03    4.8015e-03    1.8490e-02   -1.5606e-02
  192.0    4.7718e-03    4.8015e-03   -6.1853e-03    1.7231e-02
  195.0    5.9746e-03    4.8015e-03    2.4432e-01    5.1319e-02
  198.0    6.0694e-03    4.8015e-03    2.6406e-01    7.1924e-02
  201.0    4.6907e-03    4.8015e-03   -2.3078e-02    4.2410e-02
  204.0    3.6830e-03    4.8015e-03   -2.3295e-01    1.8820e-02
  207.0    3.2558e-03    4.8015e-03   -3.2191e-01   -7.5409e-02
  210.0    2.6255e-03    4.8015e-03   -4.5318e-01   -4.3317e-02
  213.0    2.4259e-03    4.8015e-03   -4.9476e-01   -6.4748e-02
  216.0    2.9666e-03    4.8015e-03   -3.8215e-01   -1.3447e-02
  219.0    4.6988e-03    4.8015e-03   -2.1392e-02    2.1007e-02
  222.0    6.8293e-03    4.8015e-03    4.2233e-01    4.6377e-02
  225.0    6.1439e-03    4.8015e-03    2.7958e-01    2.2611e-02
  228.0    5.0634e-03    4.8015e-03    5.4539e-02   -2.8860e-02
  231.0    5.7187e-03    4.8015e-03    1.9103e-01   -7.4749e-04

fitted parameters ( nfit =  0  nfollow =  0  )

   r-factora =    0.6725   r-factorb =    0.8675

    0     0.10    174.0    4.086           general vinner tdebye lattice
    1  0.00000  0.00000  0.61400  0.61400  layer spacing length units
    2  0.53100  0.35414  0.61356  0.61356  layer spacing length units
    3  0.53100  0.00000  0.61356  0.61356  layer spacing length units
    4  0.43100  0.00000  0.70705  0.70705  layer spacing length units
    5  0.65000  0.40822  0.70705  0.70705  layer spacing length units
    6  0.75000  0.40822  0.70705  0.70705  layer spacing length units
    7  0.57562  0.00000  0.70705  0.70705  layer spacing length units
                                           unit: lattice constant

   r-factora=sum((chic-chie)*(chic-chie))/(sum(chic*chic+chie*chie)
   r-factorb=sum(chic*chic-chie*chie)/sum(chic*chic+chie*chie)

This calculation took   11 processor minutes on    8 Linux Cluster
     starting on Fri Oct  9 01:04:56 2026
   and ending on Fri Oct  9 01:06:21 2026

